Archive member included because of file (symbol)

/share/Studienarbeit/projects/openbeacon/arm/bin/../lib/gcc/arm-elf/4.1.0/libgcc.a(_udivsi3.o)
                              ../core/os/core/ARM7_AT91SAM7/lib_AT91SAM7.o (__udivsi3)
/share/Studienarbeit/projects/openbeacon/arm/bin/../lib/gcc/arm-elf/4.1.0/libgcc.a(_dvmd_tls.o)
                              /share/Studienarbeit/projects/openbeacon/arm/bin/../lib/gcc/arm-elf/4.1.0/libgcc.a(_udivsi3.o) (__div0)
/share/Studienarbeit/projects/openbeacon/arm/bin/../lib/gcc/arm-elf/4.1.0/../../../../arm-elf/lib/libg.a(malloc.o)
                              ../core/os/core/MemMang/heap_3.o (free)
/share/Studienarbeit/projects/openbeacon/arm/bin/../lib/gcc/arm-elf/4.1.0/../../../../arm-elf/lib/libg.a(mallocr.o)
                              /share/Studienarbeit/projects/openbeacon/arm/bin/../lib/gcc/arm-elf/4.1.0/../../../../arm-elf/lib/libg.a(malloc.o) (_malloc_r)
/share/Studienarbeit/projects/openbeacon/arm/bin/../lib/gcc/arm-elf/4.1.0/../../../../arm-elf/lib/libg.a(memcpy.o)
                              ../core/openbeacon/env.o (memcpy)
/share/Studienarbeit/projects/openbeacon/arm/bin/../lib/gcc/arm-elf/4.1.0/../../../../arm-elf/lib/libg.a(memset.o)
                              application/main.o (memset)
/share/Studienarbeit/projects/openbeacon/arm/bin/../lib/gcc/arm-elf/4.1.0/../../../../arm-elf/lib/libg.a(mlock.o)
                              /share/Studienarbeit/projects/openbeacon/arm/bin/../lib/gcc/arm-elf/4.1.0/../../../../arm-elf/lib/libg.a(mallocr.o) (__malloc_lock)
/share/Studienarbeit/projects/openbeacon/arm/bin/../lib/gcc/arm-elf/4.1.0/../../../../arm-elf/lib/libg.a(sprintf.o)
                              application/usbshell.o (sprintf)
/share/Studienarbeit/projects/openbeacon/arm/bin/../lib/gcc/arm-elf/4.1.0/../../../../arm-elf/lib/libg.a(strlen.o)
                              application/usbshell.o (strlen)
/share/Studienarbeit/projects/openbeacon/arm/bin/../lib/gcc/arm-elf/4.1.0/../../../../arm-elf/lib/libg.a(strncpy.o)
                              ../core/os/core/tasks.o (strncpy)
/share/Studienarbeit/projects/openbeacon/arm/bin/../lib/gcc/arm-elf/4.1.0/../../../../arm-elf/lib/libg.a(vfprintf.o)
                              /share/Studienarbeit/projects/openbeacon/arm/bin/../lib/gcc/arm-elf/4.1.0/../../../../arm-elf/lib/libg.a(sprintf.o) (_vfprintf_r)
/share/Studienarbeit/projects/openbeacon/arm/bin/../lib/gcc/arm-elf/4.1.0/../../../../arm-elf/lib/libg.a(wcrtomb.o)
                              /share/Studienarbeit/projects/openbeacon/arm/bin/../lib/gcc/arm-elf/4.1.0/../../../../arm-elf/lib/libg.a(vfprintf.o) (_wcrtomb_r)
/share/Studienarbeit/projects/openbeacon/arm/bin/../lib/gcc/arm-elf/4.1.0/../../../../arm-elf/lib/libg.a(wcsrtombs.o)
                              /share/Studienarbeit/projects/openbeacon/arm/bin/../lib/gcc/arm-elf/4.1.0/../../../../arm-elf/lib/libg.a(vfprintf.o) (_wcsrtombs_r)
/share/Studienarbeit/projects/openbeacon/arm/bin/../lib/gcc/arm-elf/4.1.0/../../../../arm-elf/lib/libg.a(wctomb_r.o)
                              /share/Studienarbeit/projects/openbeacon/arm/bin/../lib/gcc/arm-elf/4.1.0/../../../../arm-elf/lib/libg.a(wcrtomb.o) (_wctomb_r)
/share/Studienarbeit/projects/openbeacon/arm/bin/../lib/gcc/arm-elf/4.1.0/../../../../arm-elf/lib/libg.a(wsetup.o)
                              /share/Studienarbeit/projects/openbeacon/arm/bin/../lib/gcc/arm-elf/4.1.0/../../../../arm-elf/lib/libg.a(vfprintf.o) (__swsetup)
/share/Studienarbeit/projects/openbeacon/arm/bin/../lib/gcc/arm-elf/4.1.0/../../../../arm-elf/lib/libg.a(dtoa.o)
                              /share/Studienarbeit/projects/openbeacon/arm/bin/../lib/gcc/arm-elf/4.1.0/../../../../arm-elf/lib/libg.a(vfprintf.o) (_dtoa_r)
/share/Studienarbeit/projects/openbeacon/arm/bin/../lib/gcc/arm-elf/4.1.0/../../../../arm-elf/lib/libg.a(fflush.o)
                              /share/Studienarbeit/projects/openbeacon/arm/bin/../lib/gcc/arm-elf/4.1.0/../../../../arm-elf/lib/libg.a(vfprintf.o) (fflush)
/share/Studienarbeit/projects/openbeacon/arm/bin/../lib/gcc/arm-elf/4.1.0/../../../../arm-elf/lib/libg.a(findfp.o)
                              /share/Studienarbeit/projects/openbeacon/arm/bin/../lib/gcc/arm-elf/4.1.0/../../../../arm-elf/lib/libg.a(vfprintf.o) (__sinit)
/share/Studienarbeit/projects/openbeacon/arm/bin/../lib/gcc/arm-elf/4.1.0/../../../../arm-elf/lib/libg.a(freer.o)
                              /share/Studienarbeit/projects/openbeacon/arm/bin/../lib/gcc/arm-elf/4.1.0/../../../../arm-elf/lib/libg.a(malloc.o) (_free_r)
/share/Studienarbeit/projects/openbeacon/arm/bin/../lib/gcc/arm-elf/4.1.0/../../../../arm-elf/lib/libg.a(fvwrite.o)
                              /share/Studienarbeit/projects/openbeacon/arm/bin/../lib/gcc/arm-elf/4.1.0/../../../../arm-elf/lib/libg.a(vfprintf.o) (__sfvwrite)
/share/Studienarbeit/projects/openbeacon/arm/bin/../lib/gcc/arm-elf/4.1.0/../../../../arm-elf/lib/libg.a(fwalk.o)
[...]
Memory Configuration

Name             Origin             Length             Attributes
flash            0x00100000         0x0000fc00
ram              0x00200000         0x00004000
*default*        0x00000000         0xffffffff

Linker script and memory map

LOAD application/main.o
LOAD application/usbshell.o
LOAD ../core//openbeacon/crc32.o
LOAD ../core//openbeacon/rnd.o
LOAD ../core/openbeacon/dbgu.o
LOAD ../core/openbeacon/syscalls.o
LOAD ../core/openbeacon/led.o
LOAD ../core/openbeacon/env.o
LOAD ../core/openbeacon/sort.o
LOAD ../core/openbeacon/nRF24L01/nRF_API.o
LOAD ../core/openbeacon/nRF24L01/nRF_CMD.o
LOAD ../core/os/boot/Cstartup_SAM7.o
LOAD ../core/os/core/ARM7_AT91SAM7/lib_AT91SAM7.o
LOAD ../core/os/core/list.o
LOAD ../core/os/core/queue.o
LOAD ../core/os/core/tasks.o
LOAD ../core/os/core/port.o
LOAD ../core/os/core/portISR.o
LOAD ../core/os/core/MemMang/heap_3.o
LOAD ../core/os/usb/USB-CDC.o
LOAD ../core/os/usb/USBIsr.o
LOAD /tmp/ccsQ9GWJ.o
LOAD /share/Studienarbeit/projects/openbeacon/arm/bin/../lib/gcc/arm-elf/4.1.0/../../../../arm-elf/lib/libm.a
START GROUP
LOAD /share/Studienarbeit/projects/openbeacon/arm/bin/../lib/gcc/arm-elf/4.1.0/libgcc.a
LOAD /share/Studienarbeit/projects/openbeacon/arm/bin/../lib/gcc/arm-elf/4.1.0/../../../../arm-elf/lib/libg.a
LOAD /share/Studienarbeit/projects/openbeacon/arm/bin/../lib/gcc/arm-elf/4.1.0/../../../../arm-elf/lib/libc.a
END GROUP
                0x00203ffc                __stack_end__ = 0x203ffc
                0x00000000                . = 0x0

startup         0x00100000       0x44
 *(.bootloader)
 *(.startup)
 .startup       0x00100000       0x44 /tmp/ccsQ9GWJ.o
                0x00100000                start

prog            0x00100044     0xb9e4
 *(.text)
 .text          0x00100044       0xd0 /tmp/ccsQ9GWJ.o
                0x001000f4                endless_loop
 .text          0x00100114      0x110 /share/Studienarbeit/projects/openbeacon/arm/bin/../lib/gcc/arm-elf/4.1.0/libgcc.a(_udivsi3.o)
                0x00100114                __udivsi3
                0x00100114                __aeabi_uidiv
                0x0010020c                __aeabi_uidivmod
 .text          0x00100224        0x4 /share/Studienarbeit/projects/openbeacon/arm/bin/../lib/gcc/arm-elf/4.1.0/libgcc.a(_dvmd_tls.o)
                0x00100224                __aeabi_ldiv0
                0x00100224                __div0
                0x00100224                __aeabi_idiv0
 .text          0x00100228       0x28 /share/Studienarbeit/projects/openbeacon/arm/bin/../lib/gcc/arm-elf/4.1.0/../../../../arm-elf/lib/libg.a(malloc.o)
                0x0010023c                malloc
                0x00100228                free
 .text          0x00100250      0x770 /share/Studienarbeit/projects/openbeacon/arm/bin/../lib/gcc/arm-elf/4.1.0/../../../../arm-elf/lib/libg.a(mallocr.o)
                0x00100250                _malloc_r
 .text          0x001009c0       0xa0 /share/Studienarbeit/projects/openbeacon/arm/bin/../lib/gcc/arm-elf/4.1.0/../../../../arm-elf/lib/libg.a(memcpy.o)
                0x001009c0                memcpy
 .text          0x00100a60       0x98 /share/Studienarbeit/projects/openbeacon/arm/bin/../lib/gcc/arm-elf/4.1.0/../../../../arm-elf/lib/libg.a(memset.o)
                0x00100a60                memset
 .text          0x00100af8        0x8 /share/Studienarbeit/projects/openbeacon/arm/bin/../lib/gcc/arm-elf/4.1.0/../../../../arm-elf/lib/libg.a(mlock.o)
                0x00100afc                __malloc_unlock
                0x00100af8                __malloc_lock
 .text          0x00100b00       0xdc /share/Studienarbeit/projects/openbeacon/arm/bin/../lib/gcc/arm-elf/4.1.0/../../../../arm-elf/lib/libg.a(sprintf.o)
                0x00100b74                _sprintf_r
                0x00100b00                sprintf
 .text          0x00100bdc       0x90 /share/Studienarbeit/projects/openbeacon/arm/bin/../lib/gcc/arm-elf/4.1.0/../../../../arm-elf/lib/libg.a(strlen.o)
                0x00100bdc                strlen
 .text          0x00100c6c      0x114 /share/Studienarbeit/projects/openbeacon/arm/bin/../lib/gcc/arm-elf/4.1.0/../../../../arm-elf/lib/libg.a(strncpy.o)
                0x00100c6c                strncpy
 .text          0x00100d80     0x1f88 /share/Studienarbeit/projects/openbeacon/arm/bin/../lib/gcc/arm-elf/4.1.0/../../../../arm-elf/lib/libg.a(vfprintf.o)
                0x00100dc0                _vfprintf_r
                0x00102cdc                vfprintf
 .text          0x00102d08       0x80 /share/Studienarbeit/projects/openbeacon/arm/bin/../lib/gcc/arm-elf/4.1.0/../../../../arm-elf/lib/libg.a(wcrtomb.o)
                0x00102d08                _wcrtomb_r
                0x00102d5c                wcrtomb
 .text          0x00102d88      0x178 /share/Studienarbeit/projects/openbeacon/arm/bin/../lib/gcc/arm-elf/4.1.0/../../../../arm-elf/lib/libg.a(wcsrtombs.o)
                0x00102d88                _wcsrtombs_r
                0x00102ec0                wcsrtombs
 .text          0x00102f00      0x420 /share/Studienarbeit/projects/openbeacon/arm/bin/../lib/gcc/arm-elf/4.1.0/../../../../arm-elf/lib/libg.a(wctomb_r.o)
                0x00102f00                _wctomb_r
 .text          0x00103320       0xfc /share/Studienarbeit/projects/openbeacon/arm/bin/../lib/gcc/arm-elf/4.1.0/../../../../arm-elf/lib/libg.a(wsetup.o)
                0x00103320                __swsetup
 .text          0x0010341c     0x164c /share/Studienarbeit/projects/openbeacon/arm/bin/../lib/gcc/arm-elf/4.1.0/../../../../arm-elf/lib/libg.a(dtoa.o)
                0x00103620                _dtoa_r
 .text          0x00104a68       0xe0 /share/Studienarbeit/projects/openbeacon/arm/bin/../lib/gcc/arm-elf/4.1.0/../../../../arm-elf/lib/libg.a(fflush.o)
                0x00104a68                fflush
 .text          0x00104b48      0x27c /share/Studienarbeit/projects/openbeacon/arm/bin/../lib/gcc/arm-elf/4.1.0/../../../../arm-elf/lib/libg.a(findfp.o)
                0x00104bb4                __sinit
                0x00104c88                __sfmoreglue
                0x00104c78                _cleanup
                0x00104c6c                _cleanup_r
                0x00104c54                __fp_lock_all
                0x00104ba4                __sfp_lock_acquire
                0x00104cd8                __sfp
                0x00104bb0                __sinit_lock_release
                0x00104c3c                __fp_unlock_all
                0x00104ba8                __sfp_lock_release
                0x00104bac                __sinit_lock_acquire
 .text          0x00104dc4      0x39c /share/Studienarbeit/projects/openbeacon/arm/bin/../lib/gcc/arm-elf/4.1.0/../../../../arm-elf/lib/libg.a(freer.o)
                0x00104ec0                _free_r
                0x00104dc4                _malloc_trim_r
 .text          0x00105160      0x3f8 /share/Studienarbeit/projects/openbeacon/arm/bin/../lib/gcc/arm-elf/4.1.0/../../../../arm-elf/lib/libg.a(fvwrite.o)
                0x00105160                __sfvwrite
 .text          0x00105558      0x10c /share/Studienarbeit/projects/openbeacon/arm/bin/../lib/gcc/arm-elf/4.1.0/../../../../arm-elf/lib/libg.a(fwalk.o)
                0x001055e0                _fwalk
                0x00105558                _fwalk_reent
 .text          0x00105664       0xac /share/Studienarbeit/projects/openbeacon/arm/bin/../lib/gcc/arm-elf/4.1.0/../../../../arm-elf/lib/libg.a(locale.o)
                0x00105690                _setlocale_r
                0x00105664                __locale_charset
                0x00105674                _localeconv_r
                0x001056f4                setlocale
                0x00105680                localeconv
 .text          0x00105710      0x154 /share/Studienarbeit/projects/openbeacon/arm/bin/../lib/gcc/arm-elf/4.1.0/../../../../arm-elf/lib/libg.a(makebuf.o)
                0x00105710                __smakebuf
 .text          0x00105864      0x104 /share/Studienarbeit/projects/openbeacon/arm/bin/../lib/gcc/arm-elf/4.1.0/../../../../arm-elf/lib/libg.a(memchr.o)
                0x00105864                memchr
 .text          0x00105968       0xfc /share/Studienarbeit/projects/openbeacon/arm/bin/../lib/gcc/arm-elf/4.1.0/../../../../arm-elf/lib/libg.a(memmove.o)
                0x00105968                memmove
 .text          0x00105a64      0xbb0 /share/Studienarbeit/projects/openbeacon/arm/bin/../lib/gcc/arm-elf/4.1.0/../../../../arm-elf/lib/libg.a(mprec.o)
                0x00105d58                _mprec_log10
                0x00105a80                _hi0bits
                0x00105da4                _Balloc
                0x00105e3c                _d2b
                0x00106198                _multiply
                0x00105ce0                _ratio
                0x00106534                _s2b
                0x00106358                _i2b
                0x00105ad8                _lo0bits
                0x00105b6c                __mcmp
                0x00106440                _pow5mult
                0x00105bcc                _ulp
                0x00105c2c                _b2d
                0x00106378                _multadd
                0x00105f70                __mdiff
                0x001060a4                _lshift
                0x00105a64                _Bfree
 .text          0x00106614      0x638 /share/Studienarbeit/projects/openbeacon/arm/bin/../lib/gcc/arm-elf/4.1.0/../../../../arm-elf/lib/libg.a(reallocr.o)
                0x00106614                _realloc_r
 .text          0x00106c4c       0x3c /share/Studienarbeit/projects/openbeacon/arm/bin/../lib/gcc/arm-elf/4.1.0/../../../../arm-elf/lib/libg.a(s_isinf.o)
                0x00106c4c                isinf
 .text          0x00106c88       0x30 /share/Studienarbeit/projects/openbeacon/arm/bin/../lib/gcc/arm-elf/4.1.0/../../../../arm-elf/lib/libg.a(s_isnan.o)
                0x00106c88                isnan
 .text          0x00106cb8      0x100 /share/Studienarbeit/projects/openbeacon/arm/bin/../lib/gcc/arm-elf/4.1.0/../../../../arm-elf/lib/libg.a(stdio.o)
                0x00106ccc                __sseek
                0x00106d74                __sread
                0x00106cb8                __sclose
                0x00106d14                __swrite
 .text          0x00106db8       0xd0 /share/Studienarbeit/projects/openbeacon/arm/bin/../lib/gcc/arm-elf/4.1.0/../../../../arm-elf/lib/libg.a(strcmp.o)
                0x00106db8                strcmp
 .text          0x00106e88      0x708 /share/Studienarbeit/projects/openbeacon/arm/bin/../lib/gcc/arm-elf/4.1.0/../../../../arm-elf/lib/libg.a(syscalls.o)
                0x00106eb8                _getpid
                0x00107014                initialise_monitor_handles
                0x00106ed4                isatty
                0x00106f68                _fstat
                0x0010746c                _open
                0x00106f14                _sbrk
                0x00106ed0                _raise
                0x001070d0                _times
                0x0010748c                _stat
                0x001074dc                _lseek
                0x00106ec0                _link
                0x001071e8                _swiwrite
                0x00106edc                _rename
                0x00107224                _swilseek
                0x0010719c                _swiclose
                0x00107338                _swiopen
                0x00106ec8                _unlink
                0x001073e0                _write
                0x00107154                _kill
                0x0010710c                _gettimeofday
                0x00107528                _read
                0x0010717c                _exit
                0x00106ef4                _system
                0x001074ec                _swiread
                0x0010745c                _close
 .text          0x00107590       0xa0 /share/Studienarbeit/projects/openbeacon/arm/bin/../lib/gcc/arm-elf/4.1.0/../../../../arm-elf/lib/libg.a(callocr.o)
                0x00107590                _calloc_r
 .text          0x00107630       0x10 /share/Studienarbeit/projects/openbeacon/arm/bin/../lib/gcc/arm-elf/4.1.0/../../../../arm-elf/lib/libg.a(errno.o)
                0x00107630                __errno
 .text          0x00107640      0x128 /share/Studienarbeit/projects/openbeacon/arm/bin/../lib/gcc/arm-elf/4.1.0/../../../../arm-elf/lib/libg.a(fclose.o)
                0x00107640                _fclose_r
                0x00107754                fclose
 .text          0x00107768      0x42c /share/Studienarbeit/projects/openbeacon/arm/bin/../lib/gcc/arm-elf/4.1.0/libgcc.a(_addsub_df.o)
                0x00107b40                __adddf3
                0x00107ae0                __subdf3
 .text          0x00107b94      0x390 /share/Studienarbeit/projects/openbeacon/arm/bin/../lib/gcc/arm-elf/4.1.0/libgcc.a(_mul_df.o)
                0x00107bdc                __muldf3
 .text          0x00107f24      0x258 /share/Studienarbeit/projects/openbeacon/arm/bin/../lib/gcc/arm-elf/4.1.0/libgcc.a(_div_df.o)
                0x00107f6c                __divdf3
 .text          0x0010817c       0x88 /share/Studienarbeit/projects/openbeacon/arm/bin/../lib/gcc/arm-elf/4.1.0/libgcc.a(_eq_df.o)
                0x00108190                __eqdf2
 .text          0x00108204       0x88 /share/Studienarbeit/projects/openbeacon/arm/bin/../lib/gcc/arm-elf/4.1.0/libgcc.a(_ne_df.o)
                0x00108218                __nedf2
 .text          0x0010828c       0x88 /share/Studienarbeit/projects/openbeacon/arm/bin/../lib/gcc/arm-elf/4.1.0/libgcc.a(_gt_df.o)
                0x001082a0                __gtdf2
 .text          0x00108314       0x88 /share/Studienarbeit/projects/openbeacon/arm/bin/../lib/gcc/arm-elf/4.1.0/libgcc.a(_ge_df.o)
                0x00108328                __gedf2
 .text          0x0010839c       0x88 /share/Studienarbeit/projects/openbeacon/arm/bin/../lib/gcc/arm-elf/4.1.0/libgcc.a(_lt_df.o)
                0x001083b0                __ltdf2
 .text          0x00108424       0xbc /share/Studienarbeit/projects/openbeacon/arm/bin/../lib/gcc/arm-elf/4.1.0/libgcc.a(_si_to_df.o)
                0x00108424                __floatsidf
 .text          0x001084e0       0xf8 /share/Studienarbeit/projects/openbeacon/arm/bin/../lib/gcc/arm-elf/4.1.0/libgcc.a(_df_to_si.o)
                0x0010851c                __fixdfsi
 .text          0x001085d8      0x330 /share/Studienarbeit/projects/openbeacon/arm/bin/../lib/gcc/arm-elf/4.1.0/libgcc.a(_pack_df.o)
                0x00108614                __pack_d
 .text          0x00108908      0x124 /share/Studienarbeit/projects/openbeacon/arm/bin/../lib/gcc/arm-elf/4.1.0/libgcc.a(_unpack_df.o)
                0x00108908                __unpack_d
 .text          0x00108a2c      0x180 /share/Studienarbeit/projects/openbeacon/arm/bin/../lib/gcc/arm-elf/4.1.0/libgcc.a(_fpcmp_parts_df.o)
                0x00108a68                __fpcmp_parts_d
 *(.text.*)
 .text.vApplicationIdleHook
                0x00108bac       0x14 application/main.o
                0x00108bac                vApplicationIdleHook
 .text.vResetEnv
                0x00108bc0       0x14 application/main.o
                0x00108bc0                vResetEnv
 .text.mainloop
                0x00108bd4       0x74 application/main.o
                0x00108bd4                mainloop
 .text.vUSBShellInit
                0x00108c48       0x38 application/usbshell.o
                0x00108c48                vUSBShellInit
 .text.printDebug
                0x00108c80       0x64 application/usbshell.o
                0x00108c80                printDebug
 .text.usbshell_task
                0x00108ce4       0xbc application/usbshell.o
 .text._close_r
                0x00108da0        0x8 ../core/openbeacon/syscalls.o
                0x00108da0                _close_r
 .text._lseek_r
                0x00108da8        0x8 ../core/openbeacon/syscalls.o
                0x00108da8                _lseek_r
 .text._fstat_r
                0x00108db0       0x10 ../core/openbeacon/syscalls.o
                0x00108db0                _fstat_r
 .text._sbrk_r  0x00108dc0       0x28 ../core/openbeacon/syscalls.o
                0x00108dc0                _sbrk_r
 .text.my_putc  0x00108de8        0x8 ../core/openbeacon/syscalls.o
 .text._write_r
                0x00108df0       0x60 ../core/openbeacon/syscalls.o
                0x00108df0                _write_r
 .text._read_r  0x00108e50       0x64 ../core/openbeacon/syscalls.o
                0x00108e50                _read_r
 .text.led_init
                0x00108eb4       0x18 ../core/openbeacon/led.o
                0x00108eb4                led_init
 .text.led_set_green
                0x00108ecc       0x20 ../core/openbeacon/led.o
                0x00108ecc                led_set_green
 .text.env_crc16
                0x00108eec       0x78 ../core/openbeacon/env.o
                0x00108eec                env_crc16
 .text.env_init
                0x00108f64       0x14 ../core/openbeacon/env.o
                0x00108f64                env_init
 .text.env_load
                0x00108f78       0xc8 ../core/openbeacon/env.o
                0x00108f78                env_load
 .text.AT91F_LowLevelInit
                0x00109040       0x98 ../core/os/boot/Cstartup_SAM7.o
                0x00109040                AT91F_LowLevelInit
 .text.AT91F_AIC_ConfigureIt
                0x001090d8       0x38 ../core/os/core/ARM7_AT91SAM7/lib_AT91SAM7.o
                0x001090d8                AT91F_AIC_ConfigureIt
 .text.vListInitialise
                0x00109110       0x24 ../core/os/core/list.o
                0x00109110                vListInitialise
 .text.vListInitialiseItem
                0x00109134        0xc ../core/os/core/list.o
                0x00109134                vListInitialiseItem
 .text.vListInsertEnd
                0x00109140       0x34 ../core/os/core/list.o
                0x00109140                vListInsertEnd
 .text.vListInsert
                0x00109174       0x64 ../core/os/core/list.o
                0x00109174                vListInsert
 .text.vListRemove
                0x001091d8       0x3c ../core/os/core/list.o
                0x001091d8                vListRemove
 .text.uxQueueMessagesWaiting
                0x00109214       0x1c ../core/os/core/queue.o
                0x00109214                uxQueueMessagesWaiting
 .text.prvCopyDataFromQueue
                0x00109230       0x48 ../core/os/core/queue.o
 .text.prvCopyDataToQueue
                0x00109278       0x9c ../core/os/core/queue.o
 .text.xQueueGenericSendFromISR
                0x00109314       0x7c ../core/os/core/queue.o
                0x00109314                xQueueGenericSendFromISR
 .text.prvUnlockQueue
                0x00109390       0xfc ../core/os/core/queue.o
 .text.xQueueGenericReceive
                0x0010948c      0x198 ../core/os/core/queue.o
                0x0010948c                xQueueGenericReceive
 .text.xQueueGenericSend
                0x00109624      0x168 ../core/os/core/queue.o
                0x00109624                xQueueGenericSend
 .text.xQueueCreate
                0x0010978c       0xa4 ../core/os/core/queue.o
                0x0010978c                xQueueCreate
 .text.vTaskSwitchContext
                0x00109830       0xa4 ../core/os/core/tasks.o
                0x00109830                vTaskSwitchContext
 .text.vTaskSetTimeOutState
                0x001098d4       0x20 ../core/os/core/tasks.o
                0x001098d4                vTaskSetTimeOutState
 .text.vTaskMissedYield
                0x001098f4       0x14 ../core/os/core/tasks.o
                0x001098f4                vTaskMissedYield
 .text.xTaskCheckForTimeOut
                0x00109908       0xc0 ../core/os/core/tasks.o
                0x00109908                xTaskCheckForTimeOut
 .text.vTaskSuspendAll
                0x001099c8       0x24 ../core/os/core/tasks.o
                0x001099c8                vTaskSuspendAll
 .text.xTaskRemoveFromEventList
                0x001099ec       0xa4 ../core/os/core/tasks.o
                0x001099ec                xTaskRemoveFromEventList
 .text.vTaskIncrementTick
                0x00109a90      0x16c ../core/os/core/tasks.o
                0x00109a90                vTaskIncrementTick
 .text.vTaskPlaceOnEventList
                0x00109bfc       0x8c ../core/os/core/tasks.o
                0x00109bfc                vTaskPlaceOnEventList
 .text.xTaskCreate
                0x00109c88      0x23c ../core/os/core/tasks.o
                0x00109c88                xTaskCreate
 .text.vTaskStartScheduler
                0x00109ec4       0x78 ../core/os/core/tasks.o
                0x00109ec4                vTaskStartScheduler
 .text.xTaskResumeAll
                0x00109f3c      0x284 ../core/os/core/tasks.o
                0x00109f3c                xTaskResumeAll
 .text.prvIdleTask
                0x0010a1c0       0xbc ../core/os/core/tasks.o
 .text.vTaskDelay
                0x0010a27c       0xa4 ../core/os/core/tasks.o
                0x0010a27c                vTaskDelay
 .text.pxPortInitialiseStack
                0x0010a320      0x1c0 ../core/os/core/port.o
                0x0010a320                pxPortInitialiseStack
 .text.xPortStartScheduler
                0x0010a4e0       0x48 ../core/os/core/port.o
                0x0010a4e0                xPortStartScheduler
 .text.vPortISRStartFirstTask
                0x0010a528       0x54 ../core/os/core/portISR.o
                0x0010a528                vPortISRStartFirstTask
 .text.vPortEnterCritical
                0x0010a57c       0x2c ../core/os/core/portISR.o
                0x0010a57c                vPortEnterCritical
 .text.vPortExitCritical
                0x0010a5a8       0x44 ../core/os/core/portISR.o
                0x0010a5a8                vPortExitCritical
 .text.vPreemptiveTick
                0x0010a5ec       0xbc ../core/os/core/portISR.o
                0x0010a5ec                vPreemptiveTick
 .text.swi_handler
                0x0010a6a8       0xac ../core/os/core/portISR.o
                0x0010a6a8                swi_handler
 .text.vPortFree
                0x0010a754       0x20 ../core/os/core/MemMang/heap_3.o
                0x0010a754                vPortFree
 .text.pvPortMalloc
                0x0010a774       0x24 ../core/os/core/MemMang/heap_3.o
                0x0010a774                pvPortMalloc
 .text.vDetachUSBInterface
                0x0010a798       0x18 ../core/os/usb/USB-CDC.o
                0x0010a798                vDetachUSBInterface
 .text.vUSBRecvByte
                0x0010a7b0       0x88 ../core/os/usb/USB-CDC.o
                0x0010a7b0                vUSBRecvByte
 .text.usb_send_buffer_zero_copy
                0x0010a838       0x40 ../core/os/usb/USB-CDC.o
                0x0010a838                usb_send_buffer_zero_copy
 .text.vUSBSendByte
                0x0010a878       0x38 ../core/os/usb/USB-CDC.o
                0x0010a878                vUSBSendByte
 .text.prvSendStall
                0x0010a8b0       0x24 ../core/os/usb/USB-CDC.o
 .text.prvSendZLP
                0x0010a8d4       0x5c ../core/os/usb/USB-CDC.o
 .text.prvSendNextSegment
                0x0010a930       0xf8 ../core/os/usb/USB-CDC.o
 .text.prvSendControlData
                0x0010aa28       0x78 ../core/os/usb/USB-CDC.o
 .text.vUSBCDCTask
                0x0010aaa0      0x9c4 ../core/os/usb/USB-CDC.o
                0x0010aaa0                vUSBCDCTask
 .text.vUSB_ISR_Handler
                0x0010b464      0x1a4 ../core/os/usb/USBIsr.o
                0x0010b464                vUSB_ISR_Handler
 .text.vUSB_ISR_Wrapper
                0x0010b608       0xa8 ../core/os/usb/USBIsr.o
                0x0010b608                vUSB_ISR_Wrapper
 *(.rodata)
 .rodata        0x0010b6b0       0x20 /share/Studienarbeit/projects/openbeacon/arm/bin/../lib/gcc/arm-elf/4.1.0/../../../../arm-elf/lib/libg.a(vfprintf.o)
 .rodata        0x0010b6d0        0x4 /share/Studienarbeit/projects/openbeacon/arm/bin/../lib/gcc/arm-elf/4.1.0/../../../../arm-elf/lib/libg.a(impure.o)
                0x0010b6d0                _global_impure_ptr
 .rodata        0x0010b6d4       0x34 /share/Studienarbeit/projects/openbeacon/arm/bin/../lib/gcc/arm-elf/4.1.0/../../../../arm-elf/lib/libg.a(locale.o)
 .rodata        0x0010b708      0x124 /share/Studienarbeit/projects/openbeacon/arm/bin/../lib/gcc/arm-elf/4.1.0/../../../../arm-elf/lib/libg.a(mprec.o)
                0x0010b7f8                __mprec_tinytens
                0x0010b708                __mprec_tens
                0x0010b7d0                __mprec_bigtens
 .rodata        0x0010b82c       0x14 /share/Studienarbeit/projects/openbeacon/arm/bin/../lib/gcc/arm-elf/4.1.0/libgcc.a(_thenan_df.o)
                0x0010b82c                __thenan_df
 *(.rodata*)
 .rodata.str1.4
                0x0010b840        0x4 application/main.o
 .rodata.str1.4
                0x0010b844       0x2a application/usbshell.o
                                 0x2c (size before relaxing)
 *fill*         0x0010b86e        0x2 00
 .rodata.str1.4
                0x0010b870        0x5 ../core/os/core/tasks.o
                                  0x8 (size before relaxing)
 .rodata.pxLanguageStringDescriptor
                0x0010b875        0x4 ../core/os/usb/USB-CDC.o
                0x0010b875                pxLanguageStringDescriptor
 .rodata.pxManufacturerStringDescriptor
                0x0010b879       0x1c ../core/os/usb/USB-CDC.o
                0x0010b879                pxManufacturerStringDescriptor
 .rodata.pxProductStringDescriptor
                0x0010b895       0x2c ../core/os/usb/USB-CDC.o
                0x0010b895                pxProductStringDescriptor
 .rodata.pxConfigDescriptor1
                0x0010b8c1       0x43 ../core/os/usb/USB-CDC.o
                0x0010b8c1                pxConfigDescriptor1
 .rodata.pxConfigDescriptor2
                0x0010b904       0x43 ../core/os/usb/USB-CDC.o
                0x0010b904                pxConfigDescriptor2
 *fill*         0x0010b947        0x1 00
 .rodata.pxConfigDescriptorSizes
                0x0010b948        0x8 ../core/os/usb/USB-CDC.o
                0x0010b948                pxConfigDescriptorSizes
 .rodata.pxDeviceDescriptor
                0x0010b950       0x12 ../core/os/usb/USB-CDC.o
                0x0010b950                pxDeviceDescriptor
 *fill*         0x0010b962        0x2 00
 .rodata.C.25.4299
                0x0010b964       0x14 ../core/os/usb/USB-CDC.o
 .rodata.pxLineCoding
                0x0010b978        0x7 ../core/os/usb/USB-CDC.o
 *fill*         0x0010b97f        0x1 00
 .rodata.str1.4
                0x0010b980       0x63 /share/Studienarbeit/projects/openbeacon/arm/bin/../lib/gcc/arm-elf/4.1.0/../../../../arm-elf/lib/libg.a(vfprintf.o)
                                 0x64 (size before relaxing)
 *fill*         0x0010b9e3        0x1 00
 .rodata.str1.4
                0x0010b9e4       0x1e /share/Studienarbeit/projects/openbeacon/arm/bin/../lib/gcc/arm-elf/4.1.0/../../../../arm-elf/lib/libg.a(wctomb_r.o)
                                 0x20 (size before relaxing)
 *fill*         0x0010ba02        0x2 00
 .rodata.str1.4
                0x0010ba04       0x10 /share/Studienarbeit/projects/openbeacon/arm/bin/../lib/gcc/arm-elf/4.1.0/../../../../arm-elf/lib/libg.a(dtoa.o)
                                 0x14 (size before relaxing)
 .rodata.str1.4
                0x0010ba14        0x2 /share/Studienarbeit/projects/openbeacon/arm/bin/../lib/gcc/arm-elf/4.1.0/../../../../arm-elf/lib/libg.a(impure.o)
                                  0x4 (size before relaxing)
 *fill*         0x0010ba16        0x2 00
 .rodata.str1.4
                0x0010ba18        0xb /share/Studienarbeit/projects/openbeacon/arm/bin/../lib/gcc/arm-elf/4.1.0/../../../../arm-elf/lib/libg.a(locale.o)
                                 0x18 (size before relaxing)
 *fill*         0x0010ba23        0x1 00
 .rodata.str1.4
                0x0010ba24        0x4 /share/Studienarbeit/projects/openbeacon/arm/bin/../lib/gcc/arm-elf/4.1.0/../../../../arm-elf/lib/libg.a(syscalls.o)
 *(.glue_7)
 *(.glue_7t)
                0x0010ba28                __end_of_text__ = .

.data           0x00200000      0x830 load address 0x0010ba28
                0x00200000                __data_beg__ = .
                0x0010ba28                __data_beg_src__ = __end_of_text__
 *(.data)
 .data          0x00200000      0x410 /share/Studienarbeit/projects/openbeacon/arm/bin/../lib/gcc/arm-elf/4.1.0/../../../../arm-elf/lib/libg.a(mallocr.o)
                0x0020040c                __malloc_sbrk_base
                0x00200000                __malloc_av_
                0x00200408                __malloc_trim_threshold
 .data          0x00200410      0x404 /share/Studienarbeit/projects/openbeacon/arm/bin/../lib/gcc/arm-elf/4.1.0/../../../../arm-elf/lib/libg.a(impure.o)
                0x00200410                _impure_ptr
 .data          0x00200814       0x10 /share/Studienarbeit/projects/openbeacon/arm/bin/../lib/gcc/arm-elf/4.1.0/../../../../arm-elf/lib/libg.a(locale.o)
                0x00200814                __mb_cur_max
                0x00200818                __lc_ctype
 *(.data.*)
 .data.ulCriticalNesting
                0x00200824        0x4 ../core/os/core/portISR.o
                0x00200824                ulCriticalNesting
 .data.pxConfigDescriptorList
                0x00200828        0x8 ../core/os/usb/USB-CDC.o
                0x00200828                pxConfigDescriptorList
 *(.ramfunc)
                0x00200830                __data_end__ = .

.bss            0x00200830      0x9c0
                0x00200830                __bss_beg__ = .
 *(.bss)
 .bss           0x00200830       0x34 /share/Studienarbeit/projects/openbeacon/arm/bin/../lib/gcc/arm-elf/4.1.0/../../../../arm-elf/lib/libg.a(mallocr.o)
                0x00200830                __malloc_top_pad
                0x00200834                __malloc_max_sbrked_mem
                0x0020083c                __malloc_current_mallinfo
                0x00200838                __malloc_max_total_mem
 .bss           0x00200864       0xb0 /share/Studienarbeit/projects/openbeacon/arm/bin/../lib/gcc/arm-elf/4.1.0/../../../../arm-elf/lib/libg.a(syscalls.o)
 *(.bss.*)
 .bss.heap_ptr  0x00200914        0x4 ../core/openbeacon/syscalls.o
 .bss.pxCurrentTCB
                0x00200918        0x4 ../core/os/core/tasks.o
                0x00200918                pxCurrentTCB
 .bss.xMissedYield
                0x0020091c        0x4 ../core/os/core/tasks.o
 .bss.xNumOfOverflows
                0x00200920        0x4 ../core/os/core/tasks.o
 .bss.xTickCount
                0x00200924        0x4 ../core/os/core/tasks.o
 .bss.uxSchedulerSuspended
                0x00200928        0x4 ../core/os/core/tasks.o
 .bss.uxTopReadyPriority
                0x0020092c        0x4 ../core/os/core/tasks.o
 .bss.uxMissedTicks
                0x00200930        0x4 ../core/os/core/tasks.o
 .bss.uxCurrentNumberOfTasks
                0x00200934        0x4 ../core/os/core/tasks.o
 .bss.xSchedulerRunning
                0x00200938        0x4 ../core/os/core/tasks.o
 .bss.uxTasksDeleted
                0x0020093c        0x4 ../core/os/core/tasks.o
 .bss.uxTopUsedPriority
                0x00200940        0x4 ../core/os/core/tasks.o
 .bss.pxReadyTasksLists
                0x00200944       0x64 ../core/os/core/tasks.o
 .bss.xDelayedTaskList1
                0x002009a8       0x14 ../core/os/core/tasks.o
 .bss.xDelayedTaskList2
                0x002009bc       0x14 ../core/os/core/tasks.o
 .bss.pxDelayedTaskList
                0x002009d0        0x4 ../core/os/core/tasks.o
 .bss.pxOverflowDelayedTaskList
                0x002009d4        0x4 ../core/os/core/tasks.o
 .bss.xPendingReadyList
                0x002009d8       0x14 ../core/os/core/tasks.o
 .bss.xTasksWaitingTermination
                0x002009ec       0x14 ../core/os/core/tasks.o
 .bss.xSuspendedTaskList
                0x00200a00       0x14 ../core/os/core/tasks.o
 .bss.ucUSBConfig
                0x00200a14        0x1 ../core/os/usb/USB-CDC.o
 *fill*         0x00200a15        0x3 00
 .bss.eDriverState
                0x00200a18        0x4 ../core/os/usb/USB-CDC.o
 .bss.ulReceivedAddress
                0x00200a1c        0x4 ../core/os/usb/USB-CDC.o
 .bss.xRequest.4456
                0x00200a20        0x8 ../core/os/usb/USB-CDC.o
 .bss.pxControlTx
                0x00200a28       0x88 ../core/os/usb/USB-CDC.o
 .bss.pxControlRx
                0x00200ab0       0x88 ../core/os/usb/USB-CDC.o
 .bss.xRxCDC    0x00200b38        0x4 ../core/os/usb/USB-CDC.o
 .bss.xTxCDC    0x00200b3c        0x4 ../core/os/usb/USB-CDC.o
 .bss.usb_zcopy_tx_queue
                0x00200b40        0x4 ../core/os/usb/USB-CDC.o
 .bss.ucControlState
                0x00200b44        0x1 ../core/os/usb/USB-CDC.o
 *fill*         0x00200b45        0x3 00
 .bss.uiCurrentBank
                0x00200b48        0x4 ../core/os/usb/USB-CDC.o
 .bss.ulNextMessage.3416
                0x00200b4c        0x4 ../core/os/usb/USBIsr.o
 .bss.xISRMessages
                0x00200b50       0x40 ../core/os/usb/USBIsr.o
 COMMON         0x00200b90      0x5dc application/usbshell.o
                0x00200b90                packet
 COMMON         0x0020116c       0x80 ../core/openbeacon/env.o
                0x0020116c                env
 COMMON         0x002011ec        0x4 ../core/os/usb/USB-CDC.o
                0x002011ec                xUSBInterruptQueue
                0x002011f0                . = ALIGN (0x4)
                0x002011f0                . = ALIGN (0x4)
                0x002011f0                _end = .
                0x002011f0                _bss_end__ = .
                0x002011f0                __bss_end__ = .
                0x002011f0                __end__ = .
                0x002011f0                PROVIDE (end, .)
OUTPUT(openbeacon-debug.elf elf32-littlearm)

.debug_abbrev   0x00000000     0x66a3
 .debug_abbrev  0x00000000      0x196 application/main.o
 .debug_abbrev  0x00000196      0x110 application/usbshell.o
 .debug_abbrev  0x000002a6       0xaa ../core//openbeacon/crc32.o
 .debug_abbrev  0x00000350       0x7f ../core//openbeacon/rnd.o
 .debug_abbrev  0x000003cf      0x136 ../core/openbeacon/dbgu.o
 .debug_abbrev  0x00000505      0x23a ../core/openbeacon/syscalls.o
 .debug_abbrev  0x0000073f      0x181 ../core/openbeacon/led.o
 .debug_abbrev  0x000008c0      0x25e ../core/openbeacon/env.o
 .debug_abbrev  0x00000b1e       0x9e ../core/openbeacon/sort.o
 .debug_abbrev  0x00000bbc      0x16e ../core/openbeacon/nRF24L01/nRF_API.o
 .debug_abbrev  0x00000d2a      0x2c3 ../core/openbeacon/nRF24L01/nRF_CMD.o
 .debug_abbrev  0x00000fed       0x8a ../core/os/boot/Cstartup_SAM7.o
 .debug_abbrev  0x00001077      0x2b6 ../core/os/core/ARM7_AT91SAM7/lib_AT91SAM7.o
 .debug_abbrev  0x0000132d       0xc9 ../core/os/core/list.o
 .debug_abbrev  0x000013f6      0x194 ../core/os/core/queue.o
 .debug_abbrev  0x0000158a      0x267 ../core/os/core/tasks.o
 .debug_abbrev  0x000017f1      0x116 ../core/os/core/port.o
 .debug_abbrev  0x00001907       0x72 ../core/os/core/portISR.o
 .debug_abbrev  0x00001979       0x93 ../core/os/core/MemMang/heap_3.o
 .debug_abbrev  0x00001a0c      0x300 ../core/os/usb/USB-CDC.o
 .debug_abbrev  0x00001d0c       0xda ../core/os/usb/USBIsr.o
 .debug_abbrev  0x00001de6       0x10 /tmp/ccsQ9GWJ.o
 .debug_abbrev  0x00001df6       0x14 /share/Studienarbeit/projects/openbeacon/arm/bin/../lib/gcc/arm-elf/4.1.0/libgcc.a(_udivsi3.o)
 .debug_abbrev  0x00001e0a       0x14 /share/Studienarbeit/projects/openbeacon/arm/bin/../lib/gcc/arm-elf/4.1.0/libgcc.a(_dvmd_tls.o)
 .debug_abbrev  0x00001e1e      0x187 /share/Studienarbeit/projects/openbeacon/arm/bin/../lib/gcc/arm-elf/4.1.0/../../../../arm-elf/lib/libg.a(malloc.o)
 .debug_abbrev  0x00001fa5      0x225 /share/Studienarbeit/projects/openbeacon/arm/bin/../lib/gcc/arm-elf/4.1.0/../../../../arm-elf/lib/libg.a(mallocr.o)
 .debug_abbrev  0x000021ca       0xa6 /share/Studienarbeit/projects/openbeacon/arm/bin/../lib/gcc/arm-elf/4.1.0/../../../../arm-elf/lib/libg.a(memcpy.o)
 .debug_abbrev  0x00002270       0xa9 /share/Studienarbeit/projects/openbeacon/arm/bin/../lib/gcc/arm-elf/4.1.0/../../../../arm-elf/lib/libg.a(memset.o)
 .debug_abbrev  0x00002319      0x16a /share/Studienarbeit/projects/openbeacon/arm/bin/../lib/gcc/arm-elf/4.1.0/../../../../arm-elf/lib/libg.a(mlock.o)
 .debug_abbrev  0x00002483      0x1af /share/Studienarbeit/projects/openbeacon/arm/bin/../lib/gcc/arm-elf/4.1.0/../../../../arm-elf/lib/libg.a(sprintf.o)
 .debug_abbrev  0x00002632       0x8b /share/Studienarbeit/projects/openbeacon/arm/bin/../lib/gcc/arm-elf/4.1.0/../../../../arm-elf/lib/libg.a(strlen.o)
 .debug_abbrev  0x000026bd       0x8d /share/Studienarbeit/projects/openbeacon/arm/bin/../lib/gcc/arm-elf/4.1.0/../../../../arm-elf/lib/libg.a(strncpy.o)
 .debug_abbrev  0x0000274a      0x367 /share/Studienarbeit/projects/openbeacon/arm/bin/../lib/gcc/arm-elf/4.1.0/../../../../arm-elf/lib/libg.a(vfprintf.o)
 .debug_abbrev  0x00002ab1      0x18e /share/Studienarbeit/projects/openbeacon/arm/bin/../lib/gcc/arm-elf/4.1.0/../../../../arm-elf/lib/libg.a(wcrtomb.o)
 .debug_abbrev  0x00002c3f      0x1a4 /share/Studienarbeit/projects/openbeacon/arm/bin/../lib/gcc/arm-elf/4.1.0/../../../../arm-elf/lib/libg.a(wcsrtombs.o)
 .debug_abbrev  0x00002de3      0x1ab /share/Studienarbeit/projects/openbeacon/arm/bin/../lib/gcc/arm-elf/4.1.0/../../../../arm-elf/lib/libg.a(wctomb_r.o)
 .debug_abbrev  0x00002f8e      0x170 /share/Studienarbeit/projects/openbeacon/arm/bin/../lib/gcc/arm-elf/4.1.0/../../../../arm-elf/lib/libg.a(wsetup.o)
 .debug_abbrev  0x000030fe      0x223 /share/Studienarbeit/projects/openbeacon/arm/bin/../lib/gcc/arm-elf/4.1.0/../../../../arm-elf/lib/libg.a(dtoa.o)
 .debug_abbrev  0x00003321      0x17f /share/Studienarbeit/projects/openbeacon/arm/bin/../lib/gcc/arm-elf/4.1.0/../../../../arm-elf/lib/libg.a(fflush.o)
 .debug_abbrev  0x000034a0      0x24c /share/Studienarbeit/projects/openbeacon/arm/bin/../lib/gcc/arm-elf/4.1.0/../../../../arm-elf/lib/libg.a(findfp.o)
 .debug_abbrev  0x000036ec      0x1e8 /share/Studienarbeit/projects/openbeacon/arm/bin/../lib/gcc/arm-elf/4.1.0/../../../../arm-elf/lib/libg.a(freer.o)
 .debug_abbrev  0x000038d4      0x1b4 /share/Studienarbeit/projects/openbeacon/arm/bin/../lib/gcc/arm-elf/4.1.0/../../../../arm-elf/lib/libg.a(fvwrite.o)
 .debug_abbrev  0x00003a88      0x1ee /share/Studienarbeit/projects/openbeacon/arm/bin/../lib/gcc/arm-elf/4.1.0/../../../../arm-elf/lib/libg.a(fwalk.o)
 .debug_abbrev  0x00003c76      0x157 /share/Studienarbeit/projects/openbeacon/arm/bin/../lib/gcc/arm-elf/4.1.0/../../../../arm-elf/lib/libg.a(impure.o)
 .debug_abbrev  0x00003dcd      0x1de /share/Studienarbeit/projects/openbeacon/arm/bin/../lib/gcc/arm-elf/4.1.0/../../../../arm-elf/lib/libg.a(locale.o)
 .debug_abbrev  0x00003fab      0x1a8 /share/Studienarbeit/projects/openbeacon/arm/bin/../lib/gcc/arm-elf/4.1.0/../../../../arm-elf/lib/libg.a(makebuf.o)
 .debug_abbrev  0x00004153       0xb5 /share/Studienarbeit/projects/openbeacon/arm/bin/../lib/gcc/arm-elf/4.1.0/../../../../arm-elf/lib/libg.a(memchr.o)
 .debug_abbrev  0x00004208       0x99 /share/Studienarbeit/projects/openbeacon/arm/bin/../lib/gcc/arm-elf/4.1.0/../../../../arm-elf/lib/libg.a(memmove.o)
 .debug_abbrev  0x000042a1      0x280 /share/Studienarbeit/projects/openbeacon/arm/bin/../lib/gcc/arm-elf/4.1.0/../../../../arm-elf/lib/libg.a(mprec.o)
 .debug_abbrev  0x00004521      0x1c3 /share/Studienarbeit/projects/openbeacon/arm/bin/../lib/gcc/arm-elf/4.1.0/../../../../arm-elf/lib/libg.a(reallocr.o)
 .debug_abbrev  0x000046e4       0xd4 /share/Studienarbeit/projects/openbeacon/arm/bin/../lib/gcc/arm-elf/4.1.0/../../../../arm-elf/lib/libg.a(s_isinf.o)
 .debug_abbrev  0x000047b8       0xd4 /share/Studienarbeit/projects/openbeacon/arm/bin/../lib/gcc/arm-elf/4.1.0/../../../../arm-elf/lib/libg.a(s_isnan.o)
 .debug_abbrev  0x0000488c      0x1b4 /share/Studienarbeit/projects/openbeacon/arm/bin/../lib/gcc/arm-elf/4.1.0/../../../../arm-elf/lib/libg.a(stdio.o)
 .debug_abbrev  0x00004a40       0x71 /share/Studienarbeit/projects/openbeacon/arm/bin/../lib/gcc/arm-elf/4.1.0/../../../../arm-elf/lib/libg.a(strcmp.o)
 .debug_abbrev  0x00004ab1      0x407 /share/Studienarbeit/projects/openbeacon/arm/bin/../lib/gcc/arm-elf/4.1.0/../../../../arm-elf/lib/libg.a(syscalls.o)
 .debug_abbrev  0x00004eb8      0x1be /share/Studienarbeit/projects/openbeacon/arm/bin/../lib/gcc/arm-elf/4.1.0/../../../../arm-elf/lib/libg.a(callocr.o)
 .debug_abbrev  0x00005076      0x15f /share/Studienarbeit/projects/openbeacon/arm/bin/../lib/gcc/arm-elf/4.1.0/../../../../arm-elf/lib/libg.a(errno.o)
 .debug_abbrev  0x000051d5      0x1a7 /share/Studienarbeit/projects/openbeacon/arm/bin/../lib/gcc/arm-elf/4.1.0/../../../../arm-elf/lib/libg.a(fclose.o)
 .debug_abbrev  0x0000537c      0x1b5 /share/Studienarbeit/projects/openbeacon/arm/bin/../lib/gcc/arm-elf/4.1.0/libgcc.a(_addsub_df.o)
 .debug_abbrev  0x00005531      0x1e7 /share/Studienarbeit/projects/openbeacon/arm/bin/../lib/gcc/arm-elf/4.1.0/libgcc.a(_mul_df.o)
 .debug_abbrev  0x00005718      0x1db /share/Studienarbeit/projects/openbeacon/arm/bin/../lib/gcc/arm-elf/4.1.0/libgcc.a(_div_df.o)
 .debug_abbrev  0x000058f3      0x157 /share/Studienarbeit/projects/openbeacon/arm/bin/../lib/gcc/arm-elf/4.1.0/libgcc.a(_eq_df.o)
 .debug_abbrev  0x00005a4a      0x157 /share/Studienarbeit/projects/openbeacon/arm/bin/../lib/gcc/arm-elf/4.1.0/libgcc.a(_ne_df.o)
 .debug_abbrev  0x00005ba1      0x157 /share/Studienarbeit/projects/openbeacon/arm/bin/../lib/gcc/arm-elf/4.1.0/libgcc.a(_gt_df.o)
 .debug_abbrev  0x00005cf8      0x157 /share/Studienarbeit/projects/openbeacon/arm/bin/../lib/gcc/arm-elf/4.1.0/libgcc.a(_ge_df.o)
 .debug_abbrev  0x00005e4f      0x157 /share/Studienarbeit/projects/openbeacon/arm/bin/../lib/gcc/arm-elf/4.1.0/libgcc.a(_lt_df.o)
 .debug_abbrev  0x00005fa6       0xf1 /share/Studienarbeit/projects/openbeacon/arm/bin/../lib/gcc/arm-elf/4.1.0/libgcc.a(_si_to_df.o)
 .debug_abbrev  0x00006097      0x166 /share/Studienarbeit/projects/openbeacon/arm/bin/../lib/gcc/arm-elf/4.1.0/libgcc.a(_df_to_si.o)
 .debug_abbrev  0x000061fd       0xba /share/Studienarbeit/projects/openbeacon/arm/bin/../lib/gcc/arm-elf/4.1.0/libgcc.a(_thenan_df.o)
 .debug_abbrev  0x000062b7      0x192 /share/Studienarbeit/projects/openbeacon/arm/bin/../lib/gcc/arm-elf/4.1.0/libgcc.a(_pack_df.o)
 .debug_abbrev  0x00006449      0x149 /share/Studienarbeit/projects/openbeacon/arm/bin/../lib/gcc/arm-elf/4.1.0/libgcc.a(_unpack_df.o)
 .debug_abbrev  0x00006592      0x111 /share/Studienarbeit/projects/openbeacon/arm/bin/../lib/gcc/arm-elf/4.1.0/libgcc.a(_fpcmp_parts_df.o)

.debug_info     0x00000000    0x1c885
 .debug_info    0x00000000      0x28b application/main.o
 .debug_info    0x0000028b      0x1a7 application/usbshell.o
 .debug_info    0x00000432       0xf0 ../core//openbeacon/crc32.o
 .debug_info    0x00000522       0xb3 ../core//openbeacon/rnd.o
 .debug_info    0x000005d5      0x5e6 ../core/openbeacon/dbgu.o
 .debug_info    0x00000bbb      0xd2b ../core/openbeacon/syscalls.o
 .debug_info    0x000018e6      0x5bd ../core/openbeacon/led.o
 .debug_info    0x00001ea3      0x4ae ../core/openbeacon/env.o
 .debug_info    0x00002351       0xcf ../core/openbeacon/sort.o
 .debug_info    0x00002420      0x57d ../core/openbeacon/nRF24L01/nRF_API.o
 .debug_info    0x0000299d      0xdea ../core/openbeacon/nRF24L01/nRF_CMD.o
 .debug_info    0x00003787      0x1fa ../core/os/boot/Cstartup_SAM7.o
 .debug_info    0x00003981     0x1623 ../core/os/core/ARM7_AT91SAM7/lib_AT91SAM7.o
 .debug_info    0x00004fa4      0x28b ../core/os/core/list.o
 .debug_info    0x0000522f      0x73b ../core/os/core/queue.o
 .debug_info    0x0000596a      0xc30 ../core/os/core/tasks.o
 .debug_info    0x0000659a      0x1ac ../core/os/core/port.o
 .debug_info    0x00006746       0xf6 ../core/os/core/portISR.o
 .debug_info    0x0000683c       0xd4 ../core/os/core/MemMang/heap_3.o
 .debug_info    0x00006910      0xac4 ../core/os/usb/USB-CDC.o
 .debug_info    0x000073d4      0x186 ../core/os/usb/USBIsr.o
 .debug_info    0x0000755a       0x7e /tmp/ccsQ9GWJ.o
 .debug_info    0x000075d8       0x88 /share/Studienarbeit/projects/openbeacon/arm/bin/../lib/gcc/arm-elf/4.1.0/libgcc.a(_udivsi3.o)
 .debug_info    0x00007660       0x88 /share/Studienarbeit/projects/openbeacon/arm/bin/../lib/gcc/arm-elf/4.1.0/libgcc.a(_dvmd_tls.o)
 .debug_info    0x000076e8      0x953 /share/Studienarbeit/projects/openbeacon/arm/bin/../lib/gcc/arm-elf/4.1.0/../../../../arm-elf/lib/libg.a(malloc.o)
 .debug_info    0x0000803b      0xcba /share/Studienarbeit/projects/openbeacon/arm/bin/../lib/gcc/arm-elf/4.1.0/../../../../arm-elf/lib/libg.a(mallocr.o)
 .debug_info    0x00008cf5      0x10a /share/Studienarbeit/projects/openbeacon/arm/bin/../lib/gcc/arm-elf/4.1.0/../../../../arm-elf/lib/libg.a(memcpy.o)
 .debug_info    0x00008dff      0x10e /share/Studienarbeit/projects/openbeacon/arm/bin/../lib/gcc/arm-elf/4.1.0/../../../../arm-elf/lib/libg.a(memset.o)
 .debug_info    0x00008f0d      0x93c /share/Studienarbeit/projects/openbeacon/arm/bin/../lib/gcc/arm-elf/4.1.0/../../../../arm-elf/lib/libg.a(mlock.o)
 .debug_info    0x00009849      0xa00 /share/Studienarbeit/projects/openbeacon/arm/bin/../lib/gcc/arm-elf/4.1.0/../../../../arm-elf/lib/libg.a(sprintf.o)
 .debug_info    0x0000a249       0xd4 /share/Studienarbeit/projects/openbeacon/arm/bin/../lib/gcc/arm-elf/4.1.0/../../../../arm-elf/lib/libg.a(strlen.o)
 .debug_info    0x0000a31d      0x127 /share/Studienarbeit/projects/openbeacon/arm/bin/../lib/gcc/arm-elf/4.1.0/../../../../arm-elf/lib/libg.a(strncpy.o)
 .debug_info    0x0000a444     0x10ee /share/Studienarbeit/projects/openbeacon/arm/bin/../lib/gcc/arm-elf/4.1.0/../../../../arm-elf/lib/libg.a(vfprintf.o)
 .debug_info    0x0000b532      0x9ef /share/Studienarbeit/projects/openbeacon/arm/bin/../lib/gcc/arm-elf/4.1.0/../../../../arm-elf/lib/libg.a(wcrtomb.o)
 .debug_info    0x0000bf21      0xa84 /share/Studienarbeit/projects/openbeacon/arm/bin/../lib/gcc/arm-elf/4.1.0/../../../../arm-elf/lib/libg.a(wcsrtombs.o)
 .debug_info    0x0000c9a5      0x9f7 /share/Studienarbeit/projects/openbeacon/arm/bin/../lib/gcc/arm-elf/4.1.0/../../../../arm-elf/lib/libg.a(wctomb_r.o)
 .debug_info    0x0000d39c      0x93a /share/Studienarbeit/projects/openbeacon/arm/bin/../lib/gcc/arm-elf/4.1.0/../../../../arm-elf/lib/libg.a(wsetup.o)
 .debug_info    0x0000dcd6      0xd61 /share/Studienarbeit/projects/openbeacon/arm/bin/../lib/gcc/arm-elf/4.1.0/../../../../arm-elf/lib/libg.a(dtoa.o)
 .debug_info    0x0000ea37      0x974 /share/Studienarbeit/projects/openbeacon/arm/bin/../lib/gcc/arm-elf/4.1.0/../../../../arm-elf/lib/libg.a(fflush.o)
 .debug_info    0x0000f3ab      0xb61 /share/Studienarbeit/projects/openbeacon/arm/bin/../lib/gcc/arm-elf/4.1.0/../../../../arm-elf/lib/libg.a(findfp.o)
 .debug_info    0x0000ff0c      0xbb1 /share/Studienarbeit/projects/openbeacon/arm/bin/../lib/gcc/arm-elf/4.1.0/../../../../arm-elf/lib/libg.a(freer.o)
 .debug_info    0x00010abd      0xa5f /share/Studienarbeit/projects/openbeacon/arm/bin/../lib/gcc/arm-elf/4.1.0/../../../../arm-elf/lib/libg.a(fvwrite.o)
 .debug_info    0x0001151c      0xad9 /share/Studienarbeit/projects/openbeacon/arm/bin/../lib/gcc/arm-elf/4.1.0/../../../../arm-elf/lib/libg.a(fwalk.o)
 .debug_info    0x00011ff5      0x922 /share/Studienarbeit/projects/openbeacon/arm/bin/../lib/gcc/arm-elf/4.1.0/../../../../arm-elf/lib/libg.a(impure.o)
 .debug_info    0x00012917      0xb7e /share/Studienarbeit/projects/openbeacon/arm/bin/../lib/gcc/arm-elf/4.1.0/../../../../arm-elf/lib/libg.a(locale.o)
 .debug_info    0x00013495      0xad9 /share/Studienarbeit/projects/openbeacon/arm/bin/../lib/gcc/arm-elf/4.1.0/../../../../arm-elf/lib/libg.a(makebuf.o)
 .debug_info    0x00013f6e      0x133 /share/Studienarbeit/projects/openbeacon/arm/bin/../lib/gcc/arm-elf/4.1.0/../../../../arm-elf/lib/libg.a(memchr.o)
 .debug_info    0x000140a1      0x13f /share/Studienarbeit/projects/openbeacon/arm/bin/../lib/gcc/arm-elf/4.1.0/../../../../arm-elf/lib/libg.a(memmove.o)
 .debug_info    0x000141e0     0x1319 /share/Studienarbeit/projects/openbeacon/arm/bin/../lib/gcc/arm-elf/4.1.0/../../../../arm-elf/lib/libg.a(mprec.o)
 .debug_info    0x000154f9      0xbc7 /share/Studienarbeit/projects/openbeacon/arm/bin/../lib/gcc/arm-elf/4.1.0/../../../../arm-elf/lib/libg.a(reallocr.o)
 .debug_info    0x000160c0      0x153 /share/Studienarbeit/projects/openbeacon/arm/bin/../lib/gcc/arm-elf/4.1.0/../../../../arm-elf/lib/libg.a(s_isinf.o)
 .debug_info    0x00016213      0x151 /share/Studienarbeit/projects/openbeacon/arm/bin/../lib/gcc/arm-elf/4.1.0/../../../../arm-elf/lib/libg.a(s_isnan.o)
 .debug_info    0x00016364      0xa70 /share/Studienarbeit/projects/openbeacon/arm/bin/../lib/gcc/arm-elf/4.1.0/../../../../arm-elf/lib/libg.a(stdio.o)
 .debug_info    0x00016dd4       0xd8 /share/Studienarbeit/projects/openbeacon/arm/bin/../lib/gcc/arm-elf/4.1.0/../../../../arm-elf/lib/libg.a(strcmp.o)
 .debug_info    0x00016eac     0x159c /share/Studienarbeit/projects/openbeacon/arm/bin/../lib/gcc/arm-elf/4.1.0/../../../../arm-elf/lib/libg.a(syscalls.o)
 .debug_info    0x00018448      0xa01 /share/Studienarbeit/projects/openbeacon/arm/bin/../lib/gcc/arm-elf/4.1.0/../../../../arm-elf/lib/libg.a(callocr.o)
 .debug_info    0x00018e49      0x913 /share/Studienarbeit/projects/openbeacon/arm/bin/../lib/gcc/arm-elf/4.1.0/../../../../arm-elf/lib/libg.a(errno.o)
 .debug_info    0x0001975c      0x980 /share/Studienarbeit/projects/openbeacon/arm/bin/../lib/gcc/arm-elf/4.1.0/../../../../arm-elf/lib/libg.a(fclose.o)
 .debug_info    0x0001a0dc      0x479 /share/Studienarbeit/projects/openbeacon/arm/bin/../lib/gcc/arm-elf/4.1.0/libgcc.a(_addsub_df.o)
 .debug_info    0x0001a555      0x478 /share/Studienarbeit/projects/openbeacon/arm/bin/../lib/gcc/arm-elf/4.1.0/libgcc.a(_mul_df.o)
 .debug_info    0x0001a9cd      0x3b2 /share/Studienarbeit/projects/openbeacon/arm/bin/../lib/gcc/arm-elf/4.1.0/libgcc.a(_div_df.o)
 .debug_info    0x0001ad7f      0x2aa /share/Studienarbeit/projects/openbeacon/arm/bin/../lib/gcc/arm-elf/4.1.0/libgcc.a(_eq_df.o)
 .debug_info    0x0001b029      0x2aa /share/Studienarbeit/projects/openbeacon/arm/bin/../lib/gcc/arm-elf/4.1.0/libgcc.a(_ne_df.o)
 .debug_info    0x0001b2d3      0x2aa /share/Studienarbeit/projects/openbeacon/arm/bin/../lib/gcc/arm-elf/4.1.0/libgcc.a(_gt_df.o)
 .debug_info    0x0001b57d      0x2aa /share/Studienarbeit/projects/openbeacon/arm/bin/../lib/gcc/arm-elf/4.1.0/libgcc.a(_ge_df.o)
 .debug_info    0x0001b827      0x2aa /share/Studienarbeit/projects/openbeacon/arm/bin/../lib/gcc/arm-elf/4.1.0/libgcc.a(_lt_df.o)
 .debug_info    0x0001bad1      0x1bd /share/Studienarbeit/projects/openbeacon/arm/bin/../lib/gcc/arm-elf/4.1.0/libgcc.a(_si_to_df.o)
 .debug_info    0x0001bc8e      0x2de /share/Studienarbeit/projects/openbeacon/arm/bin/../lib/gcc/arm-elf/4.1.0/libgcc.a(_df_to_si.o)
 .debug_info    0x0001bf6c      0x164 /share/Studienarbeit/projects/openbeacon/arm/bin/../lib/gcc/arm-elf/4.1.0/libgcc.a(_thenan_df.o)
 .debug_info    0x0001c0d0      0x323 /share/Studienarbeit/projects/openbeacon/arm/bin/../lib/gcc/arm-elf/4.1.0/libgcc.a(_pack_df.o)
 .debug_info    0x0001c3f3      0x27a /share/Studienarbeit/projects/openbeacon/arm/bin/../lib/gcc/arm-elf/4.1.0/libgcc.a(_unpack_df.o)
 .debug_info    0x0001c66d      0x218 /share/Studienarbeit/projects/openbeacon/arm/bin/../lib/gcc/arm-elf/4.1.0/libgcc.a(_fpcmp_parts_df.o)

.debug_line     0x00000000     0x6594
 .debug_line    0x00000000       0xf8 application/main.o
 .debug_line    0x000000f8       0x8f application/usbshell.o
 .debug_line    0x00000187       0x85 ../core//openbeacon/crc32.o
 .debug_line    0x0000020c       0x89 ../core//openbeacon/rnd.o
 .debug_line    0x00000295       0xf1 ../core/openbeacon/dbgu.o
 .debug_line    0x00000386      0x263 ../core/openbeacon/syscalls.o
 .debug_line    0x000005e9      0x11a ../core/openbeacon/led.o
 .debug_line    0x00000703      0x154 ../core/openbeacon/env.o
 .debug_line    0x00000857       0x61 ../core/openbeacon/sort.o
 .debug_line    0x000008b8      0x282 ../core/openbeacon/nRF24L01/nRF_API.o
 .debug_line    0x00000b3a      0x32b ../core/openbeacon/nRF24L01/nRF_CMD.o
 .debug_line    0x00000e65       0x92 ../core/os/boot/Cstartup_SAM7.o
 .debug_line    0x00000ef7      0x303 ../core/os/core/ARM7_AT91SAM7/lib_AT91SAM7.o
 .debug_line    0x000011fa      0x106 ../core/os/core/list.o
 .debug_line    0x00001300      0x338 ../core/os/core/queue.o
 .debug_line    0x00001638      0x483 ../core/os/core/tasks.o
 .debug_line    0x00001abb      0x12c ../core/os/core/port.o
 .debug_line    0x00001be7       0xbc ../core/os/core/portISR.o
 .debug_line    0x00001ca3       0xc5 ../core/os/core/MemMang/heap_3.o
 .debug_line    0x00001d68      0x37d ../core/os/usb/USB-CDC.o
 .debug_line    0x000020e5       0xd8 ../core/os/usb/USBIsr.o
 .debug_line    0x000021bd       0x8a /tmp/ccsQ9GWJ.o
 .debug_line    0x00002247       0x8d /share/Studienarbeit/projects/openbeacon/arm/bin/../lib/gcc/arm-elf/4.1.0/libgcc.a(_udivsi3.o)
 .debug_line    0x000022d4       0x61 /share/Studienarbeit/projects/openbeacon/arm/bin/../lib/gcc/arm-elf/4.1.0/libgcc.a(_dvmd_tls.o)
 .debug_line    0x00002335      0x118 /share/Studienarbeit/projects/openbeacon/arm/bin/../lib/gcc/arm-elf/4.1.0/../../../../arm-elf/lib/libg.a(malloc.o)
 .debug_line    0x0000244d      0x247 /share/Studienarbeit/projects/openbeacon/arm/bin/../lib/gcc/arm-elf/4.1.0/../../../../arm-elf/lib/libg.a(mallocr.o)
 .debug_line    0x00002694       0xcb /share/Studienarbeit/projects/openbeacon/arm/bin/../lib/gcc/arm-elf/4.1.0/../../../../arm-elf/lib/libg.a(memcpy.o)
 .debug_line    0x0000275f       0xd3 /share/Studienarbeit/projects/openbeacon/arm/bin/../lib/gcc/arm-elf/4.1.0/../../../../arm-elf/lib/libg.a(memset.o)
 .debug_line    0x00002832      0x110 /share/Studienarbeit/projects/openbeacon/arm/bin/../lib/gcc/arm-elf/4.1.0/../../../../arm-elf/lib/libg.a(mlock.o)
 .debug_line    0x00002942      0x1aa /share/Studienarbeit/projects/openbeacon/arm/bin/../lib/gcc/arm-elf/4.1.0/../../../../arm-elf/lib/libg.a(sprintf.o)
 .debug_line    0x00002aec       0xaf /share/Studienarbeit/projects/openbeacon/arm/bin/../lib/gcc/arm-elf/4.1.0/../../../../arm-elf/lib/libg.a(strlen.o)
 .debug_line    0x00002b9b       0xd5 /share/Studienarbeit/projects/openbeacon/arm/bin/../lib/gcc/arm-elf/4.1.0/../../../../arm-elf/lib/libg.a(strncpy.o)
 .debug_line    0x00002c70      0x581 /share/Studienarbeit/projects/openbeacon/arm/bin/../lib/gcc/arm-elf/4.1.0/../../../../arm-elf/lib/libg.a(vfprintf.o)
 .debug_line    0x000031f1      0x180 /share/Studienarbeit/projects/openbeacon/arm/bin/../lib/gcc/arm-elf/4.1.0/../../../../arm-elf/lib/libg.a(wcrtomb.o)
 .debug_line    0x00003371      0x1a6 /share/Studienarbeit/projects/openbeacon/arm/bin/../lib/gcc/arm-elf/4.1.0/../../../../arm-elf/lib/libg.a(wcsrtombs.o)
 .debug_line    0x00003517      0x230 /share/Studienarbeit/projects/openbeacon/arm/bin/../lib/gcc/arm-elf/4.1.0/../../../../arm-elf/lib/libg.a(wctomb_r.o)
 .debug_line    0x00003747      0x17e /share/Studienarbeit/projects/openbeacon/arm/bin/../lib/gcc/arm-elf/4.1.0/../../../../arm-elf/lib/libg.a(wsetup.o)
 .debug_line    0x000038c5      0x482 /share/Studienarbeit/projects/openbeacon/arm/bin/../lib/gcc/arm-elf/4.1.0/../../../../arm-elf/lib/libg.a(dtoa.o)
 .debug_line    0x00003d47      0x181 /share/Studienarbeit/projects/openbeacon/arm/bin/../lib/gcc/arm-elf/4.1.0/../../../../arm-elf/lib/libg.a(fflush.o)
 .debug_line    0x00003ec8      0x1fa /share/Studienarbeit/projects/openbeacon/arm/bin/../lib/gcc/arm-elf/4.1.0/../../../../arm-elf/lib/libg.a(findfp.o)
 .debug_line    0x000040c2      0x1c6 /share/Studienarbeit/projects/openbeacon/arm/bin/../lib/gcc/arm-elf/4.1.0/../../../../arm-elf/lib/libg.a(freer.o)
 .debug_line    0x00004288      0x219 /share/Studienarbeit/projects/openbeacon/arm/bin/../lib/gcc/arm-elf/4.1.0/../../../../arm-elf/lib/libg.a(fvwrite.o)
 .debug_line    0x000044a1      0x181 /share/Studienarbeit/projects/openbeacon/arm/bin/../lib/gcc/arm-elf/4.1.0/../../../../arm-elf/lib/libg.a(fwalk.o)
 .debug_line    0x00004622       0xfe /share/Studienarbeit/projects/openbeacon/arm/bin/../lib/gcc/arm-elf/4.1.0/../../../../arm-elf/lib/libg.a(impure.o)
 .debug_line    0x00004720      0x183 /share/Studienarbeit/projects/openbeacon/arm/bin/../lib/gcc/arm-elf/4.1.0/../../../../arm-elf/lib/libg.a(locale.o)
 .debug_line    0x000048a3      0x1ab /share/Studienarbeit/projects/openbeacon/arm/bin/../lib/gcc/arm-elf/4.1.0/../../../../arm-elf/lib/libg.a(makebuf.o)
 .debug_line    0x00004a4e       0xe0 /share/Studienarbeit/projects/openbeacon/arm/bin/../lib/gcc/arm-elf/4.1.0/../../../../arm-elf/lib/libg.a(memchr.o)
 .debug_line    0x00004b2e       0xdb /share/Studienarbeit/projects/openbeacon/arm/bin/../lib/gcc/arm-elf/4.1.0/../../../../arm-elf/lib/libg.a(memmove.o)
 .debug_line    0x00004c09      0x41d /share/Studienarbeit/projects/openbeacon/arm/bin/../lib/gcc/arm-elf/4.1.0/../../../../arm-elf/lib/libg.a(mprec.o)
 .debug_line    0x00005026      0x1df /share/Studienarbeit/projects/openbeacon/arm/bin/../lib/gcc/arm-elf/4.1.0/../../../../arm-elf/lib/libg.a(reallocr.o)
 .debug_line    0x00005205      0x116 /share/Studienarbeit/projects/openbeacon/arm/bin/../lib/gcc/arm-elf/4.1.0/../../../../arm-elf/lib/libg.a(s_isinf.o)
 .debug_line    0x0000531b      0x113 /share/Studienarbeit/projects/openbeacon/arm/bin/../lib/gcc/arm-elf/4.1.0/../../../../arm-elf/lib/libg.a(s_isnan.o)
 .debug_line    0x0000542e      0x19f /share/Studienarbeit/projects/openbeacon/arm/bin/../lib/gcc/arm-elf/4.1.0/../../../../arm-elf/lib/libg.a(stdio.o)
 .debug_line    0x000055cd       0x85 /share/Studienarbeit/projects/openbeacon/arm/bin/../lib/gcc/arm-elf/4.1.0/../../../../arm-elf/lib/libg.a(strcmp.o)
 .debug_line    0x00005652      0x2fb /share/Studienarbeit/projects/openbeacon/arm/bin/../lib/gcc/arm-elf/4.1.0/../../../../arm-elf/lib/libg.a(syscalls.o)
 .debug_line    0x0000594d      0x11c /share/Studienarbeit/projects/openbeacon/arm/bin/../lib/gcc/arm-elf/4.1.0/../../../../arm-elf/lib/libg.a(callocr.o)
 .debug_line    0x00005a69      0x10d /share/Studienarbeit/projects/openbeacon/arm/bin/../lib/gcc/arm-elf/4.1.0/../../../../arm-elf/lib/libg.a(errno.o)
 .debug_line    0x00005b76      0x180 /share/Studienarbeit/projects/openbeacon/arm/bin/../lib/gcc/arm-elf/4.1.0/../../../../arm-elf/lib/libg.a(fclose.o)
 .debug_line    0x00005cf6      0x10d /share/Studienarbeit/projects/openbeacon/arm/bin/../lib/gcc/arm-elf/4.1.0/libgcc.a(_addsub_df.o)
 .debug_line    0x00005e03       0xf0 /share/Studienarbeit/projects/openbeacon/arm/bin/../lib/gcc/arm-elf/4.1.0/libgcc.a(_mul_df.o)
 .debug_line    0x00005ef3       0xce /share/Studienarbeit/projects/openbeacon/arm/bin/../lib/gcc/arm-elf/4.1.0/libgcc.a(_div_df.o)
 .debug_line    0x00005fc1       0x79 /share/Studienarbeit/projects/openbeacon/arm/bin/../lib/gcc/arm-elf/4.1.0/libgcc.a(_eq_df.o)
 .debug_line    0x0000603a       0x79 /share/Studienarbeit/projects/openbeacon/arm/bin/../lib/gcc/arm-elf/4.1.0/libgcc.a(_ne_df.o)
 .debug_line    0x000060b3       0x79 /share/Studienarbeit/projects/openbeacon/arm/bin/../lib/gcc/arm-elf/4.1.0/libgcc.a(_gt_df.o)
 .debug_line    0x0000612c       0x79 /share/Studienarbeit/projects/openbeacon/arm/bin/../lib/gcc/arm-elf/4.1.0/libgcc.a(_ge_df.o)
 .debug_line    0x000061a5       0x79 /share/Studienarbeit/projects/openbeacon/arm/bin/../lib/gcc/arm-elf/4.1.0/libgcc.a(_lt_df.o)
 .debug_line    0x0000621e       0x7e /share/Studienarbeit/projects/openbeacon/arm/bin/../lib/gcc/arm-elf/4.1.0/libgcc.a(_si_to_df.o)
 .debug_line    0x0000629c       0x87 /share/Studienarbeit/projects/openbeacon/arm/bin/../lib/gcc/arm-elf/4.1.0/libgcc.a(_df_to_si.o)
 .debug_line    0x00006323       0x54 /share/Studienarbeit/projects/openbeacon/arm/bin/../lib/gcc/arm-elf/4.1.0/libgcc.a(_thenan_df.o)
 .debug_line    0x00006377       0xca /share/Studienarbeit/projects/openbeacon/arm/bin/../lib/gcc/arm-elf/4.1.0/libgcc.a(_pack_df.o)
 .debug_line    0x00006441       0xb1 /share/Studienarbeit/projects/openbeacon/arm/bin/../lib/gcc/arm-elf/4.1.0/libgcc.a(_unpack_df.o)
 .debug_line    0x000064f2       0xa2 /share/Studienarbeit/projects/openbeacon/arm/bin/../lib/gcc/arm-elf/4.1.0/libgcc.a(_fpcmp_parts_df.o)

.debug_frame    0x00000000     0x20d0
 .debug_frame   0x00000000       0x44 application/main.o
 .debug_frame   0x00000044       0x64 application/usbshell.o
 .debug_frame   0x000000a8       0x2c ../core//openbeacon/crc32.o
 .debug_frame   0x000000d4       0x3c ../core//openbeacon/rnd.o
 .debug_frame   0x00000110       0x48 ../core/openbeacon/dbgu.o
 .debug_frame   0x00000158       0xac ../core/openbeacon/syscalls.o
 .debug_frame   0x00000204       0x50 ../core/openbeacon/led.o
 .debug_frame   0x00000254       0x7c ../core/openbeacon/env.o
 .debug_frame   0x000002d0       0x2c ../core/openbeacon/sort.o
 .debug_frame   0x000002fc      0x24c ../core/openbeacon/nRF24L01/nRF_API.o
 .debug_frame   0x00000548      0x1a0 ../core/openbeacon/nRF24L01/nRF_CMD.o
 .debug_frame   0x000006e8       0x28 ../core/os/boot/Cstartup_SAM7.o
 .debug_frame   0x00000710      0x16c ../core/os/core/ARM7_AT91SAM7/lib_AT91SAM7.o
 .debug_frame   0x0000087c       0x68 ../core/os/core/list.o
 .debug_frame   0x000008e4      0x15c ../core/os/core/queue.o
 .debug_frame   0x00000a40      0x2b4 ../core/os/core/tasks.o
 .debug_frame   0x00000cf4       0x60 ../core/os/core/port.o
 .debug_frame   0x00000d54       0x80 ../core/os/core/portISR.o
 .debug_frame   0x00000dd4       0x40 ../core/os/core/MemMang/heap_3.o
 .debug_frame   0x00000e14      0x148 ../core/os/usb/USB-CDC.o
 .debug_frame   0x00000f5c       0x3c ../core/os/usb/USBIsr.o
 .debug_frame   0x00000f98       0x28 /share/Studienarbeit/projects/openbeacon/arm/bin/../lib/gcc/arm-elf/4.1.0/libgcc.a(_udivsi3.o)
 .debug_frame   0x00000fc0       0x30 /share/Studienarbeit/projects/openbeacon/arm/bin/../lib/gcc/arm-elf/4.1.0/../../../../arm-elf/lib/libg.a(malloc.o)
 .debug_frame   0x00000ff0       0x38 /share/Studienarbeit/projects/openbeacon/arm/bin/../lib/gcc/arm-elf/4.1.0/../../../../arm-elf/lib/libg.a(mallocr.o)
 .debug_frame   0x00001028       0x28 /share/Studienarbeit/projects/openbeacon/arm/bin/../lib/gcc/arm-elf/4.1.0/../../../../arm-elf/lib/libg.a(memcpy.o)
 .debug_frame   0x00001050       0x20 /share/Studienarbeit/projects/openbeacon/arm/bin/../lib/gcc/arm-elf/4.1.0/../../../../arm-elf/lib/libg.a(memset.o)
 .debug_frame   0x00001070       0x30 /share/Studienarbeit/projects/openbeacon/arm/bin/../lib/gcc/arm-elf/4.1.0/../../../../arm-elf/lib/libg.a(mlock.o)
 .debug_frame   0x000010a0       0x5c /share/Studienarbeit/projects/openbeacon/arm/bin/../lib/gcc/arm-elf/4.1.0/../../../../arm-elf/lib/libg.a(sprintf.o)
 .debug_frame   0x000010fc       0x20 /share/Studienarbeit/projects/openbeacon/arm/bin/../lib/gcc/arm-elf/4.1.0/../../../../arm-elf/lib/libg.a(strlen.o)
 .debug_frame   0x0000111c       0x2c /share/Studienarbeit/projects/openbeacon/arm/bin/../lib/gcc/arm-elf/4.1.0/../../../../arm-elf/lib/libg.a(strncpy.o)
 .debug_frame   0x00001148       0x6c /share/Studienarbeit/projects/openbeacon/arm/bin/../lib/gcc/arm-elf/4.1.0/../../../../arm-elf/lib/libg.a(vfprintf.o)
 .debug_frame   0x000011b4       0x44 /share/Studienarbeit/projects/openbeacon/arm/bin/../lib/gcc/arm-elf/4.1.0/../../../../arm-elf/lib/libg.a(wcrtomb.o)
 .debug_frame   0x000011f8       0x54 /share/Studienarbeit/projects/openbeacon/arm/bin/../lib/gcc/arm-elf/4.1.0/../../../../arm-elf/lib/libg.a(wcsrtombs.o)
 .debug_frame   0x0000124c       0x30 /share/Studienarbeit/projects/openbeacon/arm/bin/../lib/gcc/arm-elf/4.1.0/../../../../arm-elf/lib/libg.a(wctomb_r.o)
 .debug_frame   0x0000127c       0x2c /share/Studienarbeit/projects/openbeacon/arm/bin/../lib/gcc/arm-elf/4.1.0/../../../../arm-elf/lib/libg.a(wsetup.o)
 .debug_frame   0x000012a8       0x60 /share/Studienarbeit/projects/openbeacon/arm/bin/../lib/gcc/arm-elf/4.1.0/../../../../arm-elf/lib/libg.a(dtoa.o)
 .debug_frame   0x00001308       0x2c /share/Studienarbeit/projects/openbeacon/arm/bin/../lib/gcc/arm-elf/4.1.0/../../../../arm-elf/lib/libg.a(fflush.o)
 .debug_frame   0x00001334      0x114 /share/Studienarbeit/projects/openbeacon/arm/bin/../lib/gcc/arm-elf/4.1.0/../../../../arm-elf/lib/libg.a(findfp.o)
 .debug_frame   0x00001448       0x54 /share/Studienarbeit/projects/openbeacon/arm/bin/../lib/gcc/arm-elf/4.1.0/../../../../arm-elf/lib/libg.a(freer.o)
 .debug_frame   0x0000149c       0x38 /share/Studienarbeit/projects/openbeacon/arm/bin/../lib/gcc/arm-elf/4.1.0/../../../../arm-elf/lib/libg.a(fvwrite.o)
 .debug_frame   0x000014d4       0x58 /share/Studienarbeit/projects/openbeacon/arm/bin/../lib/gcc/arm-elf/4.1.0/../../../../arm-elf/lib/libg.a(fwalk.o)
 .debug_frame   0x0000152c       0x6c /share/Studienarbeit/projects/openbeacon/arm/bin/../lib/gcc/arm-elf/4.1.0/../../../../arm-elf/lib/libg.a(locale.o)
 .debug_frame   0x00001598       0x30 /share/Studienarbeit/projects/openbeacon/arm/bin/../lib/gcc/arm-elf/4.1.0/../../../../arm-elf/lib/libg.a(makebuf.o)
 .debug_frame   0x000015c8       0x28 /share/Studienarbeit/projects/openbeacon/arm/bin/../lib/gcc/arm-elf/4.1.0/../../../../arm-elf/lib/libg.a(memchr.o)
 .debug_frame   0x000015f0       0x28 /share/Studienarbeit/projects/openbeacon/arm/bin/../lib/gcc/arm-elf/4.1.0/../../../../arm-elf/lib/libg.a(memmove.o)
 .debug_frame   0x00001618      0x1f0 /share/Studienarbeit/projects/openbeacon/arm/bin/../lib/gcc/arm-elf/4.1.0/../../../../arm-elf/lib/libg.a(mprec.o)
 .debug_frame   0x00001808       0x38 /share/Studienarbeit/projects/openbeacon/arm/bin/../lib/gcc/arm-elf/4.1.0/../../../../arm-elf/lib/libg.a(reallocr.o)
 .debug_frame   0x00001840       0x28 /share/Studienarbeit/projects/openbeacon/arm/bin/../lib/gcc/arm-elf/4.1.0/../../../../arm-elf/lib/libg.a(s_isinf.o)
 .debug_frame   0x00001868       0x28 /share/Studienarbeit/projects/openbeacon/arm/bin/../lib/gcc/arm-elf/4.1.0/../../../../arm-elf/lib/libg.a(s_isnan.o)
 .debug_frame   0x00001890       0x70 /share/Studienarbeit/projects/openbeacon/arm/bin/../lib/gcc/arm-elf/4.1.0/../../../../arm-elf/lib/libg.a(stdio.o)
 .debug_frame   0x00001900       0x20 /share/Studienarbeit/projects/openbeacon/arm/bin/../lib/gcc/arm-elf/4.1.0/../../../../arm-elf/lib/libg.a(strcmp.o)
 .debug_frame   0x00001920      0x2e8 /share/Studienarbeit/projects/openbeacon/arm/bin/../lib/gcc/arm-elf/4.1.0/../../../../arm-elf/lib/libg.a(syscalls.o)
 .debug_frame   0x00001c08       0x28 /share/Studienarbeit/projects/openbeacon/arm/bin/../lib/gcc/arm-elf/4.1.0/../../../../arm-elf/lib/libg.a(callocr.o)
 .debug_frame   0x00001c30       0x20 /share/Studienarbeit/projects/openbeacon/arm/bin/../lib/gcc/arm-elf/4.1.0/../../../../arm-elf/lib/libg.a(errno.o)
 .debug_frame   0x00001c50       0x3c /share/Studienarbeit/projects/openbeacon/arm/bin/../lib/gcc/arm-elf/4.1.0/../../../../arm-elf/lib/libg.a(fclose.o)
 .debug_frame   0x00001c8c       0xb0 /share/Studienarbeit/projects/openbeacon/arm/bin/../lib/gcc/arm-elf/4.1.0/libgcc.a(_addsub_df.o)
 .debug_frame   0x00001d3c       0x78 /share/Studienarbeit/projects/openbeacon/arm/bin/../lib/gcc/arm-elf/4.1.0/libgcc.a(_mul_df.o)
 .debug_frame   0x00001db4       0x78 /share/Studienarbeit/projects/openbeacon/arm/bin/../lib/gcc/arm-elf/4.1.0/libgcc.a(_div_df.o)
 .debug_frame   0x00001e2c       0x3c /share/Studienarbeit/projects/openbeacon/arm/bin/../lib/gcc/arm-elf/4.1.0/libgcc.a(_eq_df.o)
 .debug_frame   0x00001e68       0x3c /share/Studienarbeit/projects/openbeacon/arm/bin/../lib/gcc/arm-elf/4.1.0/libgcc.a(_ne_df.o)
 .debug_frame   0x00001ea4       0x3c /share/Studienarbeit/projects/openbeacon/arm/bin/../lib/gcc/arm-elf/4.1.0/libgcc.a(_gt_df.o)
 .debug_frame   0x00001ee0       0x3c /share/Studienarbeit/projects/openbeacon/arm/bin/../lib/gcc/arm-elf/4.1.0/libgcc.a(_ge_df.o)
 .debug_frame   0x00001f1c       0x3c /share/Studienarbeit/projects/openbeacon/arm/bin/../lib/gcc/arm-elf/4.1.0/libgcc.a(_lt_df.o)
 .debug_frame   0x00001f58       0x2c /share/Studienarbeit/projects/openbeacon/arm/bin/../lib/gcc/arm-elf/4.1.0/libgcc.a(_si_to_df.o)
 .debug_frame   0x00001f84       0x5c /share/Studienarbeit/projects/openbeacon/arm/bin/../lib/gcc/arm-elf/4.1.0/libgcc.a(_df_to_si.o)
 .debug_frame   0x00001fe0       0x68 /share/Studienarbeit/projects/openbeacon/arm/bin/../lib/gcc/arm-elf/4.1.0/libgcc.a(_pack_df.o)
 .debug_frame   0x00002048       0x2c /share/Studienarbeit/projects/openbeacon/arm/bin/../lib/gcc/arm-elf/4.1.0/libgcc.a(_unpack_df.o)
 .debug_frame   0x00002074       0x5c /share/Studienarbeit/projects/openbeacon/arm/bin/../lib/gcc/arm-elf/4.1.0/libgcc.a(_fpcmp_parts_df.o)

.debug_loc      0x00000000     0xb593
 .debug_loc     0x00000000       0x1f application/main.o
 .debug_loc     0x0000001f      0x10d application/usbshell.o
 .debug_loc     0x0000012c       0xb8 ../core//openbeacon/crc32.o
 .debug_loc     0x000001e4       0x1f ../core//openbeacon/rnd.o
 .debug_loc     0x00000203       0xa8 ../core/openbeacon/dbgu.o
 .debug_loc     0x000002ab      0x1f6 ../core/openbeacon/syscalls.o
 .debug_loc     0x000004a1       0x72 ../core/openbeacon/led.o
 .debug_loc     0x00000513       0xf0 ../core/openbeacon/env.o
 .debug_loc     0x00000603       0x66 ../core/openbeacon/sort.o
 .debug_loc     0x00000669      0x4e6 ../core/openbeacon/nRF24L01/nRF_API.o
 .debug_loc     0x00000b4f      0x3ca ../core/openbeacon/nRF24L01/nRF_CMD.o
 .debug_loc     0x00000f19       0x1f ../core/os/boot/Cstartup_SAM7.o
 .debug_loc     0x00000f38      0x5b2 ../core/os/core/ARM7_AT91SAM7/lib_AT91SAM7.o
 .debug_loc     0x000014ea       0x1f ../core/os/core/list.o
 .debug_loc     0x00001509      0x5f2 ../core/os/core/queue.o
 .debug_loc     0x00001afb      0x7af ../core/os/core/tasks.o
 .debug_loc     0x000022aa      0x14f ../core/os/core/port.o
 .debug_loc     0x000023f9       0x7a ../core/os/core/MemMang/heap_3.o
 .debug_loc     0x00002473      0x5ef ../core/os/usb/USB-CDC.o
 .debug_loc     0x00002a62       0x92 ../core/os/usb/USBIsr.o
 .debug_loc     0x00002af4       0x3c /share/Studienarbeit/projects/openbeacon/arm/bin/../lib/gcc/arm-elf/4.1.0/../../../../arm-elf/lib/libg.a(malloc.o)
 .debug_loc     0x00002b30      0x795 /share/Studienarbeit/projects/openbeacon/arm/bin/../lib/gcc/arm-elf/4.1.0/../../../../arm-elf/lib/libg.a(mallocr.o)
 .debug_loc     0x000032c5       0xdb /share/Studienarbeit/projects/openbeacon/arm/bin/../lib/gcc/arm-elf/4.1.0/../../../../arm-elf/lib/libg.a(memcpy.o)
 .debug_loc     0x000033a0       0xa9 /share/Studienarbeit/projects/openbeacon/arm/bin/../lib/gcc/arm-elf/4.1.0/../../../../arm-elf/lib/libg.a(memset.o)
 .debug_loc     0x00003449       0xfd /share/Studienarbeit/projects/openbeacon/arm/bin/../lib/gcc/arm-elf/4.1.0/../../../../arm-elf/lib/libg.a(sprintf.o)
 .debug_loc     0x00003546       0x47 /share/Studienarbeit/projects/openbeacon/arm/bin/../lib/gcc/arm-elf/4.1.0/../../../../arm-elf/lib/libg.a(strlen.o)
 .debug_loc     0x0000358d      0x15f /share/Studienarbeit/projects/openbeacon/arm/bin/../lib/gcc/arm-elf/4.1.0/../../../../arm-elf/lib/libg.a(strncpy.o)
 .debug_loc     0x000036ec     0x1eef /share/Studienarbeit/projects/openbeacon/arm/bin/../lib/gcc/arm-elf/4.1.0/../../../../arm-elf/lib/libg.a(vfprintf.o)
 .debug_loc     0x000055db      0x145 /share/Studienarbeit/projects/openbeacon/arm/bin/../lib/gcc/arm-elf/4.1.0/../../../../arm-elf/lib/libg.a(wcrtomb.o)
 .debug_loc     0x00005720      0x2b2 /share/Studienarbeit/projects/openbeacon/arm/bin/../lib/gcc/arm-elf/4.1.0/../../../../arm-elf/lib/libg.a(wcsrtombs.o)
 .debug_loc     0x000059d2      0x248 /share/Studienarbeit/projects/openbeacon/arm/bin/../lib/gcc/arm-elf/4.1.0/../../../../arm-elf/lib/libg.a(wctomb_r.o)
 .debug_loc     0x00005c1a       0x3d /share/Studienarbeit/projects/openbeacon/arm/bin/../lib/gcc/arm-elf/4.1.0/../../../../arm-elf/lib/libg.a(wsetup.o)
 .debug_loc     0x00005c57     0x1665 /share/Studienarbeit/projects/openbeacon/arm/bin/../lib/gcc/arm-elf/4.1.0/../../../../arm-elf/lib/libg.a(dtoa.o)
 .debug_loc     0x000072bc       0xad /share/Studienarbeit/projects/openbeacon/arm/bin/../lib/gcc/arm-elf/4.1.0/../../../../arm-elf/lib/libg.a(fflush.o)
 .debug_loc     0x00007369      0x20c /share/Studienarbeit/projects/openbeacon/arm/bin/../lib/gcc/arm-elf/4.1.0/../../../../arm-elf/lib/libg.a(findfp.o)
 .debug_loc     0x00007575      0x38f /share/Studienarbeit/projects/openbeacon/arm/bin/../lib/gcc/arm-elf/4.1.0/../../../../arm-elf/lib/libg.a(freer.o)
 .debug_loc     0x00007904      0x328 /share/Studienarbeit/projects/openbeacon/arm/bin/../lib/gcc/arm-elf/4.1.0/../../../../arm-elf/lib/libg.a(fvwrite.o)
 .debug_loc     0x00007c2c      0x17b /share/Studienarbeit/projects/openbeacon/arm/bin/../lib/gcc/arm-elf/4.1.0/../../../../arm-elf/lib/libg.a(fwalk.o)
 .debug_loc     0x00007da7       0xe9 /share/Studienarbeit/projects/openbeacon/arm/bin/../lib/gcc/arm-elf/4.1.0/../../../../arm-elf/lib/libg.a(locale.o)
 .debug_loc     0x00007e90       0xa7 /share/Studienarbeit/projects/openbeacon/arm/bin/../lib/gcc/arm-elf/4.1.0/../../../../arm-elf/lib/libg.a(makebuf.o)
 .debug_loc     0x00007f37      0x193 /share/Studienarbeit/projects/openbeacon/arm/bin/../lib/gcc/arm-elf/4.1.0/../../../../arm-elf/lib/libg.a(memchr.o)
 .debug_loc     0x000080ca      0x151 /share/Studienarbeit/projects/openbeacon/arm/bin/../lib/gcc/arm-elf/4.1.0/../../../../arm-elf/lib/libg.a(memmove.o)
 .debug_loc     0x0000821b      0xffc /share/Studienarbeit/projects/openbeacon/arm/bin/../lib/gcc/arm-elf/4.1.0/../../../../arm-elf/lib/libg.a(mprec.o)
 .debug_loc     0x00009217      0x922 /share/Studienarbeit/projects/openbeacon/arm/bin/../lib/gcc/arm-elf/4.1.0/../../../../arm-elf/lib/libg.a(reallocr.o)
 .debug_loc     0x00009b39       0x6d /share/Studienarbeit/projects/openbeacon/arm/bin/../lib/gcc/arm-elf/4.1.0/../../../../arm-elf/lib/libg.a(s_isinf.o)
 .debug_loc     0x00009ba6       0x4f /share/Studienarbeit/projects/openbeacon/arm/bin/../lib/gcc/arm-elf/4.1.0/../../../../arm-elf/lib/libg.a(s_isnan.o)
 .debug_loc     0x00009bf5      0x1a4 /share/Studienarbeit/projects/openbeacon/arm/bin/../lib/gcc/arm-elf/4.1.0/../../../../arm-elf/lib/libg.a(stdio.o)
 .debug_loc     0x00009d99       0xaf /share/Studienarbeit/projects/openbeacon/arm/bin/../lib/gcc/arm-elf/4.1.0/../../../../arm-elf/lib/libg.a(strcmp.o)
 .debug_loc     0x00009e48      0x894 /share/Studienarbeit/projects/openbeacon/arm/bin/../lib/gcc/arm-elf/4.1.0/../../../../arm-elf/lib/libg.a(syscalls.o)
 .debug_loc     0x0000a6dc       0xd6 /share/Studienarbeit/projects/openbeacon/arm/bin/../lib/gcc/arm-elf/4.1.0/../../../../arm-elf/lib/libg.a(callocr.o)
 .debug_loc     0x0000a7b2       0xa2 /share/Studienarbeit/projects/openbeacon/arm/bin/../lib/gcc/arm-elf/4.1.0/../../../../arm-elf/lib/libg.a(fclose.o)
 .debug_loc     0x0000a854      0x353 /share/Studienarbeit/projects/openbeacon/arm/bin/../lib/gcc/arm-elf/4.1.0/libgcc.a(_addsub_df.o)
 .debug_loc     0x0000aba7      0x239 /share/Studienarbeit/projects/openbeacon/arm/bin/../lib/gcc/arm-elf/4.1.0/libgcc.a(_mul_df.o)
 .debug_loc     0x0000ade0      0x179 /share/Studienarbeit/projects/openbeacon/arm/bin/../lib/gcc/arm-elf/4.1.0/libgcc.a(_div_df.o)
 .debug_loc     0x0000af59       0x6f /share/Studienarbeit/projects/openbeacon/arm/bin/../lib/gcc/arm-elf/4.1.0/libgcc.a(_eq_df.o)
 .debug_loc     0x0000afc8       0x6f /share/Studienarbeit/projects/openbeacon/arm/bin/../lib/gcc/arm-elf/4.1.0/libgcc.a(_ne_df.o)
 .debug_loc     0x0000b037       0x6f /share/Studienarbeit/projects/openbeacon/arm/bin/../lib/gcc/arm-elf/4.1.0/libgcc.a(_gt_df.o)
 .debug_loc     0x0000b0a6       0x6f /share/Studienarbeit/projects/openbeacon/arm/bin/../lib/gcc/arm-elf/4.1.0/libgcc.a(_ge_df.o)
 .debug_loc     0x0000b115       0x6f /share/Studienarbeit/projects/openbeacon/arm/bin/../lib/gcc/arm-elf/4.1.0/libgcc.a(_lt_df.o)
 .debug_loc     0x0000b184       0x7f /share/Studienarbeit/projects/openbeacon/arm/bin/../lib/gcc/arm-elf/4.1.0/libgcc.a(_si_to_df.o)
 .debug_loc     0x0000b203       0xb0 /share/Studienarbeit/projects/openbeacon/arm/bin/../lib/gcc/arm-elf/4.1.0/libgcc.a(_df_to_si.o)
 .debug_loc     0x0000b2b3      0x1ac /share/Studienarbeit/projects/openbeacon/arm/bin/../lib/gcc/arm-elf/4.1.0/libgcc.a(_pack_df.o)
 .debug_loc     0x0000b45f       0xa0 /share/Studienarbeit/projects/openbeacon/arm/bin/../lib/gcc/arm-elf/4.1.0/libgcc.a(_unpack_df.o)
 .debug_loc     0x0000b4ff       0x94 /share/Studienarbeit/projects/openbeacon/arm/bin/../lib/gcc/arm-elf/4.1.0/libgcc.a(_fpcmp_parts_df.o)

.debug_pubnames
                0x00000000     0x19aa
 .debug_pubnames
                0x00000000       0x55 application/main.o
 .debug_pubnames
                0x00000055       0x4d application/usbshell.o
 .debug_pubnames
                0x000000a2       0x1c ../core//openbeacon/crc32.o
 .debug_pubnames
                0x000000be       0x2d ../core//openbeacon/rnd.o
 .debug_pubnames
                0x000000eb       0x3b ../core/openbeacon/dbgu.o
 .debug_pubnames
                0x00000126       0x6c ../core/openbeacon/syscalls.o
 .debug_pubnames
                0x00000192       0x47 ../core/openbeacon/led.o
 .debug_pubnames
                0x000001d9       0x61 ../core/openbeacon/env.o
 .debug_pubnames
                0x0000023a       0x1b ../core/openbeacon/sort.o
 .debug_pubnames
                0x00000255      0x25e ../core/openbeacon/nRF24L01/nRF_API.o
 .debug_pubnames
                0x000004b3      0x17d ../core/openbeacon/nRF24L01/nRF_CMD.o
 .debug_pubnames
                0x00000630       0x29 ../core/os/boot/Cstartup_SAM7.o
 .debug_pubnames
                0x00000659      0x177 ../core/os/core/ARM7_AT91SAM7/lib_AT91SAM7.o
 .debug_pubnames
                0x000007d0       0x71 ../core/os/core/list.o
 .debug_pubnames
                0x00000841      0x111 ../core/os/core/queue.o
 .debug_pubnames
                0x00000952      0x219 ../core/os/core/tasks.o
 .debug_pubnames
                0x00000b6b       0x5a ../core/os/core/port.o
 .debug_pubnames
                0x00000bc5       0xdb ../core/os/core/portISR.o
 .debug_pubnames
                0x00000ca0       0x31 ../core/os/core/MemMang/heap_3.o
 .debug_pubnames
                0x00000cd1      0x1bd ../core/os/usb/USB-CDC.o
 .debug_pubnames
                0x00000e8e       0x3c ../core/os/usb/USBIsr.o
 .debug_pubnames
                0x00000eca       0x26 /share/Studienarbeit/projects/openbeacon/arm/bin/../lib/gcc/arm-elf/4.1.0/../../../../arm-elf/lib/libg.a(malloc.o)
 .debug_pubnames
                0x00000ef0       0xce /share/Studienarbeit/projects/openbeacon/arm/bin/../lib/gcc/arm-elf/4.1.0/../../../../arm-elf/lib/libg.a(mallocr.o)
 .debug_pubnames
                0x00000fbe       0x1d /share/Studienarbeit/projects/openbeacon/arm/bin/../lib/gcc/arm-elf/4.1.0/../../../../arm-elf/lib/libg.a(memcpy.o)
 .debug_pubnames
                0x00000fdb       0x1d /share/Studienarbeit/projects/openbeacon/arm/bin/../lib/gcc/arm-elf/4.1.0/../../../../arm-elf/lib/libg.a(memset.o)
 .debug_pubnames
                0x00000ff8       0x38 /share/Studienarbeit/projects/openbeacon/arm/bin/../lib/gcc/arm-elf/4.1.0/../../../../arm-elf/lib/libg.a(mlock.o)
 .debug_pubnames
                0x00001030       0x2d /share/Studienarbeit/projects/openbeacon/arm/bin/../lib/gcc/arm-elf/4.1.0/../../../../arm-elf/lib/libg.a(sprintf.o)
 .debug_pubnames
                0x0000105d       0x1d /share/Studienarbeit/projects/openbeacon/arm/bin/../lib/gcc/arm-elf/4.1.0/../../../../arm-elf/lib/libg.a(strlen.o)
 .debug_pubnames
                0x0000107a       0x1e /share/Studienarbeit/projects/openbeacon/arm/bin/../lib/gcc/arm-elf/4.1.0/../../../../arm-elf/lib/libg.a(strncpy.o)
 .debug_pubnames
                0x00001098       0x2f /share/Studienarbeit/projects/openbeacon/arm/bin/../lib/gcc/arm-elf/4.1.0/../../../../arm-elf/lib/libg.a(vfprintf.o)
 .debug_pubnames
                0x000010c7       0x2d /share/Studienarbeit/projects/openbeacon/arm/bin/../lib/gcc/arm-elf/4.1.0/../../../../arm-elf/lib/libg.a(wcrtomb.o)
 .debug_pubnames
                0x000010f4       0x31 /share/Studienarbeit/projects/openbeacon/arm/bin/../lib/gcc/arm-elf/4.1.0/../../../../arm-elf/lib/libg.a(wcsrtombs.o)
 .debug_pubnames
                0x00001125       0x20 /share/Studienarbeit/projects/openbeacon/arm/bin/../lib/gcc/arm-elf/4.1.0/../../../../arm-elf/lib/libg.a(wctomb_r.o)
 .debug_pubnames
                0x00001145       0x20 /share/Studienarbeit/projects/openbeacon/arm/bin/../lib/gcc/arm-elf/4.1.0/../../../../arm-elf/lib/libg.a(wsetup.o)
 .debug_pubnames
                0x00001165       0x1e /share/Studienarbeit/projects/openbeacon/arm/bin/../lib/gcc/arm-elf/4.1.0/../../../../arm-elf/lib/libg.a(dtoa.o)
 .debug_pubnames
                0x00001183       0x1d /share/Studienarbeit/projects/openbeacon/arm/bin/../lib/gcc/arm-elf/4.1.0/../../../../arm-elf/lib/libg.a(fflush.o)
 .debug_pubnames
                0x000011a0       0xdb /share/Studienarbeit/projects/openbeacon/arm/bin/../lib/gcc/arm-elf/4.1.0/../../../../arm-elf/lib/libg.a(findfp.o)
 .debug_pubnames
                0x0000127b       0x31 /share/Studienarbeit/projects/openbeacon/arm/bin/../lib/gcc/arm-elf/4.1.0/../../../../arm-elf/lib/libg.a(freer.o)
 .debug_pubnames
                0x000012ac       0x21 /share/Studienarbeit/projects/openbeacon/arm/bin/../lib/gcc/arm-elf/4.1.0/../../../../arm-elf/lib/libg.a(fvwrite.o)
 .debug_pubnames
                0x000012cd       0x2e /share/Studienarbeit/projects/openbeacon/arm/bin/../lib/gcc/arm-elf/4.1.0/../../../../arm-elf/lib/libg.a(fwalk.o)
 .debug_pubnames
                0x000012fb       0x39 /share/Studienarbeit/projects/openbeacon/arm/bin/../lib/gcc/arm-elf/4.1.0/../../../../arm-elf/lib/libg.a(impure.o)
 .debug_pubnames
                0x00001334       0xc3 /share/Studienarbeit/projects/openbeacon/arm/bin/../lib/gcc/arm-elf/4.1.0/../../../../arm-elf/lib/libg.a(locale.o)
 .debug_pubnames
                0x000013f7       0x21 /share/Studienarbeit/projects/openbeacon/arm/bin/../lib/gcc/arm-elf/4.1.0/../../../../arm-elf/lib/libg.a(makebuf.o)
 .debug_pubnames
                0x00001418       0x1d /share/Studienarbeit/projects/openbeacon/arm/bin/../lib/gcc/arm-elf/4.1.0/../../../../arm-elf/lib/libg.a(memchr.o)
 .debug_pubnames
                0x00001435       0x1e /share/Studienarbeit/projects/openbeacon/arm/bin/../lib/gcc/arm-elf/4.1.0/../../../../arm-elf/lib/libg.a(memmove.o)
 .debug_pubnames
                0x00001453      0x112 /share/Studienarbeit/projects/openbeacon/arm/bin/../lib/gcc/arm-elf/4.1.0/../../../../arm-elf/lib/libg.a(mprec.o)
 .debug_pubnames
                0x00001565       0x21 /share/Studienarbeit/projects/openbeacon/arm/bin/../lib/gcc/arm-elf/4.1.0/../../../../arm-elf/lib/libg.a(reallocr.o)
 .debug_pubnames
                0x00001586       0x1c /share/Studienarbeit/projects/openbeacon/arm/bin/../lib/gcc/arm-elf/4.1.0/../../../../arm-elf/lib/libg.a(s_isinf.o)
 .debug_pubnames
                0x000015a2       0x1c /share/Studienarbeit/projects/openbeacon/arm/bin/../lib/gcc/arm-elf/4.1.0/../../../../arm-elf/lib/libg.a(s_isnan.o)
 .debug_pubnames
                0x000015be       0x44 /share/Studienarbeit/projects/openbeacon/arm/bin/../lib/gcc/arm-elf/4.1.0/../../../../arm-elf/lib/libg.a(stdio.o)
 .debug_pubnames
                0x00001602       0x1d /share/Studienarbeit/projects/openbeacon/arm/bin/../lib/gcc/arm-elf/4.1.0/../../../../arm-elf/lib/libg.a(strcmp.o)
 .debug_pubnames
                0x0000161f      0x158 /share/Studienarbeit/projects/openbeacon/arm/bin/../lib/gcc/arm-elf/4.1.0/../../../../arm-elf/lib/libg.a(syscalls.o)
 .debug_pubnames
                0x00001777       0x20 /share/Studienarbeit/projects/openbeacon/arm/bin/../lib/gcc/arm-elf/4.1.0/../../../../arm-elf/lib/libg.a(callocr.o)
 .debug_pubnames
                0x00001797       0x1e /share/Studienarbeit/projects/openbeacon/arm/bin/../lib/gcc/arm-elf/4.1.0/../../../../arm-elf/lib/libg.a(errno.o)
 .debug_pubnames
                0x000017b5       0x2b /share/Studienarbeit/projects/openbeacon/arm/bin/../lib/gcc/arm-elf/4.1.0/../../../../arm-elf/lib/libg.a(fclose.o)
 .debug_pubnames
                0x000017e0       0x2c /share/Studienarbeit/projects/openbeacon/arm/bin/../lib/gcc/arm-elf/4.1.0/libgcc.a(_addsub_df.o)
 .debug_pubnames
                0x0000180c       0x1f /share/Studienarbeit/projects/openbeacon/arm/bin/../lib/gcc/arm-elf/4.1.0/libgcc.a(_mul_df.o)
 .debug_pubnames
                0x0000182b       0x1f /share/Studienarbeit/projects/openbeacon/arm/bin/../lib/gcc/arm-elf/4.1.0/libgcc.a(_div_df.o)
 .debug_pubnames
                0x0000184a       0x1e /share/Studienarbeit/projects/openbeacon/arm/bin/../lib/gcc/arm-elf/4.1.0/libgcc.a(_eq_df.o)
 .debug_pubnames
                0x00001868       0x1e /share/Studienarbeit/projects/openbeacon/arm/bin/../lib/gcc/arm-elf/4.1.0/libgcc.a(_ne_df.o)
 .debug_pubnames
                0x00001886       0x1e /share/Studienarbeit/projects/openbeacon/arm/bin/../lib/gcc/arm-elf/4.1.0/libgcc.a(_gt_df.o)
 .debug_pubnames
                0x000018a4       0x1e /share/Studienarbeit/projects/openbeacon/arm/bin/../lib/gcc/arm-elf/4.1.0/libgcc.a(_ge_df.o)
 .debug_pubnames
                0x000018c2       0x1e /share/Studienarbeit/projects/openbeacon/arm/bin/../lib/gcc/arm-elf/4.1.0/libgcc.a(_lt_df.o)
 .debug_pubnames
                0x000018e0       0x22 /share/Studienarbeit/projects/openbeacon/arm/bin/../lib/gcc/arm-elf/4.1.0/libgcc.a(_si_to_df.o)
 .debug_pubnames
                0x00001902       0x20 /share/Studienarbeit/projects/openbeacon/arm/bin/../lib/gcc/arm-elf/4.1.0/libgcc.a(_df_to_si.o)
 .debug_pubnames
                0x00001922       0x22 /share/Studienarbeit/projects/openbeacon/arm/bin/../lib/gcc/arm-elf/4.1.0/libgcc.a(_thenan_df.o)
 .debug_pubnames
                0x00001944       0x1f /share/Studienarbeit/projects/openbeacon/arm/bin/../lib/gcc/arm-elf/4.1.0/libgcc.a(_pack_df.o)
 .debug_pubnames
                0x00001963       0x21 /share/Studienarbeit/projects/openbeacon/arm/bin/../lib/gcc/arm-elf/4.1.0/libgcc.a(_unpack_df.o)
 .debug_pubnames
                0x00001984       0x26 /share/Studienarbeit/projects/openbeacon/arm/bin/../lib/gcc/arm-elf/4.1.0/libgcc.a(_fpcmp_parts_df.o)

.debug_aranges  0x00000000      0xda8
 .debug_aranges
                0x00000000       0x38 application/main.o
 .debug_aranges
                0x00000038       0x38 application/usbshell.o
 .debug_aranges
                0x00000070       0x28 ../core//openbeacon/crc32.o
 .debug_aranges
                0x00000098       0x30 ../core//openbeacon/rnd.o
 .debug_aranges
                0x000000c8       0x30 ../core/openbeacon/dbgu.o
 .debug_aranges
                0x000000f8       0x60 ../core/openbeacon/syscalls.o
 .debug_aranges
                0x00000158       0x38 ../core/openbeacon/led.o
 .debug_aranges
                0x00000190       0x48 ../core/openbeacon/env.o
 .debug_aranges
                0x000001d8       0x28 ../core/openbeacon/sort.o
 .debug_aranges
                0x00000200       0xf8 ../core/openbeacon/nRF24L01/nRF_API.o
 .debug_aranges
                0x000002f8       0xa0 ../core/openbeacon/nRF24L01/nRF_CMD.o
 .debug_aranges
                0x00000398       0x28 ../core/os/boot/Cstartup_SAM7.o
 .debug_aranges
                0x000003c0       0x98 ../core/os/core/ARM7_AT91SAM7/lib_AT91SAM7.o
 .debug_aranges
                0x00000458       0x48 ../core/os/core/list.o
 .debug_aranges
                0x000004a0       0x88 ../core/os/core/queue.o
 .debug_aranges
                0x00000528       0xe8 ../core/os/core/tasks.o
 .debug_aranges
                0x00000610       0x38 ../core/os/core/port.o
 .debug_aranges
                0x00000648       0x58 ../core/os/core/portISR.o
 .debug_aranges
                0x000006a0       0x30 ../core/os/core/MemMang/heap_3.o
 .debug_aranges
                0x000006d0       0x80 ../core/os/usb/USB-CDC.o
 .debug_aranges
                0x00000750       0x30 ../core/os/usb/USBIsr.o
 .debug_aranges
                0x00000780       0x28 /tmp/ccsQ9GWJ.o
 .debug_aranges
                0x000007a8       0x20 /share/Studienarbeit/projects/openbeacon/arm/bin/../lib/gcc/arm-elf/4.1.0/libgcc.a(_udivsi3.o)
 .debug_aranges
                0x000007c8       0x20 /share/Studienarbeit/projects/openbeacon/arm/bin/../lib/gcc/arm-elf/4.1.0/libgcc.a(_dvmd_tls.o)
 .debug_aranges
                0x000007e8       0x20 /share/Studienarbeit/projects/openbeacon/arm/bin/../lib/gcc/arm-elf/4.1.0/../../../../arm-elf/lib/libg.a(malloc.o)
 .debug_aranges
                0x00000808       0x20 /share/Studienarbeit/projects/openbeacon/arm/bin/../lib/gcc/arm-elf/4.1.0/../../../../arm-elf/lib/libg.a(mallocr.o)
 .debug_aranges
                0x00000828       0x20 /share/Studienarbeit/projects/openbeacon/arm/bin/../lib/gcc/arm-elf/4.1.0/../../../../arm-elf/lib/libg.a(memcpy.o)
 .debug_aranges
                0x00000848       0x20 /share/Studienarbeit/projects/openbeacon/arm/bin/../lib/gcc/arm-elf/4.1.0/../../../../arm-elf/lib/libg.a(memset.o)
 .debug_aranges
                0x00000868       0x20 /share/Studienarbeit/projects/openbeacon/arm/bin/../lib/gcc/arm-elf/4.1.0/../../../../arm-elf/lib/libg.a(mlock.o)
 .debug_aranges
                0x00000888       0x20 /share/Studienarbeit/projects/openbeacon/arm/bin/../lib/gcc/arm-elf/4.1.0/../../../../arm-elf/lib/libg.a(sprintf.o)
 .debug_aranges
                0x000008a8       0x20 /share/Studienarbeit/projects/openbeacon/arm/bin/../lib/gcc/arm-elf/4.1.0/../../../../arm-elf/lib/libg.a(strlen.o)
 .debug_aranges
                0x000008c8       0x20 /share/Studienarbeit/projects/openbeacon/arm/bin/../lib/gcc/arm-elf/4.1.0/../../../../arm-elf/lib/libg.a(strncpy.o)
 .debug_aranges
                0x000008e8       0x20 /share/Studienarbeit/projects/openbeacon/arm/bin/../lib/gcc/arm-elf/4.1.0/../../../../arm-elf/lib/libg.a(vfprintf.o)
 .debug_aranges
                0x00000908       0x20 /share/Studienarbeit/projects/openbeacon/arm/bin/../lib/gcc/arm-elf/4.1.0/../../../../arm-elf/lib/libg.a(wcrtomb.o)
 .debug_aranges
                0x00000928       0x20 /share/Studienarbeit/projects/openbeacon/arm/bin/../lib/gcc/arm-elf/4.1.0/../../../../arm-elf/lib/libg.a(wcsrtombs.o)
 .debug_aranges
                0x00000948       0x20 /share/Studienarbeit/projects/openbeacon/arm/bin/../lib/gcc/arm-elf/4.1.0/../../../../arm-elf/lib/libg.a(wctomb_r.o)
 .debug_aranges
                0x00000968       0x20 /share/Studienarbeit/projects/openbeacon/arm/bin/../lib/gcc/arm-elf/4.1.0/../../../../arm-elf/lib/libg.a(wsetup.o)
 .debug_aranges
                0x00000988       0x20 /share/Studienarbeit/projects/openbeacon/arm/bin/../lib/gcc/arm-elf/4.1.0/../../../../arm-elf/lib/libg.a(dtoa.o)
 .debug_aranges
                0x000009a8       0x20 /share/Studienarbeit/projects/openbeacon/arm/bin/../lib/gcc/arm-elf/4.1.0/../../../../arm-elf/lib/libg.a(fflush.o)
 .debug_aranges
                0x000009c8       0x20 /share/Studienarbeit/projects/openbeacon/arm/bin/../lib/gcc/arm-elf/4.1.0/../../../../arm-elf/lib/libg.a(findfp.o)
 .debug_aranges
                0x000009e8       0x20 /share/Studienarbeit/projects/openbeacon/arm/bin/../lib/gcc/arm-elf/4.1.0/../../../../arm-elf/lib/libg.a(freer.o)
 .debug_aranges
                0x00000a08       0x20 /share/Studienarbeit/projects/openbeacon/arm/bin/../lib/gcc/arm-elf/4.1.0/../../../../arm-elf/lib/libg.a(fvwrite.o)
 .debug_aranges
                0x00000a28       0x20 /share/Studienarbeit/projects/openbeacon/arm/bin/../lib/gcc/arm-elf/4.1.0/../../../../arm-elf/lib/libg.a(fwalk.o)
 .debug_aranges
                0x00000a48       0x20 /share/Studienarbeit/projects/openbeacon/arm/bin/../lib/gcc/arm-elf/4.1.0/../../../../arm-elf/lib/libg.a(locale.o)
 .debug_aranges
                0x00000a68       0x20 /share/Studienarbeit/projects/openbeacon/arm/bin/../lib/gcc/arm-elf/4.1.0/../../../../arm-elf/lib/libg.a(makebuf.o)
 .debug_aranges
                0x00000a88       0x20 /share/Studienarbeit/projects/openbeacon/arm/bin/../lib/gcc/arm-elf/4.1.0/../../../../arm-elf/lib/libg.a(memchr.o)
 .debug_aranges
                0x00000aa8       0x20 /share/Studienarbeit/projects/openbeacon/arm/bin/../lib/gcc/arm-elf/4.1.0/../../../../arm-elf/lib/libg.a(memmove.o)
 .debug_aranges
                0x00000ac8       0x20 /share/Studienarbeit/projects/openbeacon/arm/bin/../lib/gcc/arm-elf/4.1.0/../../../../arm-elf/lib/libg.a(mprec.o)
 .debug_aranges
                0x00000ae8       0x20 /share/Studienarbeit/projects/openbeacon/arm/bin/../lib/gcc/arm-elf/4.1.0/../../../../arm-elf/lib/libg.a(reallocr.o)
 .debug_aranges
                0x00000b08       0x20 /share/Studienarbeit/projects/openbeacon/arm/bin/../lib/gcc/arm-elf/4.1.0/../../../../arm-elf/lib/libg.a(s_isinf.o)
 .debug_aranges
                0x00000b28       0x20 /share/Studienarbeit/projects/openbeacon/arm/bin/../lib/gcc/arm-elf/4.1.0/../../../../arm-elf/lib/libg.a(s_isnan.o)
 .debug_aranges
                0x00000b48       0x20 /share/Studienarbeit/projects/openbeacon/arm/bin/../lib/gcc/arm-elf/4.1.0/../../../../arm-elf/lib/libg.a(stdio.o)
 .debug_aranges
                0x00000b68       0x20 /share/Studienarbeit/projects/openbeacon/arm/bin/../lib/gcc/arm-elf/4.1.0/../../../../arm-elf/lib/libg.a(strcmp.o)
 .debug_aranges
                0x00000b88       0x20 /share/Studienarbeit/projects/openbeacon/arm/bin/../lib/gcc/arm-elf/4.1.0/../../../../arm-elf/lib/libg.a(syscalls.o)
 .debug_aranges
                0x00000ba8       0x20 /share/Studienarbeit/projects/openbeacon/arm/bin/../lib/gcc/arm-elf/4.1.0/../../../../arm-elf/lib/libg.a(callocr.o)
 .debug_aranges
                0x00000bc8       0x20 /share/Studienarbeit/projects/openbeacon/arm/bin/../lib/gcc/arm-elf/4.1.0/../../../../arm-elf/lib/libg.a(errno.o)
 .debug_aranges
                0x00000be8       0x20 /share/Studienarbeit/projects/openbeacon/arm/bin/../lib/gcc/arm-elf/4.1.0/../../../../arm-elf/lib/libg.a(fclose.o)
 .debug_aranges
                0x00000c08       0x20 /share/Studienarbeit/projects/openbeacon/arm/bin/../lib/gcc/arm-elf/4.1.0/libgcc.a(_addsub_df.o)
 .debug_aranges
                0x00000c28       0x20 /share/Studienarbeit/projects/openbeacon/arm/bin/../lib/gcc/arm-elf/4.1.0/libgcc.a(_mul_df.o)
 .debug_aranges
                0x00000c48       0x20 /share/Studienarbeit/projects/openbeacon/arm/bin/../lib/gcc/arm-elf/4.1.0/libgcc.a(_div_df.o)
 .debug_aranges
                0x00000c68       0x20 /share/Studienarbeit/projects/openbeacon/arm/bin/../lib/gcc/arm-elf/4.1.0/libgcc.a(_eq_df.o)
 .debug_aranges
                0x00000c88       0x20 /share/Studienarbeit/projects/openbeacon/arm/bin/../lib/gcc/arm-elf/4.1.0/libgcc.a(_ne_df.o)
 .debug_aranges