Archive member included because of file (symbol)

/share/Studienarbeit/projects/openbeacon/arm/bin/../lib/gcc/arm-elf/4.1.0/libgcc.a(_udivsi3.o)
                              ../core/os/core/ARM7_AT91SAM7/lib_AT91SAM7.o (__udivsi3)
/share/Studienarbeit/projects/openbeacon/arm/bin/../lib/gcc/arm-elf/4.1.0/libgcc.a(_dvmd_tls.o)
                              /share/Studienarbeit/projects/openbeacon/arm/bin/../lib/gcc/arm-elf/4.1.0/libgcc.a(_udivsi3.o) (__div0)
/share/Studienarbeit/projects/openbeacon/arm/bin/../lib/gcc/arm-elf/4.1.0/../../../../arm-elf/lib/libg.a(malloc.o)
                              ../core/os/core/MemMang/heap_3.o (free)
/share/Studienarbeit/projects/openbeacon/arm/bin/../lib/gcc/arm-elf/4.1.0/../../../../arm-elf/lib/libg.a(mallocr.o)
                              /share/Studienarbeit/projects/openbeacon/arm/bin/../lib/gcc/arm-elf/4.1.0/../../../../arm-elf/lib/libg.a(malloc.o) (_malloc_r)
/share/Studienarbeit/projects/openbeacon/arm/bin/../lib/gcc/arm-elf/4.1.0/../../../../arm-elf/lib/libg.a(memcpy.o)
                              ../core/openbeacon/env.o (memcpy)
/share/Studienarbeit/projects/openbeacon/arm/bin/../lib/gcc/arm-elf/4.1.0/../../../../arm-elf/lib/libg.a(memset.o)
                              application/main.o (memset)
/share/Studienarbeit/projects/openbeacon/arm/bin/../lib/gcc/arm-elf/4.1.0/../../../../arm-elf/lib/libg.a(mlock.o)
                              /share/Studienarbeit/projects/openbeacon/arm/bin/../lib/gcc/arm-elf/4.1.0/../../../../arm-elf/lib/libg.a(mallocr.o) (__malloc_lock)
/share/Studienarbeit/projects/openbeacon/arm/bin/../lib/gcc/arm-elf/4.1.0/../../../../arm-elf/lib/libg.a(sprintf.o)
                              application/usbshell.o (sprintf)
/share/Studienarbeit/projects/openbeacon/arm/bin/../lib/gcc/arm-elf/4.1.0/../../../../arm-elf/lib/libg.a(strlen.o)
                              application/usbshell.o (strlen)
/share/Studienarbeit/projects/openbeacon/arm/bin/../lib/gcc/arm-elf/4.1.0/../../../../arm-elf/lib/libg.a(strncpy.o)
                              ../core/os/core/tasks.o (strncpy)
/share/Studienarbeit/projects/openbeacon/arm/bin/../lib/gcc/arm-elf/4.1.0/../../../../arm-elf/lib/libg.a(vfprintf.o)
                              /share/Studienarbeit/projects/openbeacon/arm/bin/../lib/gcc/arm-elf/4.1.0/../../../../arm-elf/lib/libg.a(sprintf.o) (_vfprintf_r)
/share/Studienarbeit/projects/openbeacon/arm/bin/../lib/gcc/arm-elf/4.1.0/../../../../arm-elf/lib/libg.a(wcrtomb.o)
                              /share/Studienarbeit/projects/openbeacon/arm/bin/../lib/gcc/arm-elf/4.1.0/../../../../arm-elf/lib/libg.a(vfprintf.o) (_wcrtomb_r)
/share/Studienarbeit/projects/openbeacon/arm/bin/../lib/gcc/arm-elf/4.1.0/../../../../arm-elf/lib/libg.a(wcsrtombs.o)
                              /share/Studienarbeit/projects/openbeacon/arm/bin/../lib/gcc/arm-elf/4.1.0/../../../../arm-elf/lib/libg.a(vfprintf.o) (_wcsrtombs_r)
/share/Studienarbeit/projects/openbeacon/arm/bin/../lib/gcc/arm-elf/4.1.0/../../../../arm-elf/lib/libg.a(wctomb_r.o)
                              /share/Studienarbeit/projects/openbeacon/arm/bin/../lib/gcc/arm-elf/4.1.0/../../../../arm-elf/lib/libg.a(wcrtomb.o) (_wctomb_r)
/share/Studienarbeit/projects/openbeacon/arm/bin/../lib/gcc/arm-elf/4.1.0/../../../../arm-elf/lib/libg.a(wsetup.o)
                              /share/Studienarbeit/projects/openbeacon/arm/bin/../lib/gcc/arm-elf/4.1.0/../../../../arm-elf/lib/libg.a(vfprintf.o) (__swsetup)
/share/Studienarbeit/projects/openbeacon/arm/bin/../lib/gcc/arm-elf/4.1.0/../../../../arm-elf/lib/libg.a(dtoa.o)
                              /share/Studienarbeit/projects/openbeacon/arm/bin/../lib/gcc/arm-elf/4.1.0/../../../../arm-elf/lib/libg.a(vfprintf.o) (_dtoa_r)
/share/Studienarbeit/projects/openbeacon/arm/bin/../lib/gcc/arm-elf/4.1.0/../../../../arm-elf/lib/libg.a(fflush.o)
                              /share/Studienarbeit/projects/openbeacon/arm/bin/../lib/gcc/arm-elf/4.1.0/../../../../arm-elf/lib/libg.a(vfprintf.o) (fflush)
/share/Studienarbeit/projects/openbeacon/arm/bin/../lib/gcc/arm-elf/4.1.0/../../../../arm-elf/lib/libg.a(findfp.o)
                              /share/Studienarbeit/projects/openbeacon/arm/bin/../lib/gcc/arm-elf/4.1.0/../../../../arm-elf/lib/libg.a(vfprintf.o) (__sinit)
/share/Studienarbeit/projects/openbeacon/arm/bin/../lib/gcc/arm-elf/4.1.0/../../../../arm-elf/lib/libg.a(freer.o)
                              /share/Studienarbeit/projects/openbeacon/arm/bin/../lib/gcc/arm-elf/4.1.0/../../../../arm-elf/lib/libg.a(malloc.o) (_free_r)
/share/Studienarbeit/projects/openbeacon/arm/bin/../lib/gcc/arm-elf/4.1.0/../../../../arm-elf/lib/libg.a(fvwrite.o)
                              /share/Studienarbeit/projects/openbeacon/arm/bin/../lib/gcc/arm-elf/4.1.0/../../../../arm-elf/lib/libg.a(vfprintf.o) (__sfvwrite)
/share/Studienarbeit/projects/openbeacon/arm/bin/../lib/gcc/arm-elf/4.1.0/../../../../arm-elf/lib/libg.a(fwalk.o)
[...]
Memory Configuration

Name             Origin             Length             Attributes
flash            0x00100000         0x0000fc00
ram              0x00200000         0x00004000
*default*        0x00000000         0xffffffff

Linker script and memory map

LOAD application/main.o
LOAD application/usbshell.o
LOAD ../core//openbeacon/crc32.o
LOAD ../core//openbeacon/rnd.o
LOAD ../core/openbeacon/dbgu.o
LOAD ../core/openbeacon/syscalls.o
LOAD ../core/openbeacon/led.o
LOAD ../core/openbeacon/env.o
LOAD ../core/openbeacon/sort.o
LOAD ../core/openbeacon/nRF24L01/nRF_API.o
LOAD ../core/openbeacon/nRF24L01/nRF_CMD.o
LOAD ../core/os/boot/Cstartup_SAM7.o
LOAD ../core/os/core/ARM7_AT91SAM7/lib_AT91SAM7.o
LOAD ../core/os/core/list.o
LOAD ../core/os/core/queue.o
LOAD ../core/os/core/tasks.o
LOAD ../core/os/core/port.o
LOAD ../core/os/core/portISR.o
LOAD ../core/os/core/MemMang/heap_3.o
LOAD ../core/os/usb/USB-CDC.o
LOAD ../core/os/usb/USBIsr.o
LOAD /tmp/ccfWNcsY.o
LOAD /share/Studienarbeit/projects/openbeacon/arm/bin/../lib/gcc/arm-elf/4.1.0/../../../../arm-elf/lib/libm.a
START GROUP
LOAD /share/Studienarbeit/projects/openbeacon/arm/bin/../lib/gcc/arm-elf/4.1.0/libgcc.a
LOAD /share/Studienarbeit/projects/openbeacon/arm/bin/../lib/gcc/arm-elf/4.1.0/../../../../arm-elf/lib/libg.a
LOAD /share/Studienarbeit/projects/openbeacon/arm/bin/../lib/gcc/arm-elf/4.1.0/../../../../arm-elf/lib/libc.a
END GROUP
                0x00203ffc                __stack_end__ = 0x203ffc
                0x00000000                . = 0x0

startup         0x00100000       0x44
 *(.bootloader)
 *(.startup)
 .startup       0x00100000       0x44 /tmp/ccfWNcsY.o
                0x00100000                start

prog            0x00100044     0xc5a8
 *(.text)
 .text          0x00100044       0xd0 /tmp/ccfWNcsY.o
                0x001000f4                endless_loop
 .text          0x00100114      0x110 /share/Studienarbeit/projects/openbeacon/arm/bin/../lib/gcc/arm-elf/4.1.0/libgcc.a(_udivsi3.o)
                0x00100114                __udivsi3
                0x00100114                __aeabi_uidiv
                0x0010020c                __aeabi_uidivmod
 .text          0x00100224        0x4 /share/Studienarbeit/projects/openbeacon/arm/bin/../lib/gcc/arm-elf/4.1.0/libgcc.a(_dvmd_tls.o)
                0x00100224                __aeabi_ldiv0
                0x00100224                __div0
                0x00100224                __aeabi_idiv0
 .text          0x00100228       0x28 /share/Studienarbeit/projects/openbeacon/arm/bin/../lib/gcc/arm-elf/4.1.0/../../../../arm-elf/lib/libg.a(malloc.o)
                0x0010023c                malloc
                0x00100228                free
 .text          0x00100250      0x770 /share/Studienarbeit/projects/openbeacon/arm/bin/../lib/gcc/arm-elf/4.1.0/../../../../arm-elf/lib/libg.a(mallocr.o)
                0x00100250                _malloc_r
 .text          0x001009c0       0xa0 /share/Studienarbeit/projects/openbeacon/arm/bin/../lib/gcc/arm-elf/4.1.0/../../../../arm-elf/lib/libg.a(memcpy.o)
                0x001009c0                memcpy
 .text          0x00100a60       0x98 /share/Studienarbeit/projects/openbeacon/arm/bin/../lib/gcc/arm-elf/4.1.0/../../../../arm-elf/lib/libg.a(memset.o)
                0x00100a60                memset
 .text          0x00100af8        0x8 /share/Studienarbeit/projects/openbeacon/arm/bin/../lib/gcc/arm-elf/4.1.0/../../../../arm-elf/lib/libg.a(mlock.o)
                0x00100afc                __malloc_unlock
                0x00100af8                __malloc_lock
 .text          0x00100b00       0xdc /share/Studienarbeit/projects/openbeacon/arm/bin/../lib/gcc/arm-elf/4.1.0/../../../../arm-elf/lib/libg.a(sprintf.o)
                0x00100b74                _sprintf_r
                0x00100b00                sprintf
 .text          0x00100bdc       0x90 /share/Studienarbeit/projects/openbeacon/arm/bin/../lib/gcc/arm-elf/4.1.0/../../../../arm-elf/lib/libg.a(strlen.o)
                0x00100bdc                strlen
 .text          0x00100c6c      0x114 /share/Studienarbeit/projects/openbeacon/arm/bin/../lib/gcc/arm-elf/4.1.0/../../../../arm-elf/lib/libg.a(strncpy.o)
                0x00100c6c                strncpy
 .text          0x00100d80     0x1f88 /share/Studienarbeit/projects/openbeacon/arm/bin/../lib/gcc/arm-elf/4.1.0/../../../../arm-elf/lib/libg.a(vfprintf.o)
                0x00100dc0                _vfprintf_r
                0x00102cdc                vfprintf
 .text          0x00102d08       0x80 /share/Studienarbeit/projects/openbeacon/arm/bin/../lib/gcc/arm-elf/4.1.0/../../../../arm-elf/lib/libg.a(wcrtomb.o)
                0x00102d08                _wcrtomb_r
                0x00102d5c                wcrtomb
 .text          0x00102d88      0x178 /share/Studienarbeit/projects/openbeacon/arm/bin/../lib/gcc/arm-elf/4.1.0/../../../../arm-elf/lib/libg.a(wcsrtombs.o)
                0x00102d88                _wcsrtombs_r
                0x00102ec0                wcsrtombs
 .text          0x00102f00      0x420 /share/Studienarbeit/projects/openbeacon/arm/bin/../lib/gcc/arm-elf/4.1.0/../../../../arm-elf/lib/libg.a(wctomb_r.o)
                0x00102f00                _wctomb_r
 .text          0x00103320       0xfc /share/Studienarbeit/projects/openbeacon/arm/bin/../lib/gcc/arm-elf/4.1.0/../../../../arm-elf/lib/libg.a(wsetup.o)
                0x00103320                __swsetup
 .text          0x0010341c     0x164c /share/Studienarbeit/projects/openbeacon/arm/bin/../lib/gcc/arm-elf/4.1.0/../../../../arm-elf/lib/libg.a(dtoa.o)
                0x00103620                _dtoa_r
 .text          0x00104a68       0xe0 /share/Studienarbeit/projects/openbeacon/arm/bin/../lib/gcc/arm-elf/4.1.0/../../../../arm-elf/lib/libg.a(fflush.o)
                0x00104a68                fflush
 .text          0x00104b48      0x27c /share/Studienarbeit/projects/openbeacon/arm/bin/../lib/gcc/arm-elf/4.1.0/../../../../arm-elf/lib/libg.a(findfp.o)
                0x00104bb4                __sinit
                0x00104c88                __sfmoreglue
                0x00104c78                _cleanup
                0x00104c6c                _cleanup_r
                0x00104c54                __fp_lock_all
                0x00104ba4                __sfp_lock_acquire
                0x00104cd8                __sfp
                0x00104bb0                __sinit_lock_release
                0x00104c3c                __fp_unlock_all
                0x00104ba8                __sfp_lock_release
                0x00104bac                __sinit_lock_acquire
 .text          0x00104dc4      0x39c /share/Studienarbeit/projects/openbeacon/arm/bin/../lib/gcc/arm-elf/4.1.0/../../../../arm-elf/lib/libg.a(freer.o)
                0x00104ec0                _free_r
                0x00104dc4                _malloc_trim_r
 .text          0x00105160      0x3f8 /share/Studienarbeit/projects/openbeacon/arm/bin/../lib/gcc/arm-elf/4.1.0/../../../../arm-elf/lib/libg.a(fvwrite.o)
                0x00105160                __sfvwrite
 .text          0x00105558      0x10c /share/Studienarbeit/projects/openbeacon/arm/bin/../lib/gcc/arm-elf/4.1.0/../../../../arm-elf/lib/libg.a(fwalk.o)
                0x001055e0                _fwalk
                0x00105558                _fwalk_reent
 .text          0x00105664       0xac /share/Studienarbeit/projects/openbeacon/arm/bin/../lib/gcc/arm-elf/4.1.0/../../../../arm-elf/lib/libg.a(locale.o)
                0x00105690                _setlocale_r
                0x00105664                __locale_charset
                0x00105674                _localeconv_r
                0x001056f4                setlocale
                0x00105680                localeconv
 .text          0x00105710      0x154 /share/Studienarbeit/projects/openbeacon/arm/bin/../lib/gcc/arm-elf/4.1.0/../../../../arm-elf/lib/libg.a(makebuf.o)
                0x00105710                __smakebuf
 .text          0x00105864      0x104 /share/Studienarbeit/projects/openbeacon/arm/bin/../lib/gcc/arm-elf/4.1.0/../../../../arm-elf/lib/libg.a(memchr.o)
                0x00105864                memchr
 .text          0x00105968       0xfc /share/Studienarbeit/projects/openbeacon/arm/bin/../lib/gcc/arm-elf/4.1.0/../../../../arm-elf/lib/libg.a(memmove.o)
                0x00105968                memmove
 .text          0x00105a64      0xbb0 /share/Studienarbeit/projects/openbeacon/arm/bin/../lib/gcc/arm-elf/4.1.0/../../../../arm-elf/lib/libg.a(mprec.o)
                0x00105d58                _mprec_log10
                0x00105a80                _hi0bits
                0x00105da4                _Balloc
                0x00105e3c                _d2b
                0x00106198                _multiply
                0x00105ce0                _ratio
                0x00106534                _s2b
                0x00106358                _i2b
                0x00105ad8                _lo0bits
                0x00105b6c                __mcmp
                0x00106440                _pow5mult
                0x00105bcc                _ulp
                0x00105c2c                _b2d
                0x00106378                _multadd
                0x00105f70                __mdiff
                0x001060a4                _lshift
                0x00105a64                _Bfree
 .text          0x00106614      0x638 /share/Studienarbeit/projects/openbeacon/arm/bin/../lib/gcc/arm-elf/4.1.0/../../../../arm-elf/lib/libg.a(reallocr.o)
                0x00106614                _realloc_r
 .text          0x00106c4c       0x3c /share/Studienarbeit/projects/openbeacon/arm/bin/../lib/gcc/arm-elf/4.1.0/../../../../arm-elf/lib/libg.a(s_isinf.o)
                0x00106c4c                isinf
 .text          0x00106c88       0x30 /share/Studienarbeit/projects/openbeacon/arm/bin/../lib/gcc/arm-elf/4.1.0/../../../../arm-elf/lib/libg.a(s_isnan.o)
                0x00106c88                isnan
 .text          0x00106cb8      0x100 /share/Studienarbeit/projects/openbeacon/arm/bin/../lib/gcc/arm-elf/4.1.0/../../../../arm-elf/lib/libg.a(stdio.o)
                0x00106ccc                __sseek
                0x00106d74                __sread
                0x00106cb8                __sclose
                0x00106d14                __swrite
 .text          0x00106db8       0xd0 /share/Studienarbeit/projects/openbeacon/arm/bin/../lib/gcc/arm-elf/4.1.0/../../../../arm-elf/lib/libg.a(strcmp.o)
                0x00106db8                strcmp
 .text          0x00106e88      0x708 /share/Studienarbeit/projects/openbeacon/arm/bin/../lib/gcc/arm-elf/4.1.0/../../../../arm-elf/lib/libg.a(syscalls.o)
                0x00106eb8                _getpid
                0x00107014                initialise_monitor_handles
                0x00106ed4                isatty
                0x00106f68                _fstat
                0x0010746c                _open
                0x00106f14                _sbrk
                0x00106ed0                _raise
                0x001070d0                _times
                0x0010748c                _stat
                0x001074dc                _lseek
                0x00106ec0                _link
                0x001071e8                _swiwrite
                0x00106edc                _rename
                0x00107224                _swilseek
                0x0010719c                _swiclose
                0x00107338                _swiopen
                0x00106ec8                _unlink
                0x001073e0                _write
                0x00107154                _kill
                0x0010710c                _gettimeofday
                0x00107528                _read
                0x0010717c                _exit
                0x00106ef4                _system
                0x001074ec                _swiread
                0x0010745c                _close
 .text          0x00107590       0xa0 /share/Studienarbeit/projects/openbeacon/arm/bin/../lib/gcc/arm-elf/4.1.0/../../../../arm-elf/lib/libg.a(callocr.o)
                0x00107590                _calloc_r
 .text          0x00107630       0x10 /share/Studienarbeit/projects/openbeacon/arm/bin/../lib/gcc/arm-elf/4.1.0/../../../../arm-elf/lib/libg.a(errno.o)
                0x00107630                __errno
 .text          0x00107640      0x128 /share/Studienarbeit/projects/openbeacon/arm/bin/../lib/gcc/arm-elf/4.1.0/../../../../arm-elf/lib/libg.a(fclose.o)
                0x00107640                _fclose_r
                0x00107754                fclose
 .text          0x00107768      0x42c /share/Studienarbeit/projects/openbeacon/arm/bin/../lib/gcc/arm-elf/4.1.0/libgcc.a(_addsub_df.o)
                0x00107b40                __adddf3
                0x00107ae0                __subdf3
 .text          0x00107b94      0x390 /share/Studienarbeit/projects/openbeacon/arm/bin/../lib/gcc/arm-elf/4.1.0/libgcc.a(_mul_df.o)
                0x00107bdc                __muldf3
 .text          0x00107f24      0x258 /share/Studienarbeit/projects/openbeacon/arm/bin/../lib/gcc/arm-elf/4.1.0/libgcc.a(_div_df.o)
                0x00107f6c                __divdf3
 .text          0x0010817c       0x88 /share/Studienarbeit/projects/openbeacon/arm/bin/../lib/gcc/arm-elf/4.1.0/libgcc.a(_eq_df.o)
                0x00108190                __eqdf2
 .text          0x00108204       0x88 /share/Studienarbeit/projects/openbeacon/arm/bin/../lib/gcc/arm-elf/4.1.0/libgcc.a(_ne_df.o)
                0x00108218                __nedf2
 .text          0x0010828c       0x88 /share/Studienarbeit/projects/openbeacon/arm/bin/../lib/gcc/arm-elf/4.1.0/libgcc.a(_gt_df.o)
                0x001082a0                __gtdf2
 .text          0x00108314       0x88 /share/Studienarbeit/projects/openbeacon/arm/bin/../lib/gcc/arm-elf/4.1.0/libgcc.a(_ge_df.o)
                0x00108328                __gedf2
 .text          0x0010839c       0x88 /share/Studienarbeit/projects/openbeacon/arm/bin/../lib/gcc/arm-elf/4.1.0/libgcc.a(_lt_df.o)
                0x001083b0                __ltdf2
 .text          0x00108424       0xbc /share/Studienarbeit/projects/openbeacon/arm/bin/../lib/gcc/arm-elf/4.1.0/libgcc.a(_si_to_df.o)
                0x00108424                __floatsidf
 .text          0x001084e0       0xf8 /share/Studienarbeit/projects/openbeacon/arm/bin/../lib/gcc/arm-elf/4.1.0/libgcc.a(_df_to_si.o)
                0x0010851c                __fixdfsi
 .text          0x001085d8      0x330 /share/Studienarbeit/projects/openbeacon/arm/bin/../lib/gcc/arm-elf/4.1.0/libgcc.a(_pack_df.o)
                0x00108614                __pack_d
 .text          0x00108908      0x124 /share/Studienarbeit/projects/openbeacon/arm/bin/../lib/gcc/arm-elf/4.1.0/libgcc.a(_unpack_df.o)
                0x00108908                __unpack_d
 .text          0x00108a2c      0x180 /share/Studienarbeit/projects/openbeacon/arm/bin/../lib/gcc/arm-elf/4.1.0/libgcc.a(_fpcmp_parts_df.o)
                0x00108a68                __fpcmp_parts_d
 *(.text.*)
 .text.vApplicationIdleHook
                0x00108bac       0x14 application/main.o
                0x00108bac                vApplicationIdleHook
 .text.vResetEnv
                0x00108bc0       0x14 application/main.o
                0x00108bc0                vResetEnv
 .text.mainloop
                0x00108bd4       0x74 application/main.o
                0x00108bd4                mainloop
 .text.PtSetRfPowerLevel
                0x00108c48       0x1c application/usbshell.o
                0x00108c48                PtSetRfPowerLevel
 .text.vUSBShellInit
                0x00108c64       0x38 application/usbshell.o
                0x00108c64                vUSBShellInit
 .text.printDebug
                0x00108c9c       0x68 application/usbshell.o
                0x00108c9c                printDebug
 .text.usbshell_task
                0x00108d04      0x208 application/usbshell.o
 .text._close_r
                0x00108f0c        0x8 ../core/openbeacon/syscalls.o
                0x00108f0c                _close_r
 .text._lseek_r
                0x00108f14        0x8 ../core/openbeacon/syscalls.o
                0x00108f14                _lseek_r
 .text._fstat_r
                0x00108f1c       0x10 ../core/openbeacon/syscalls.o
                0x00108f1c                _fstat_r
 .text._sbrk_r  0x00108f2c       0x28 ../core/openbeacon/syscalls.o
                0x00108f2c                _sbrk_r
 .text.my_putc  0x00108f54        0x8 ../core/openbeacon/syscalls.o
 .text._write_r
                0x00108f5c       0x60 ../core/openbeacon/syscalls.o
                0x00108f5c                _write_r
 .text._read_r  0x00108fbc       0x64 ../core/openbeacon/syscalls.o
                0x00108fbc                _read_r
 .text.led_init
                0x00109020       0x18 ../core/openbeacon/led.o
                0x00109020                led_init
 .text.led_set_green
                0x00109038       0x20 ../core/openbeacon/led.o
                0x00109038                led_set_green
 .text.env_crc16
                0x00109058       0x78 ../core/openbeacon/env.o
                0x00109058                env_crc16
 .text.env_init
                0x001090d0       0x14 ../core/openbeacon/env.o
                0x001090d0                env_init
 .text.env_load
                0x001090e4       0xc8 ../core/openbeacon/env.o
                0x001090e4                env_load
 .text.nRFAPI_SetFeatures
                0x001091ac       0x54 ../core/openbeacon/nRF24L01/nRF_API.o
                0x001091ac                nRFAPI_SetFeatures
 .text.nRFAPI_SetPipeSizeRX
                0x00109200       0x20 ../core/openbeacon/nRF24L01/nRF_API.o
                0x00109200                nRFAPI_SetPipeSizeRX
 .text.nRFAPI_SetChannel
                0x00109220        0xc ../core/openbeacon/nRF24L01/nRF_API.o
                0x00109220                nRFAPI_SetChannel
 .text.nRFAPI_SetSizeMac
                0x0010922c       0x30 ../core/openbeacon/nRF24L01/nRF_API.o
                0x0010922c                nRFAPI_SetSizeMac
 .text.nRFAPI_PipesAck
                0x0010925c        0xc ../core/openbeacon/nRF24L01/nRF_API.o
                0x0010925c                nRFAPI_PipesAck
 .text.nRFAPI_PipesEnable
                0x00109268        0xc ../core/openbeacon/nRF24L01/nRF_API.o
                0x00109268                nRFAPI_PipesEnable
 .text.nRFAPI_TxRetries
                0x00109274       0x18 ../core/openbeacon/nRF24L01/nRF_API.o
                0x00109274                nRFAPI_TxRetries
 .text.nRFAPI_SetTxPower
                0x0010928c       0x20 ../core/openbeacon/nRF24L01/nRF_API.o
                0x0010928c                nRFAPI_SetTxPower
 .text.nRFAPI_SetRxMode
                0x001092ac       0x14 ../core/openbeacon/nRF24L01/nRF_API.o
                0x001092ac                nRFAPI_SetRxMode
 .text.nRFAPI_GetSizeMac
                0x001092c0       0x20 ../core/openbeacon/nRF24L01/nRF_API.o
                0x001092c0                nRFAPI_GetSizeMac
 .text.nRFAPI_FlushTX
                0x001092e0        0x8 ../core/openbeacon/nRF24L01/nRF_API.o
                0x001092e0                nRFAPI_FlushTX
 .text.nRFAPI_FlushRX
                0x001092e8        0x8 ../core/openbeacon/nRF24L01/nRF_API.o
                0x001092e8                nRFAPI_FlushRX
 .text.nRFAPI_GetStatus
                0x001092f0       0x10 ../core/openbeacon/nRF24L01/nRF_API.o
                0x001092f0                nRFAPI_GetStatus
 .text.nRFAPI_GetTxMAC
                0x00109300       0x20 ../core/openbeacon/nRF24L01/nRF_API.o
                0x00109300                nRFAPI_GetTxMAC
 .text.nRFAPI_TX
                0x00109320       0x14 ../core/openbeacon/nRF24L01/nRF_API.o
                0x00109320                nRFAPI_TX
 .text.nRFAPI_SetRxMAC
                0x00109334       0x78 ../core/openbeacon/nRF24L01/nRF_API.o
                0x00109334                nRFAPI_SetRxMAC
 .text.nRFAPI_SetTxMAC
                0x001093ac       0x20 ../core/openbeacon/nRF24L01/nRF_API.o
                0x001093ac                nRFAPI_SetTxMAC
 .text.nRFAPI_DetectChip
                0x001093cc       0xa4 ../core/openbeacon/nRF24L01/nRF_API.o
                0x001093cc                nRFAPI_DetectChip
 .text.nRFAPI_Init
                0x00109470       0xd0 ../core/openbeacon/nRF24L01/nRF_API.o
                0x00109470                nRFAPI_Init
 .text.nRFCMD_Init
                0x00109540      0x178 ../core/openbeacon/nRF24L01/nRF_CMD.o
                0x00109540                nRFCMD_Init
 .text.nRFCMD_ISR_ACK_Handler
                0x001096b8       0x78 ../core/openbeacon/nRF24L01/nRF_CMD.o
                0x001096b8                nRFCMD_ISR_ACK_Handler
 .text.nRFCMD_ISR_ACK
                0x00109730       0xa8 ../core/openbeacon/nRF24L01/nRF_CMD.o
                0x00109730                nRFCMD_ISR_ACK
 .text.nRFCMD_ReadWriteBuffer
                0x001097d8       0x84 ../core/openbeacon/nRF24L01/nRF_CMD.o
                0x001097d8                nRFCMD_ReadWriteBuffer
 .text.nRFCMD_RegReadBuf
                0x0010985c       0x48 ../core/openbeacon/nRF24L01/nRF_CMD.o
                0x0010985c                nRFCMD_RegReadBuf
 .text.nRFCMD_RegWriteBuf
                0x001098a4       0x44 ../core/openbeacon/nRF24L01/nRF_CMD.o
                0x001098a4                nRFCMD_RegWriteBuf
 .text.nRFCMD_RegWriteStatusRead
                0x001098e8       0x30 ../core/openbeacon/nRF24L01/nRF_CMD.o
                0x001098e8                nRFCMD_RegWriteStatusRead
 .text.nRFCMD_RegRead
                0x00109918       0x38 ../core/openbeacon/nRF24L01/nRF_CMD.o
                0x00109918                nRFCMD_RegRead
 .text.nRFCMD_CmdExec
                0x00109950       0x2c ../core/openbeacon/nRF24L01/nRF_CMD.o
                0x00109950                nRFCMD_CmdExec
 .text.nRFCMD_CE
                0x0010997c       0x20 ../core/openbeacon/nRF24L01/nRF_CMD.o
                0x0010997c                nRFCMD_CE
 .text.nRFCMD_ProcessNextMacro
                0x0010999c       0x90 ../core/openbeacon/nRF24L01/nRF_CMD.o
 .text.nRFCMD_ISR_DMA_Handler
                0x00109a2c       0x7c ../core/openbeacon/nRF24L01/nRF_CMD.o
                0x00109a2c                nRFCMD_ISR_DMA_Handler
 .text.nRFCMD_ISR_DMA
                0x00109aa8       0xa8 ../core/openbeacon/nRF24L01/nRF_CMD.o
                0x00109aa8                nRFCMD_ISR_DMA
 .text.AT91F_LowLevelInit
                0x00109b50       0x98 ../core/os/boot/Cstartup_SAM7.o
                0x00109b50                AT91F_LowLevelInit
 .text.AT91F_AIC_ConfigureIt
                0x00109be8       0x38 ../core/os/core/ARM7_AT91SAM7/lib_AT91SAM7.o
                0x00109be8                AT91F_AIC_ConfigureIt
 .text.AT91F_PDC_SendFrame
                0x00109c20       0x48 ../core/os/core/ARM7_AT91SAM7/lib_AT91SAM7.o
                0x00109c20                AT91F_PDC_SendFrame
 .text.AT91F_PDC_ReceiveFrame
                0x00109c68       0x48 ../core/os/core/ARM7_AT91SAM7/lib_AT91SAM7.o
                0x00109c68                AT91F_PDC_ReceiveFrame
 .text.vListInitialise
                0x00109cb0       0x24 ../core/os/core/list.o
                0x00109cb0                vListInitialise
 .text.vListInitialiseItem
                0x00109cd4        0xc ../core/os/core/list.o
                0x00109cd4                vListInitialiseItem
 .text.vListInsertEnd
                0x00109ce0       0x34 ../core/os/core/list.o
                0x00109ce0                vListInsertEnd
 .text.vListInsert
                0x00109d14       0x64 ../core/os/core/list.o
                0x00109d14                vListInsert
 .text.vListRemove
                0x00109d78       0x3c ../core/os/core/list.o
                0x00109d78                vListRemove
 .text.uxQueueMessagesWaiting
                0x00109db4       0x1c ../core/os/core/queue.o
                0x00109db4                uxQueueMessagesWaiting
 .text.prvCopyDataFromQueue
                0x00109dd0       0x48 ../core/os/core/queue.o
 .text.prvCopyDataToQueue
                0x00109e18       0x9c ../core/os/core/queue.o
 .text.xQueueGenericSendFromISR
                0x00109eb4       0x7c ../core/os/core/queue.o
                0x00109eb4                xQueueGenericSendFromISR
 .text.prvUnlockQueue
                0x00109f30       0xfc ../core/os/core/queue.o
 .text.xQueueGenericReceive
                0x0010a02c      0x198 ../core/os/core/queue.o
                0x0010a02c                xQueueGenericReceive
 .text.xQueueGenericSend
                0x0010a1c4      0x168 ../core/os/core/queue.o
                0x0010a1c4                xQueueGenericSend
 .text.xQueueCreate
                0x0010a32c       0xa4 ../core/os/core/queue.o
                0x0010a32c                xQueueCreate
 .text.vTaskSwitchContext
                0x0010a3d0       0xa4 ../core/os/core/tasks.o
                0x0010a3d0                vTaskSwitchContext
 .text.vTaskSetTimeOutState
                0x0010a474       0x20 ../core/os/core/tasks.o
                0x0010a474                vTaskSetTimeOutState
 .text.vTaskMissedYield
                0x0010a494       0x14 ../core/os/core/tasks.o
                0x0010a494                vTaskMissedYield
 .text.xTaskCheckForTimeOut
                0x0010a4a8       0xc0 ../core/os/core/tasks.o
                0x0010a4a8                xTaskCheckForTimeOut
 .text.vTaskSuspendAll
                0x0010a568       0x24 ../core/os/core/tasks.o
                0x0010a568                vTaskSuspendAll
 .text.xTaskRemoveFromEventList
                0x0010a58c       0xa4 ../core/os/core/tasks.o
                0x0010a58c                xTaskRemoveFromEventList
 .text.vTaskIncrementTick
                0x0010a630      0x16c ../core/os/core/tasks.o
                0x0010a630                vTaskIncrementTick
 .text.vTaskPlaceOnEventList
                0x0010a79c       0x8c ../core/os/core/tasks.o
                0x0010a79c                vTaskPlaceOnEventList
 .text.xTaskCreate
                0x0010a828      0x23c ../core/os/core/tasks.o
                0x0010a828                xTaskCreate
 .text.vTaskStartScheduler
                0x0010aa64       0x78 ../core/os/core/tasks.o
                0x0010aa64                vTaskStartScheduler
 .text.xTaskResumeAll
                0x0010aadc      0x284 ../core/os/core/tasks.o
                0x0010aadc                xTaskResumeAll
 .text.prvIdleTask
                0x0010ad60       0xbc ../core/os/core/tasks.o
 .text.vTaskDelay
                0x0010ae1c       0xa4 ../core/os/core/tasks.o
                0x0010ae1c                vTaskDelay
 .text.pxPortInitialiseStack
                0x0010aec0      0x1c0 ../core/os/core/port.o
                0x0010aec0                pxPortInitialiseStack
 .text.xPortStartScheduler
                0x0010b080       0x48 ../core/os/core/port.o
                0x0010b080                xPortStartScheduler
 .text.vPortISRStartFirstTask
                0x0010b0c8       0x54 ../core/os/core/portISR.o
                0x0010b0c8                vPortISRStartFirstTask
 .text.vPortEnterCritical
                0x0010b11c       0x2c ../core/os/core/portISR.o
                0x0010b11c                vPortEnterCritical
 .text.vPortExitCritical
                0x0010b148       0x44 ../core/os/core/portISR.o
                0x0010b148                vPortExitCritical
 .text.vPreemptiveTick
                0x0010b18c       0xbc ../core/os/core/portISR.o
                0x0010b18c                vPreemptiveTick
 .text.swi_handler
                0x0010b248       0xac ../core/os/core/portISR.o
                0x0010b248                swi_handler
 .text.vPortFree
                0x0010b2f4       0x20 ../core/os/core/MemMang/heap_3.o
                0x0010b2f4                vPortFree
 .text.pvPortMalloc
                0x0010b314       0x24 ../core/os/core/MemMang/heap_3.o
                0x0010b314                pvPortMalloc
 .text.vDetachUSBInterface
                0x0010b338       0x18 ../core/os/usb/USB-CDC.o
                0x0010b338                vDetachUSBInterface
 .text.vUSBRecvByte
                0x0010b350       0x88 ../core/os/usb/USB-CDC.o
                0x0010b350                vUSBRecvByte
 .text.usb_send_buffer_zero_copy
                0x0010b3d8       0x40 ../core/os/usb/USB-CDC.o
                0x0010b3d8                usb_send_buffer_zero_copy
 .text.vUSBSendByte
                0x0010b418       0x38 ../core/os/usb/USB-CDC.o
                0x0010b418                vUSBSendByte
 .text.prvSendStall
                0x0010b450       0x24 ../core/os/usb/USB-CDC.o
 .text.prvSendZLP
                0x0010b474       0x5c ../core/os/usb/USB-CDC.o
 .text.prvSendNextSegment
                0x0010b4d0       0xf8 ../core/os/usb/USB-CDC.o
 .text.prvSendControlData
                0x0010b5c8       0x78 ../core/os/usb/USB-CDC.o
 .text.vUSBCDCTask
                0x0010b640      0x9c4 ../core/os/usb/USB-CDC.o
                0x0010b640                vUSBCDCTask
 .text.vUSB_ISR_Handler
                0x0010c004      0x1a4 ../core/os/usb/USBIsr.o
                0x0010c004                vUSB_ISR_Handler
 .text.vUSB_ISR_Wrapper
                0x0010c1a8       0xa8 ../core/os/usb/USBIsr.o
                0x0010c1a8                vUSB_ISR_Wrapper
 *(.rodata)
 .rodata        0x0010c250       0x20 /share/Studienarbeit/projects/openbeacon/arm/bin/../lib/gcc/arm-elf/4.1.0/../../../../arm-elf/lib/libg.a(vfprintf.o)
 .rodata        0x0010c270        0x4 /share/Studienarbeit/projects/openbeacon/arm/bin/../lib/gcc/arm-elf/4.1.0/../../../../arm-elf/lib/libg.a(impure.o)
                0x0010c270                _global_impure_ptr
 .rodata        0x0010c274       0x34 /share/Studienarbeit/projects/openbeacon/arm/bin/../lib/gcc/arm-elf/4.1.0/../../../../arm-elf/lib/libg.a(locale.o)
 .rodata        0x0010c2a8      0x124 /share/Studienarbeit/projects/openbeacon/arm/bin/../lib/gcc/arm-elf/4.1.0/../../../../arm-elf/lib/libg.a(mprec.o)
                0x0010c398                __mprec_tinytens
                0x0010c2a8                __mprec_tens
                0x0010c370                __mprec_bigtens
 .rodata        0x0010c3cc       0x14 /share/Studienarbeit/projects/openbeacon/arm/bin/../lib/gcc/arm-elf/4.1.0/libgcc.a(_thenan_df.o)
                0x0010c3cc                __thenan_df
 *(.rodata*)
 .rodata.str1.4
                0x0010c3e0        0x4 application/main.o
 .rodata.str1.4
                0x0010c3e4       0x41 application/usbshell.o
                                 0x44 (size before relaxing)
 .rodata.broadcast_mac
                0x0010c425        0x5 application/usbshell.o
 .rodata.rfbroadcast_mac
                0x0010c42a        0x5 ../core/openbeacon/nRF24L01/nRF_API.o
                0x0010c42a                rfbroadcast_mac
 .rodata.ACTIVATE_SEQUENCE.1822
                0x0010c42f        0x2 ../core/openbeacon/nRF24L01/nRF_API.o
 .rodata.C.2.1824
                0x0010c431        0x2 ../core/openbeacon/nRF24L01/nRF_API.o
 *fill*         0x0010c433        0x1 00
 .rodata.str1.4
                0x0010c434        0x5 ../core/os/core/tasks.o
                                  0x8 (size before relaxing)
 .rodata.pxLanguageStringDescriptor
                0x0010c439        0x4 ../core/os/usb/USB-CDC.o
                0x0010c439                pxLanguageStringDescriptor
 .rodata.pxManufacturerStringDescriptor
                0x0010c43d       0x1c ../core/os/usb/USB-CDC.o
                0x0010c43d                pxManufacturerStringDescriptor
 .rodata.pxProductStringDescriptor
                0x0010c459       0x2c ../core/os/usb/USB-CDC.o
                0x0010c459                pxProductStringDescriptor
 .rodata.pxConfigDescriptor1
                0x0010c485       0x43 ../core/os/usb/USB-CDC.o
                0x0010c485                pxConfigDescriptor1
 .rodata.pxConfigDescriptor2
                0x0010c4c8       0x43 ../core/os/usb/USB-CDC.o
                0x0010c4c8                pxConfigDescriptor2
 *fill*         0x0010c50b        0x1 00
 .rodata.pxConfigDescriptorSizes
                0x0010c50c        0x8 ../core/os/usb/USB-CDC.o
                0x0010c50c                pxConfigDescriptorSizes
 .rodata.pxDeviceDescriptor
                0x0010c514       0x12 ../core/os/usb/USB-CDC.o
                0x0010c514                pxDeviceDescriptor
 *fill*         0x0010c526        0x2 00
 .rodata.C.25.4299
                0x0010c528       0x14 ../core/os/usb/USB-CDC.o
 .rodata.pxLineCoding
                0x0010c53c        0x7 ../core/os/usb/USB-CDC.o
 *fill*         0x0010c543        0x1 00
 .rodata.str1.4
                0x0010c544       0x63 /share/Studienarbeit/projects/openbeacon/arm/bin/../lib/gcc/arm-elf/4.1.0/../../../../arm-elf/lib/libg.a(vfprintf.o)
                                 0x64 (size before relaxing)
 *fill*         0x0010c5a7        0x1 00
 .rodata.str1.4
                0x0010c5a8       0x1e /share/Studienarbeit/projects/openbeacon/arm/bin/../lib/gcc/arm-elf/4.1.0/../../../../arm-elf/lib/libg.a(wctomb_r.o)
                                 0x20 (size before relaxing)
 *fill*         0x0010c5c6        0x2 00
 .rodata.str1.4
                0x0010c5c8       0x10 /share/Studienarbeit/projects/openbeacon/arm/bin/../lib/gcc/arm-elf/4.1.0/../../../../arm-elf/lib/libg.a(dtoa.o)
                                 0x14 (size before relaxing)
 .rodata.str1.4
                0x0010c5d8        0x2 /share/Studienarbeit/projects/openbeacon/arm/bin/../lib/gcc/arm-elf/4.1.0/../../../../arm-elf/lib/libg.a(impure.o)
                                  0x4 (size before relaxing)
 *fill*         0x0010c5da        0x2 00
 .rodata.str1.4
                0x0010c5dc        0xb /share/Studienarbeit/projects/openbeacon/arm/bin/../lib/gcc/arm-elf/4.1.0/../../../../arm-elf/lib/libg.a(locale.o)
                                 0x18 (size before relaxing)
 *fill*         0x0010c5e7        0x1 00
 .rodata.str1.4
                0x0010c5e8        0x4 /share/Studienarbeit/projects/openbeacon/arm/bin/../lib/gcc/arm-elf/4.1.0/../../../../arm-elf/lib/libg.a(syscalls.o)
 *(.glue_7)
 *(.glue_7t)
                0x0010c5ec                __end_of_text__ = .

.data           0x00200000      0x830 load address 0x0010c5ec
                0x00200000                __data_beg__ = .
                0x0010c5ec                __data_beg_src__ = __end_of_text__
 *(.data)
 .data          0x00200000      0x410 /share/Studienarbeit/projects/openbeacon/arm/bin/../lib/gcc/arm-elf/4.1.0/../../../../arm-elf/lib/libg.a(mallocr.o)
                0x0020040c                __malloc_sbrk_base
                0x00200000                __malloc_av_
                0x00200408                __malloc_trim_threshold
 .data          0x00200410      0x404 /share/Studienarbeit/projects/openbeacon/arm/bin/../lib/gcc/arm-elf/4.1.0/../../../../arm-elf/lib/libg.a(impure.o)
                0x00200410                _impure_ptr
 .data          0x00200814       0x10 /share/Studienarbeit/projects/openbeacon/arm/bin/../lib/gcc/arm-elf/4.1.0/../../../../arm-elf/lib/libg.a(locale.o)
                0x00200814                __mb_cur_max
                0x00200818                __lc_ctype
 *(.data.*)
 .data.ulCriticalNesting
                0x00200824        0x4 ../core/os/core/portISR.o
                0x00200824                ulCriticalNesting
 .data.pxConfigDescriptorList
                0x00200828        0x8 ../core/os/usb/USB-CDC.o
                0x00200828                pxConfigDescriptorList
 *(.ramfunc)
                0x00200830                __data_end__ = .

.bss            0x00200830     0x1004
                0x00200830                __bss_beg__ = .
 *(.bss)
 .bss           0x00200830       0x34 /share/Studienarbeit/projects/openbeacon/arm/bin/../lib/gcc/arm-elf/4.1.0/../../../../arm-elf/lib/libg.a(mallocr.o)
                0x00200830                __malloc_top_pad
                0x00200834                __malloc_max_sbrked_mem
                0x0020083c                __malloc_current_mallinfo
                0x00200838                __malloc_max_total_mem
 .bss           0x00200864       0xb0 /share/Studienarbeit/projects/openbeacon/arm/bin/../lib/gcc/arm-elf/4.1.0/../../../../arm-elf/lib/libg.a(syscalls.o)
 *(.bss.*)
 .bss.nrf_powerlevel_current
                0x00200914        0x1 application/usbshell.o
 .bss.nrf_powerlevel_last
                0x00200915        0x1 application/usbshell.o
 *fill*         0x00200916        0x2 00
 .bss.jam_density_ms
                0x00200918        0x4 application/usbshell.o
 .bss.heap_ptr  0x0020091c        0x4 ../core/openbeacon/syscalls.o
 .bss.spi_outbuf
                0x00200920       0x21 ../core/openbeacon/nRF24L01/nRF_CMD.o
 .bss.spi_inbuf
                0x00200941       0x21 ../core/openbeacon/nRF24L01/nRF_CMD.o
 *fill*         0x00200962        0x2 00
 .bss.xnRF_SemaphoreDMA
                0x00200964        0x4 ../core/openbeacon/nRF24L01/nRF_CMD.o
 .bss.xnRF_SemaphoreACK
                0x00200968        0x4 ../core/openbeacon/nRF24L01/nRF_CMD.o
 .bss.pxCurrentTCB
                0x0020096c        0x4 ../core/os/core/tasks.o
                0x0020096c                pxCurrentTCB
 .bss.xMissedYield
                0x00200970        0x4 ../core/os/core/tasks.o
 .bss.xNumOfOverflows
                0x00200974        0x4 ../core/os/core/tasks.o
 .bss.xTickCount
                0x00200978        0x4 ../core/os/core/tasks.o
 .bss.uxSchedulerSuspended
                0x0020097c        0x4 ../core/os/core/tasks.o
 .bss.uxTopReadyPriority
                0x00200980        0x4 ../core/os/core/tasks.o
 .bss.uxMissedTicks
                0x00200984        0x4 ../core/os/core/tasks.o
 .bss.uxCurrentNumberOfTasks
                0x00200988        0x4 ../core/os/core/tasks.o
 .bss.xSchedulerRunning
                0x0020098c        0x4 ../core/os/core/tasks.o
 .bss.uxTasksDeleted
                0x00200990        0x4 ../core/os/core/tasks.o
 .bss.uxTopUsedPriority
                0x00200994        0x4 ../core/os/core/tasks.o
 .bss.pxReadyTasksLists
                0x00200998       0x64 ../core/os/core/tasks.o
 .bss.xDelayedTaskList1
                0x002009fc       0x14 ../core/os/core/tasks.o
 .bss.xDelayedTaskList2
                0x00200a10       0x14 ../core/os/core/tasks.o
 .bss.pxDelayedTaskList
                0x00200a24        0x4 ../core/os/core/tasks.o
 .bss.pxOverflowDelayedTaskList
                0x00200a28        0x4 ../core/os/core/tasks.o
 .bss.xPendingReadyList
                0x00200a2c       0x14 ../core/os/core/tasks.o
 .bss.xTasksWaitingTermination
                0x00200a40       0x14 ../core/os/core/tasks.o
 .bss.xSuspendedTaskList
                0x00200a54       0x14 ../core/os/core/tasks.o
 .bss.ucUSBConfig
                0x00200a68        0x1 ../core/os/usb/USB-CDC.o
 *fill*         0x00200a69        0x3 00
 .bss.eDriverState
                0x00200a6c        0x4 ../core/os/usb/USB-CDC.o
 .bss.ulReceivedAddress
                0x00200a70        0x4 ../core/os/usb/USB-CDC.o
 .bss.xRequest.4456
                0x00200a74        0x8 ../core/os/usb/USB-CDC.o
 .bss.pxControlTx
                0x00200a7c       0x88 ../core/os/usb/USB-CDC.o
 .bss.pxControlRx
                0x00200b04       0x88 ../core/os/usb/USB-CDC.o
 .bss.xRxCDC    0x00200b8c        0x4 ../core/os/usb/USB-CDC.o
 .bss.xTxCDC    0x00200b90        0x4 ../core/os/usb/USB-CDC.o
 .bss.usb_zcopy_tx_queue
                0x00200b94        0x4 ../core/os/usb/USB-CDC.o
 .bss.ucControlState
                0x00200b98        0x1 ../core/os/usb/USB-CDC.o
 *fill*         0x00200b99        0x3 00
 .bss.uiCurrentBank
                0x00200b9c        0x4 ../core/os/usb/USB-CDC.o
 .bss.ulNextMessage.3416
                0x00200ba0        0x4 ../core/os/usb/USBIsr.o
 .bss.xISRMessages
                0x00200ba4       0x40 ../core/os/usb/USBIsr.o
 COMMON         0x00200be4      0xbc4 application/usbshell.o
                0x00200be4                rf_sent_unicast
                0x00200be8                packet
                0x002011c4                msg_pack
                0x002017a0                rf_sent_broadcast
                0x002017a4                rf_rec
 COMMON         0x002017a8       0x80 ../core/openbeacon/env.o
                0x002017a8                env
 COMMON         0x00201828        0x8 ../core/openbeacon/nRF24L01/nRF_CMD.o
                0x00201828                nRFCMD_Macro
                0x0020182c                nRFCMD_MacroResult
 COMMON         0x00201830        0x4 ../core/os/usb/USB-CDC.o
                0x00201830                xUSBInterruptQueue
                0x00201834                . = ALIGN (0x4)
                0x00201834                . = ALIGN (0x4)
                0x00201834                _end = .
                0x00201834                _bss_end__ = .
                0x00201834                __bss_end__ = .
                0x00201834                __end__ = .
                0x00201834                PROVIDE (end, .)
OUTPUT(openbeacon-send-pack_1.elf elf32-littlearm)

.debug_abbrev   0x00000000     0x6772
 .debug_abbrev  0x00000000      0x196 application/main.o
 .debug_abbrev  0x00000196      0x1df application/usbshell.o
 .debug_abbrev  0x00000375       0xaa ../core//openbeacon/crc32.o
 .debug_abbrev  0x0000041f       0x7f ../core//openbeacon/rnd.o
 .debug_abbrev  0x0000049e      0x136 ../core/openbeacon/dbgu.o
 .debug_abbrev  0x000005d4      0x23a ../core/openbeacon/syscalls.o
 .debug_abbrev  0x0000080e      0x181 ../core/openbeacon/led.o
 .debug_abbrev  0x0000098f      0x25e ../core/openbeacon/env.o
 .debug_abbrev  0x00000bed       0x9e ../core/openbeacon/sort.o
 .debug_abbrev  0x00000c8b      0x16e ../core/openbeacon/nRF24L01/nRF_API.o
 .debug_abbrev  0x00000df9      0x2c3 ../core/openbeacon/nRF24L01/nRF_CMD.o
 .debug_abbrev  0x000010bc       0x8a ../core/os/boot/Cstartup_SAM7.o
 .debug_abbrev  0x00001146      0x2b6 ../core/os/core/ARM7_AT91SAM7/lib_AT91SAM7.o
 .debug_abbrev  0x000013fc       0xc9 ../core/os/core/list.o
 .debug_abbrev  0x000014c5      0x194 ../core/os/core/queue.o
 .debug_abbrev  0x00001659      0x267 ../core/os/core/tasks.o
 .debug_abbrev  0x000018c0      0x116 ../core/os/core/port.o
 .debug_abbrev  0x000019d6       0x72 ../core/os/core/portISR.o
 .debug_abbrev  0x00001a48       0x93 ../core/os/core/MemMang/heap_3.o
 .debug_abbrev  0x00001adb      0x300 ../core/os/usb/USB-CDC.o
 .debug_abbrev  0x00001ddb       0xda ../core/os/usb/USBIsr.o
 .debug_abbrev  0x00001eb5       0x10 /tmp/ccfWNcsY.o
 .debug_abbrev  0x00001ec5       0x14 /share/Studienarbeit/projects/openbeacon/arm/bin/../lib/gcc/arm-elf/4.1.0/libgcc.a(_udivsi3.o)
 .debug_abbrev  0x00001ed9       0x14 /share/Studienarbeit/projects/openbeacon/arm/bin/../lib/gcc/arm-elf/4.1.0/libgcc.a(_dvmd_tls.o)
 .debug_abbrev  0x00001eed      0x187 /share/Studienarbeit/projects/openbeacon/arm/bin/../lib/gcc/arm-elf/4.1.0/../../../../arm-elf/lib/libg.a(malloc.o)
 .debug_abbrev  0x00002074      0x225 /share/Studienarbeit/projects/openbeacon/arm/bin/../lib/gcc/arm-elf/4.1.0/../../../../arm-elf/lib/libg.a(mallocr.o)
 .debug_abbrev  0x00002299       0xa6 /share/Studienarbeit/projects/openbeacon/arm/bin/../lib/gcc/arm-elf/4.1.0/../../../../arm-elf/lib/libg.a(memcpy.o)
 .debug_abbrev  0x0000233f       0xa9 /share/Studienarbeit/projects/openbeacon/arm/bin/../lib/gcc/arm-elf/4.1.0/../../../../arm-elf/lib/libg.a(memset.o)
 .debug_abbrev  0x000023e8      0x16a /share/Studienarbeit/projects/openbeacon/arm/bin/../lib/gcc/arm-elf/4.1.0/../../../../arm-elf/lib/libg.a(mlock.o)
 .debug_abbrev  0x00002552      0x1af /share/Studienarbeit/projects/openbeacon/arm/bin/../lib/gcc/arm-elf/4.1.0/../../../../arm-elf/lib/libg.a(sprintf.o)
 .debug_abbrev  0x00002701       0x8b /share/Studienarbeit/projects/openbeacon/arm/bin/../lib/gcc/arm-elf/4.1.0/../../../../arm-elf/lib/libg.a(strlen.o)
 .debug_abbrev  0x0000278c       0x8d /share/Studienarbeit/projects/openbeacon/arm/bin/../lib/gcc/arm-elf/4.1.0/../../../../arm-elf/lib/libg.a(strncpy.o)
 .debug_abbrev  0x00002819      0x367 /share/Studienarbeit/projects/openbeacon/arm/bin/../lib/gcc/arm-elf/4.1.0/../../../../arm-elf/lib/libg.a(vfprintf.o)
 .debug_abbrev  0x00002b80      0x18e /share/Studienarbeit/projects/openbeacon/arm/bin/../lib/gcc/arm-elf/4.1.0/../../../../arm-elf/lib/libg.a(wcrtomb.o)
 .debug_abbrev  0x00002d0e      0x1a4 /share/Studienarbeit/projects/openbeacon/arm/bin/../lib/gcc/arm-elf/4.1.0/../../../../arm-elf/lib/libg.a(wcsrtombs.o)
 .debug_abbrev  0x00002eb2      0x1ab /share/Studienarbeit/projects/openbeacon/arm/bin/../lib/gcc/arm-elf/4.1.0/../../../../arm-elf/lib/libg.a(wctomb_r.o)
 .debug_abbrev  0x0000305d      0x170 /share/Studienarbeit/projects/openbeacon/arm/bin/../lib/gcc/arm-elf/4.1.0/../../../../arm-elf/lib/libg.a(wsetup.o)
 .debug_abbrev  0x000031cd      0x223 /share/Studienarbeit/projects/openbeacon/arm/bin/../lib/gcc/arm-elf/4.1.0/../../../../arm-elf/lib/libg.a(dtoa.o)
 .debug_abbrev  0x000033f0      0x17f /share/Studienarbeit/projects/openbeacon/arm/bin/../lib/gcc/arm-elf/4.1.0/../../../../arm-elf/lib/libg.a(fflush.o)
 .debug_abbrev  0x0000356f      0x24c /share/Studienarbeit/projects/openbeacon/arm/bin/../lib/gcc/arm-elf/4.1.0/../../../../arm-elf/lib/libg.a(findfp.o)
 .debug_abbrev  0x000037bb      0x1e8 /share/Studienarbeit/projects/openbeacon/arm/bin/../lib/gcc/arm-elf/4.1.0/../../../../arm-elf/lib/libg.a(freer.o)
 .debug_abbrev  0x000039a3      0x1b4 /share/Studienarbeit/projects/openbeacon/arm/bin/../lib/gcc/arm-elf/4.1.0/../../../../arm-elf/lib/libg.a(fvwrite.o)
 .debug_abbrev  0x00003b57      0x1ee /share/Studienarbeit/projects/openbeacon/arm/bin/../lib/gcc/arm-elf/4.1.0/../../../../arm-elf/lib/libg.a(fwalk.o)
 .debug_abbrev  0x00003d45      0x157 /share/Studienarbeit/projects/openbeacon/arm/bin/../lib/gcc/arm-elf/4.1.0/../../../../arm-elf/lib/libg.a(impure.o)
 .debug_abbrev  0x00003e9c      0x1de /share/Studienarbeit/projects/openbeacon/arm/bin/../lib/gcc/arm-elf/4.1.0/../../../../arm-elf/lib/libg.a(locale.o)
 .debug_abbrev  0x0000407a      0x1a8 /share/Studienarbeit/projects/openbeacon/arm/bin/../lib/gcc/arm-elf/4.1.0/../../../../arm-elf/lib/libg.a(makebuf.o)
 .debug_abbrev  0x00004222       0xb5 /share/Studienarbeit/projects/openbeacon/arm/bin/../lib/gcc/arm-elf/4.1.0/../../../../arm-elf/lib/libg.a(memchr.o)
 .debug_abbrev  0x000042d7       0x99 /share/Studienarbeit/projects/openbeacon/arm/bin/../lib/gcc/arm-elf/4.1.0/../../../../arm-elf/lib/libg.a(memmove.o)
 .debug_abbrev  0x00004370      0x280 /share/Studienarbeit/projects/openbeacon/arm/bin/../lib/gcc/arm-elf/4.1.0/../../../../arm-elf/lib/libg.a(mprec.o)
 .debug_abbrev  0x000045f0      0x1c3 /share/Studienarbeit/projects/openbeacon/arm/bin/../lib/gcc/arm-elf/4.1.0/../../../../arm-elf/lib/libg.a(reallocr.o)
 .debug_abbrev  0x000047b3       0xd4 /share/Studienarbeit/projects/openbeacon/arm/bin/../lib/gcc/arm-elf/4.1.0/../../../../arm-elf/lib/libg.a(s_isinf.o)
 .debug_abbrev  0x00004887       0xd4 /share/Studienarbeit/projects/openbeacon/arm/bin/../lib/gcc/arm-elf/4.1.0/../../../../arm-elf/lib/libg.a(s_isnan.o)
 .debug_abbrev  0x0000495b      0x1b4 /share/Studienarbeit/projects/openbeacon/arm/bin/../lib/gcc/arm-elf/4.1.0/../../../../arm-elf/lib/libg.a(stdio.o)
 .debug_abbrev  0x00004b0f       0x71 /share/Studienarbeit/projects/openbeacon/arm/bin/../lib/gcc/arm-elf/4.1.0/../../../../arm-elf/lib/libg.a(strcmp.o)
 .debug_abbrev  0x00004b80      0x407 /share/Studienarbeit/projects/openbeacon/arm/bin/../lib/gcc/arm-elf/4.1.0/../../../../arm-elf/lib/libg.a(syscalls.o)
 .debug_abbrev  0x00004f87      0x1be /share/Studienarbeit/projects/openbeacon/arm/bin/../lib/gcc/arm-elf/4.1.0/../../../../arm-elf/lib/libg.a(callocr.o)
 .debug_abbrev  0x00005145      0x15f /share/Studienarbeit/projects/openbeacon/arm/bin/../lib/gcc/arm-elf/4.1.0/../../../../arm-elf/lib/libg.a(errno.o)
 .debug_abbrev  0x000052a4      0x1a7 /share/Studienarbeit/projects/openbeacon/arm/bin/../lib/gcc/arm-elf/4.1.0/../../../../arm-elf/lib/libg.a(fclose.o)
 .debug_abbrev  0x0000544b      0x1b5 /share/Studienarbeit/projects/openbeacon/arm/bin/../lib/gcc/arm-elf/4.1.0/libgcc.a(_addsub_df.o)
 .debug_abbrev  0x00005600      0x1e7 /share/Studienarbeit/projects/openbeacon/arm/bin/../lib/gcc/arm-elf/4.1.0/libgcc.a(_mul_df.o)
 .debug_abbrev  0x000057e7      0x1db /share/Studienarbeit/projects/openbeacon/arm/bin/../lib/gcc/arm-elf/4.1.0/libgcc.a(_div_df.o)
 .debug_abbrev  0x000059c2      0x157 /share/Studienarbeit/projects/openbeacon/arm/bin/../lib/gcc/arm-elf/4.1.0/libgcc.a(_eq_df.o)
 .debug_abbrev  0x00005b19      0x157 /share/Studienarbeit/projects/openbeacon/arm/bin/../lib/gcc/arm-elf/4.1.0/libgcc.a(_ne_df.o)
 .debug_abbrev  0x00005c70      0x157 /share/Studienarbeit/projects/openbeacon/arm/bin/../lib/gcc/arm-elf/4.1.0/libgcc.a(_gt_df.o)
 .debug_abbrev  0x00005dc7      0x157 /share/Studienarbeit/projects/openbeacon/arm/bin/../lib/gcc/arm-elf/4.1.0/libgcc.a(_ge_df.o)
 .debug_abbrev  0x00005f1e      0x157 /share/Studienarbeit/projects/openbeacon/arm/bin/../lib/gcc/arm-elf/4.1.0/libgcc.a(_lt_df.o)
 .debug_abbrev  0x00006075       0xf1 /share/Studienarbeit/projects/openbeacon/arm/bin/../lib/gcc/arm-elf/4.1.0/libgcc.a(_si_to_df.o)
 .debug_abbrev  0x00006166      0x166 /share/Studienarbeit/projects/openbeacon/arm/bin/../lib/gcc/arm-elf/4.1.0/libgcc.a(_df_to_si.o)
 .debug_abbrev  0x000062cc       0xba /share/Studienarbeit/projects/openbeacon/arm/bin/../lib/gcc/arm-elf/4.1.0/libgcc.a(_thenan_df.o)
 .debug_abbrev  0x00006386      0x192 /share/Studienarbeit/projects/openbeacon/arm/bin/../lib/gcc/arm-elf/4.1.0/libgcc.a(_pack_df.o)
 .debug_abbrev  0x00006518      0x149 /share/Studienarbeit/projects/openbeacon/arm/bin/../lib/gcc/arm-elf/4.1.0/libgcc.a(_unpack_df.o)
 .debug_abbrev  0x00006661      0x111 /share/Studienarbeit/projects/openbeacon/arm/bin/../lib/gcc/arm-elf/4.1.0/libgcc.a(_fpcmp_parts_df.o)

.debug_info     0x00000000    0x1cc2b
 .debug_info    0x00000000      0x28b application/main.o
 .debug_info    0x0000028b      0x547 application/usbshell.o
 .debug_info    0x000007d2       0xf0 ../core//openbeacon/crc32.o
 .debug_info    0x000008c2       0xb3 ../core//openbeacon/rnd.o
 .debug_info    0x00000975      0x5e6 ../core/openbeacon/dbgu.o
 .debug_info    0x00000f5b      0xd2b ../core/openbeacon/syscalls.o
 .debug_info    0x00001c86      0x5bd ../core/openbeacon/led.o
 .debug_info    0x00002243      0x4ae ../core/openbeacon/env.o
 .debug_info    0x000026f1       0xcf ../core/openbeacon/sort.o
 .debug_info    0x000027c0      0x57d ../core/openbeacon/nRF24L01/nRF_API.o
 .debug_info    0x00002d3d      0xdea ../core/openbeacon/nRF24L01/nRF_CMD.o
 .debug_info    0x00003b27      0x1fa ../core/os/boot/Cstartup_SAM7.o
 .debug_info    0x00003d21     0x1623 ../core/os/core/ARM7_AT91SAM7/lib_AT91SAM7.o
 .debug_info    0x00005344      0x28b ../core/os/core/list.o
 .debug_info    0x000055cf      0x73b ../core/os/core/queue.o
 .debug_info    0x00005d0a      0xc30 ../core/os/core/tasks.o
 .debug_info    0x0000693a      0x1ac ../core/os/core/port.o
 .debug_info    0x00006ae6       0xf6 ../core/os/core/portISR.o
 .debug_info    0x00006bdc       0xd4 ../core/os/core/MemMang/heap_3.o
 .debug_info    0x00006cb0      0xac4 ../core/os/usb/USB-CDC.o
 .debug_info    0x00007774      0x186 ../core/os/usb/USBIsr.o
 .debug_info    0x000078fa       0x84 /tmp/ccfWNcsY.o
 .debug_info    0x0000797e       0x88 /share/Studienarbeit/projects/openbeacon/arm/bin/../lib/gcc/arm-elf/4.1.0/libgcc.a(_udivsi3.o)
 .debug_info    0x00007a06       0x88 /share/Studienarbeit/projects/openbeacon/arm/bin/../lib/gcc/arm-elf/4.1.0/libgcc.a(_dvmd_tls.o)
 .debug_info    0x00007a8e      0x953 /share/Studienarbeit/projects/openbeacon/arm/bin/../lib/gcc/arm-elf/4.1.0/../../../../arm-elf/lib/libg.a(malloc.o)
 .debug_info    0x000083e1      0xcba /share/Studienarbeit/projects/openbeacon/arm/bin/../lib/gcc/arm-elf/4.1.0/../../../../arm-elf/lib/libg.a(mallocr.o)
 .debug_info    0x0000909b      0x10a /share/Studienarbeit/projects/openbeacon/arm/bin/../lib/gcc/arm-elf/4.1.0/../../../../arm-elf/lib/libg.a(memcpy.o)
 .debug_info    0x000091a5      0x10e /share/Studienarbeit/projects/openbeacon/arm/bin/../lib/gcc/arm-elf/4.1.0/../../../../arm-elf/lib/libg.a(memset.o)
 .debug_info    0x000092b3      0x93c /share/Studienarbeit/projects/openbeacon/arm/bin/../lib/gcc/arm-elf/4.1.0/../../../../arm-elf/lib/libg.a(mlock.o)
 .debug_info    0x00009bef      0xa00 /share/Studienarbeit/projects/openbeacon/arm/bin/../lib/gcc/arm-elf/4.1.0/../../../../arm-elf/lib/libg.a(sprintf.o)
 .debug_info    0x0000a5ef       0xd4 /share/Studienarbeit/projects/openbeacon/arm/bin/../lib/gcc/arm-elf/4.1.0/../../../../arm-elf/lib/libg.a(strlen.o)
 .debug_info    0x0000a6c3      0x127 /share/Studienarbeit/projects/openbeacon/arm/bin/../lib/gcc/arm-elf/4.1.0/../../../../arm-elf/lib/libg.a(strncpy.o)
 .debug_info    0x0000a7ea     0x10ee /share/Studienarbeit/projects/openbeacon/arm/bin/../lib/gcc/arm-elf/4.1.0/../../../../arm-elf/lib/libg.a(vfprintf.o)
 .debug_info    0x0000b8d8      0x9ef /share/Studienarbeit/projects/openbeacon/arm/bin/../lib/gcc/arm-elf/4.1.0/../../../../arm-elf/lib/libg.a(wcrtomb.o)
 .debug_info    0x0000c2c7      0xa84 /share/Studienarbeit/projects/openbeacon/arm/bin/../lib/gcc/arm-elf/4.1.0/../../../../arm-elf/lib/libg.a(wcsrtombs.o)
 .debug_info    0x0000cd4b      0x9f7 /share/Studienarbeit/projects/openbeacon/arm/bin/../lib/gcc/arm-elf/4.1.0/../../../../arm-elf/lib/libg.a(wctomb_r.o)
 .debug_info    0x0000d742      0x93a /share/Studienarbeit/projects/openbeacon/arm/bin/../lib/gcc/arm-elf/4.1.0/../../../../arm-elf/lib/libg.a(wsetup.o)
 .debug_info    0x0000e07c      0xd61 /share/Studienarbeit/projects/openbeacon/arm/bin/../lib/gcc/arm-elf/4.1.0/../../../../arm-elf/lib/libg.a(dtoa.o)
 .debug_info    0x0000eddd      0x974 /share/Studienarbeit/projects/openbeacon/arm/bin/../lib/gcc/arm-elf/4.1.0/../../../../arm-elf/lib/libg.a(fflush.o)
 .debug_info    0x0000f751      0xb61 /share/Studienarbeit/projects/openbeacon/arm/bin/../lib/gcc/arm-elf/4.1.0/../../../../arm-elf/lib/libg.a(findfp.o)
 .debug_info    0x000102b2      0xbb1 /share/Studienarbeit/projects/openbeacon/arm/bin/../lib/gcc/arm-elf/4.1.0/../../../../arm-elf/lib/libg.a(freer.o)
 .debug_info    0x00010e63      0xa5f /share/Studienarbeit/projects/openbeacon/arm/bin/../lib/gcc/arm-elf/4.1.0/../../../../arm-elf/lib/libg.a(fvwrite.o)
 .debug_info    0x000118c2      0xad9 /share/Studienarbeit/projects/openbeacon/arm/bin/../lib/gcc/arm-elf/4.1.0/../../../../arm-elf/lib/libg.a(fwalk.o)
 .debug_info    0x0001239b      0x922 /share/Studienarbeit/projects/openbeacon/arm/bin/../lib/gcc/arm-elf/4.1.0/../../../../arm-elf/lib/libg.a(impure.o)
 .debug_info    0x00012cbd      0xb7e /share/Studienarbeit/projects/openbeacon/arm/bin/../lib/gcc/arm-elf/4.1.0/../../../../arm-elf/lib/libg.a(locale.o)
 .debug_info    0x0001383b      0xad9 /share/Studienarbeit/projects/openbeacon/arm/bin/../lib/gcc/arm-elf/4.1.0/../../../../arm-elf/lib/libg.a(makebuf.o)
 .debug_info    0x00014314      0x133 /share/Studienarbeit/projects/openbeacon/arm/bin/../lib/gcc/arm-elf/4.1.0/../../../../arm-elf/lib/libg.a(memchr.o)
 .debug_info    0x00014447      0x13f /share/Studienarbeit/projects/openbeacon/arm/bin/../lib/gcc/arm-elf/4.1.0/../../../../arm-elf/lib/libg.a(memmove.o)
 .debug_info    0x00014586     0x1319 /share/Studienarbeit/projects/openbeacon/arm/bin/../lib/gcc/arm-elf/4.1.0/../../../../arm-elf/lib/libg.a(mprec.o)
 .debug_info    0x0001589f      0xbc7 /share/Studienarbeit/projects/openbeacon/arm/bin/../lib/gcc/arm-elf/4.1.0/../../../../arm-elf/lib/libg.a(reallocr.o)
 .debug_info    0x00016466      0x153 /share/Studienarbeit/projects/openbeacon/arm/bin/../lib/gcc/arm-elf/4.1.0/../../../../arm-elf/lib/libg.a(s_isinf.o)
 .debug_info    0x000165b9      0x151 /share/Studienarbeit/projects/openbeacon/arm/bin/../lib/gcc/arm-elf/4.1.0/../../../../arm-elf/lib/libg.a(s_isnan.o)
 .debug_info    0x0001670a      0xa70 /share/Studienarbeit/projects/openbeacon/arm/bin/../lib/gcc/arm-elf/4.1.0/../../../../arm-elf/lib/libg.a(stdio.o)
 .debug_info    0x0001717a       0xd8 /share/Studienarbeit/projects/openbeacon/arm/bin/../lib/gcc/arm-elf/4.1.0/../../../../arm-elf/lib/libg.a(strcmp.o)
 .debug_info    0x00017252     0x159c /share/Studienarbeit/projects/openbeacon/arm/bin/../lib/gcc/arm-elf/4.1.0/../../../../arm-elf/lib/libg.a(syscalls.o)
 .debug_info    0x000187ee      0xa01 /share/Studienarbeit/projects/openbeacon/arm/bin/../lib/gcc/arm-elf/4.1.0/../../../../arm-elf/lib/libg.a(callocr.o)
 .debug_info    0x000191ef      0x913 /share/Studienarbeit/projects/openbeacon/arm/bin/../lib/gcc/arm-elf/4.1.0/../../../../arm-elf/lib/libg.a(errno.o)
 .debug_info    0x00019b02      0x980 /share/Studienarbeit/projects/openbeacon/arm/bin/../lib/gcc/arm-elf/4.1.0/../../../../arm-elf/lib/libg.a(fclose.o)
 .debug_info    0x0001a482      0x479 /share/Studienarbeit/projects/openbeacon/arm/bin/../lib/gcc/arm-elf/4.1.0/libgcc.a(_addsub_df.o)
 .debug_info    0x0001a8fb      0x478 /share/Studienarbeit/projects/openbeacon/arm/bin/../lib/gcc/arm-elf/4.1.0/libgcc.a(_mul_df.o)
 .debug_info    0x0001ad73      0x3b2 /share/Studienarbeit/projects/openbeacon/arm/bin/../lib/gcc/arm-elf/4.1.0/libgcc.a(_div_df.o)
 .debug_info    0x0001b125      0x2aa /share/Studienarbeit/projects/openbeacon/arm/bin/../lib/gcc/arm-elf/4.1.0/libgcc.a(_eq_df.o)
 .debug_info    0x0001b3cf      0x2aa /share/Studienarbeit/projects/openbeacon/arm/bin/../lib/gcc/arm-elf/4.1.0/libgcc.a(_ne_df.o)
 .debug_info    0x0001b679      0x2aa /share/Studienarbeit/projects/openbeacon/arm/bin/../lib/gcc/arm-elf/4.1.0/libgcc.a(_gt_df.o)
 .debug_info    0x0001b923      0x2aa /share/Studienarbeit/projects/openbeacon/arm/bin/../lib/gcc/arm-elf/4.1.0/libgcc.a(_ge_df.o)
 .debug_info    0x0001bbcd      0x2aa /share/Studienarbeit/projects/openbeacon/arm/bin/../lib/gcc/arm-elf/4.1.0/libgcc.a(_lt_df.o)
 .debug_info    0x0001be77      0x1bd /share/Studienarbeit/projects/openbeacon/arm/bin/../lib/gcc/arm-elf/4.1.0/libgcc.a(_si_to_df.o)
 .debug_info    0x0001c034      0x2de /share/Studienarbeit/projects/openbeacon/arm/bin/../lib/gcc/arm-elf/4.1.0/libgcc.a(_df_to_si.o)
 .debug_info    0x0001c312      0x164 /share/Studienarbeit/projects/openbeacon/arm/bin/../lib/gcc/arm-elf/4.1.0/libgcc.a(_thenan_df.o)
 .debug_info    0x0001c476      0x323 /share/Studienarbeit/projects/openbeacon/arm/bin/../lib/gcc/arm-elf/4.1.0/libgcc.a(_pack_df.o)
 .debug_info    0x0001c799      0x27a /share/Studienarbeit/projects/openbeacon/arm/bin/../lib/gcc/arm-elf/4.1.0/libgcc.a(_unpack_df.o)
 .debug_info    0x0001ca13      0x218 /share/Studienarbeit/projects/openbeacon/arm/bin/../lib/gcc/arm-elf/4.1.0/libgcc.a(_fpcmp_parts_df.o)

.debug_line     0x00000000     0x6633
 .debug_line    0x00000000       0xf8 application/main.o
 .debug_line    0x000000f8      0x12e application/usbshell.o
 .debug_line    0x00000226       0x85 ../core//openbeacon/crc32.o
 .debug_line    0x000002ab       0x89 ../core//openbeacon/rnd.o
 .debug_line    0x00000334       0xf1 ../core/openbeacon/dbgu.o
 .debug_line    0x00000425      0x263 ../core/openbeacon/syscalls.o
 .debug_line    0x00000688      0x11a ../core/openbeacon/led.o
 .debug_line    0x000007a2      0x154 ../core/openbeacon/env.o
 .debug_line    0x000008f6       0x61 ../core/openbeacon/sort.o
 .debug_line    0x00000957      0x282 ../core/openbeacon/nRF24L01/nRF_API.o
 .debug_line    0x00000bd9      0x32b ../core/openbeacon/nRF24L01/nRF_CMD.o
 .debug_line    0x00000f04       0x92 ../core/os/boot/Cstartup_SAM7.o
 .debug_line    0x00000f96      0x303 ../core/os/core/ARM7_AT91SAM7/lib_AT91SAM7.o
 .debug_line    0x00001299      0x106 ../core/os/core/list.o
 .debug_line    0x0000139f      0x338 ../core/os/core/queue.o
 .debug_line    0x000016d7      0x483 ../core/os/core/tasks.o
 .debug_line    0x00001b5a      0x12c ../core/os/core/port.o
 .debug_line    0x00001c86       0xbc ../core/os/core/portISR.o
 .debug_line    0x00001d42       0xc5 ../core/os/core/MemMang/heap_3.o
 .debug_line    0x00001e07      0x37d ../core/os/usb/USB-CDC.o
 .debug_line    0x00002184       0xd8 ../core/os/usb/USBIsr.o
 .debug_line    0x0000225c       0x8a /tmp/ccfWNcsY.o
 .debug_line    0x000022e6       0x8d /share/Studienarbeit/projects/openbeacon/arm/bin/../lib/gcc/arm-elf/4.1.0/libgcc.a(_udivsi3.o)
 .debug_line    0x00002373       0x61 /share/Studienarbeit/projects/openbeacon/arm/bin/../lib/gcc/arm-elf/4.1.0/libgcc.a(_dvmd_tls.o)
 .debug_line    0x000023d4      0x118 /share/Studienarbeit/projects/openbeacon/arm/bin/../lib/gcc/arm-elf/4.1.0/../../../../arm-elf/lib/libg.a(malloc.o)
 .debug_line    0x000024ec      0x247 /share/Studienarbeit/projects/openbeacon/arm/bin/../lib/gcc/arm-elf/4.1.0/../../../../arm-elf/lib/libg.a(mallocr.o)
 .debug_line    0x00002733       0xcb /share/Studienarbeit/projects/openbeacon/arm/bin/../lib/gcc/arm-elf/4.1.0/../../../../arm-elf/lib/libg.a(memcpy.o)
 .debug_line    0x000027fe       0xd3 /share/Studienarbeit/projects/openbeacon/arm/bin/../lib/gcc/arm-elf/4.1.0/../../../../arm-elf/lib/libg.a(memset.o)
 .debug_line    0x000028d1      0x110 /share/Studienarbeit/projects/openbeacon/arm/bin/../lib/gcc/arm-elf/4.1.0/../../../../arm-elf/lib/libg.a(mlock.o)
 .debug_line    0x000029e1      0x1aa /share/Studienarbeit/projects/openbeacon/arm/bin/../lib/gcc/arm-elf/4.1.0/../../../../arm-elf/lib/libg.a(sprintf.o)
 .debug_line    0x00002b8b       0xaf /share/Studienarbeit/projects/openbeacon/arm/bin/../lib/gcc/arm-elf/4.1.0/../../../../arm-elf/lib/libg.a(strlen.o)
 .debug_line    0x00002c3a       0xd5 /share/Studienarbeit/projects/openbeacon/arm/bin/../lib/gcc/arm-elf/4.1.0/../../../../arm-elf/lib/libg.a(strncpy.o)
 .debug_line    0x00002d0f      0x581 /share/Studienarbeit/projects/openbeacon/arm/bin/../lib/gcc/arm-elf/4.1.0/../../../../arm-elf/lib/libg.a(vfprintf.o)
 .debug_line    0x00003290      0x180 /share/Studienarbeit/projects/openbeacon/arm/bin/../lib/gcc/arm-elf/4.1.0/../../../../arm-elf/lib/libg.a(wcrtomb.o)
 .debug_line    0x00003410      0x1a6 /share/Studienarbeit/projects/openbeacon/arm/bin/../lib/gcc/arm-elf/4.1.0/../../../../arm-elf/lib/libg.a(wcsrtombs.o)
 .debug_line    0x000035b6      0x230 /share/Studienarbeit/projects/openbeacon/arm/bin/../lib/gcc/arm-elf/4.1.0/../../../../arm-elf/lib/libg.a(wctomb_r.o)
 .debug_line    0x000037e6      0x17e /share/Studienarbeit/projects/openbeacon/arm/bin/../lib/gcc/arm-elf/4.1.0/../../../../arm-elf/lib/libg.a(wsetup.o)
 .debug_line    0x00003964      0x482 /share/Studienarbeit/projects/openbeacon/arm/bin/../lib/gcc/arm-elf/4.1.0/../../../../arm-elf/lib/libg.a(dtoa.o)
 .debug_line    0x00003de6      0x181 /share/Studienarbeit/projects/openbeacon/arm/bin/../lib/gcc/arm-elf/4.1.0/../../../../arm-elf/lib/libg.a(fflush.o)
 .debug_line    0x00003f67      0x1fa /share/Studienarbeit/projects/openbeacon/arm/bin/../lib/gcc/arm-elf/4.1.0/../../../../arm-elf/lib/libg.a(findfp.o)
 .debug_line    0x00004161      0x1c6 /share/Studienarbeit/projects/openbeacon/arm/bin/../lib/gcc/arm-elf/4.1.0/../../../../arm-elf/lib/libg.a(freer.o)
 .debug_line    0x00004327      0x219 /share/Studienarbeit/projects/openbeacon/arm/bin/../lib/gcc/arm-elf/4.1.0/../../../../arm-elf/lib/libg.a(fvwrite.o)
 .debug_line    0x00004540      0x181 /share/Studienarbeit/projects/openbeacon/arm/bin/../lib/gcc/arm-elf/4.1.0/../../../../arm-elf/lib/libg.a(fwalk.o)
 .debug_line    0x000046c1       0xfe /share/Studienarbeit/projects/openbeacon/arm/bin/../lib/gcc/arm-elf/4.1.0/../../../../arm-elf/lib/libg.a(impure.o)
 .debug_line    0x000047bf      0x183 /share/Studienarbeit/projects/openbeacon/arm/bin/../lib/gcc/arm-elf/4.1.0/../../../../arm-elf/lib/libg.a(locale.o)
 .debug_line    0x00004942      0x1ab /share/Studienarbeit/projects/openbeacon/arm/bin/../lib/gcc/arm-elf/4.1.0/../../../../arm-elf/lib/libg.a(makebuf.o)
 .debug_line    0x00004aed       0xe0 /share/Studienarbeit/projects/openbeacon/arm/bin/../lib/gcc/arm-elf/4.1.0/../../../../arm-elf/lib/libg.a(memchr.o)
 .debug_line    0x00004bcd       0xdb /share/Studienarbeit/projects/openbeacon/arm/bin/../lib/gcc/arm-elf/4.1.0/../../../../arm-elf/lib/libg.a(memmove.o)
 .debug_line    0x00004ca8      0x41d /share/Studienarbeit/projects/openbeacon/arm/bin/../lib/gcc/arm-elf/4.1.0/../../../../arm-elf/lib/libg.a(mprec.o)
 .debug_line    0x000050c5      0x1df /share/Studienarbeit/projects/openbeacon/arm/bin/../lib/gcc/arm-elf/4.1.0/../../../../arm-elf/lib/libg.a(reallocr.o)
 .debug_line    0x000052a4      0x116 /share/Studienarbeit/projects/openbeacon/arm/bin/../lib/gcc/arm-elf/4.1.0/../../../../arm-elf/lib/libg.a(s_isinf.o)
 .debug_line    0x000053ba      0x113 /share/Studienarbeit/projects/openbeacon/arm/bin/../lib/gcc/arm-elf/4.1.0/../../../../arm-elf/lib/libg.a(s_isnan.o)
 .debug_line    0x000054cd      0x19f /share/Studienarbeit/projects/openbeacon/arm/bin/../lib/gcc/arm-elf/4.1.0/../../../../arm-elf/lib/libg.a(stdio.o)
 .debug_line    0x0000566c       0x85 /share/Studienarbeit/projects/openbeacon/arm/bin/../lib/gcc/arm-elf/4.1.0/../../../../arm-elf/lib/libg.a(strcmp.o)
 .debug_line    0x000056f1      0x2fb /share/Studienarbeit/projects/openbeacon/arm/bin/../lib/gcc/arm-elf/4.1.0/../../../../arm-elf/lib/libg.a(syscalls.o)
 .debug_line    0x000059ec      0x11c /share/Studienarbeit/projects/openbeacon/arm/bin/../lib/gcc/arm-elf/4.1.0/../../../../arm-elf/lib/libg.a(callocr.o)
 .debug_line    0x00005b08      0x10d /share/Studienarbeit/projects/openbeacon/arm/bin/../lib/gcc/arm-elf/4.1.0/../../../../arm-elf/lib/libg.a(errno.o)
 .debug_line    0x00005c15      0x180 /share/Studienarbeit/projects/openbeacon/arm/bin/../lib/gcc/arm-elf/4.1.0/../../../../arm-elf/lib/libg.a(fclose.o)
 .debug_line    0x00005d95      0x10d /share/Studienarbeit/projects/openbeacon/arm/bin/../lib/gcc/arm-elf/4.1.0/libgcc.a(_addsub_df.o)
 .debug_line    0x00005ea2       0xf0 /share/Studienarbeit/projects/openbeacon/arm/bin/../lib/gcc/arm-elf/4.1.0/libgcc.a(_mul_df.o)
 .debug_line    0x00005f92       0xce /share/Studienarbeit/projects/openbeacon/arm/bin/../lib/gcc/arm-elf/4.1.0/libgcc.a(_div_df.o)
 .debug_line    0x00006060       0x79 /share/Studienarbeit/projects/openbeacon/arm/bin/../lib/gcc/arm-elf/4.1.0/libgcc.a(_eq_df.o)
 .debug_line    0x000060d9       0x79 /share/Studienarbeit/projects/openbeacon/arm/bin/../lib/gcc/arm-elf/4.1.0/libgcc.a(_ne_df.o)
 .debug_line    0x00006152       0x79 /share/Studienarbeit/projects/openbeacon/arm/bin/../lib/gcc/arm-elf/4.1.0/libgcc.a(_gt_df.o)
 .debug_line    0x000061cb       0x79 /share/Studienarbeit/projects/openbeacon/arm/bin/../lib/gcc/arm-elf/4.1.0/libgcc.a(_ge_df.o)
 .debug_line    0x00006244       0x79 /share/Studienarbeit/projects/openbeacon/arm/bin/../lib/gcc/arm-elf/4.1.0/libgcc.a(_lt_df.o)
 .debug_line    0x000062bd       0x7e /share/Studienarbeit/projects/openbeacon/arm/bin/../lib/gcc/arm-elf/4.1.0/libgcc.a(_si_to_df.o)
 .debug_line    0x0000633b       0x87 /share/Studienarbeit/projects/openbeacon/arm/bin/../lib/gcc/arm-elf/4.1.0/libgcc.a(_df_to_si.o)
 .debug_line    0x000063c2       0x54 /share/Studienarbeit/projects/openbeacon/arm/bin/../lib/gcc/arm-elf/4.1.0/libgcc.a(_thenan_df.o)
 .debug_line    0x00006416       0xca /share/Studienarbeit/projects/openbeacon/arm/bin/../lib/gcc/arm-elf/4.1.0/libgcc.a(_pack_df.o)
 .debug_line    0x000064e0       0xb1 /share/Studienarbeit/projects/openbeacon/arm/bin/../lib/gcc/arm-elf/4.1.0/libgcc.a(_unpack_df.o)
 .debug_line    0x00006591       0xa2 /share/Studienarbeit/projects/openbeacon/arm/bin/../lib/gcc/arm-elf/4.1.0/libgcc.a(_fpcmp_parts_df.o)

.debug_frame    0x00000000     0x20f4
 .debug_frame   0x00000000       0x44 application/main.o
 .debug_frame   0x00000044       0x88 application/usbshell.o
 .debug_frame   0x000000cc       0x2c ../core//openbeacon/crc32.o
 .debug_frame   0x000000f8       0x3c ../core//openbeacon/rnd.o
 .debug_frame   0x00000134       0x48 ../core/openbeacon/dbgu.o
 .debug_frame   0x0000017c       0xac ../core/openbeacon/syscalls.o
 .debug_frame   0x00000228       0x50 ../core/openbeacon/led.o
 .debug_frame   0x00000278       0x7c ../core/openbeacon/env.o
 .debug_frame   0x000002f4       0x2c ../core/openbeacon/sort.o
 .debug_frame   0x00000320      0x24c ../core/openbeacon/nRF24L01/nRF_API.o
 .debug_frame   0x0000056c      0x1a0 ../core/openbeacon/nRF24L01/nRF_CMD.o
 .debug_frame   0x0000070c       0x28 ../core/os/boot/Cstartup_SAM7.o
 .debug_frame   0x00000734      0x16c ../core/os/core/ARM7_AT91SAM7/lib_AT91SAM7.o
 .debug_frame   0x000008a0       0x68 ../core/os/core/list.o
 .debug_frame   0x00000908      0x15c ../core/os/core/queue.o
 .debug_frame   0x00000a64      0x2b4 ../core/os/core/tasks.o
 .debug_frame   0x00000d18       0x60 ../core/os/core/port.o
 .debug_frame   0x00000d78       0x80 ../core/os/core/portISR.o
 .debug_frame   0x00000df8       0x40 ../core/os/core/MemMang/heap_3.o
 .debug_frame   0x00000e38      0x148 ../core/os/usb/USB-CDC.o
 .debug_frame   0x00000f80       0x3c ../core/os/usb/USBIsr.o
 .debug_frame   0x00000fbc       0x28 /share/Studienarbeit/projects/openbeacon/arm/bin/../lib/gcc/arm-elf/4.1.0/libgcc.a(_udivsi3.o)
 .debug_frame   0x00000fe4       0x30 /share/Studienarbeit/projects/openbeacon/arm/bin/../lib/gcc/arm-elf/4.1.0/../../../../arm-elf/lib/libg.a(malloc.o)
 .debug_frame   0x00001014       0x38 /share/Studienarbeit/projects/openbeacon/arm/bin/../lib/gcc/arm-elf/4.1.0/../../../../arm-elf/lib/libg.a(mallocr.o)
 .debug_frame   0x0000104c       0x28 /share/Studienarbeit/projects/openbeacon/arm/bin/../lib/gcc/arm-elf/4.1.0/../../../../arm-elf/lib/libg.a(memcpy.o)
 .debug_frame   0x00001074       0x20 /share/Studienarbeit/projects/openbeacon/arm/bin/../lib/gcc/arm-elf/4.1.0/../../../../arm-elf/lib/libg.a(memset.o)
 .debug_frame   0x00001094       0x30 /share/Studienarbeit/projects/openbeacon/arm/bin/../lib/gcc/arm-elf/4.1.0/../../../../arm-elf/lib/libg.a(mlock.o)
 .debug_frame   0x000010c4       0x5c /share/Studienarbeit/projects/openbeacon/arm/bin/../lib/gcc/arm-elf/4.1.0/../../../../arm-elf/lib/libg.a(sprintf.o)
 .debug_frame   0x00001120       0x20 /share/Studienarbeit/projects/openbeacon/arm/bin/../lib/gcc/arm-elf/4.1.0/../../../../arm-elf/lib/libg.a(strlen.o)
 .debug_frame   0x00001140       0x2c /share/Studienarbeit/projects/openbeacon/arm/bin/../lib/gcc/arm-elf/4.1.0/../../../../arm-elf/lib/libg.a(strncpy.o)
 .debug_frame   0x0000116c       0x6c /share/Studienarbeit/projects/openbeacon/arm/bin/../lib/gcc/arm-elf/4.1.0/../../../../arm-elf/lib/libg.a(vfprintf.o)
 .debug_frame   0x000011d8       0x44 /share/Studienarbeit/projects/openbeacon/arm/bin/../lib/gcc/arm-elf/4.1.0/../../../../arm-elf/lib/libg.a(wcrtomb.o)
 .debug_frame   0x0000121c       0x54 /share/Studienarbeit/projects/openbeacon/arm/bin/../lib/gcc/arm-elf/4.1.0/../../../../arm-elf/lib/libg.a(wcsrtombs.o)
 .debug_frame   0x00001270       0x30 /share/Studienarbeit/projects/openbeacon/arm/bin/../lib/gcc/arm-elf/4.1.0/../../../../arm-elf/lib/libg.a(wctomb_r.o)
 .debug_frame   0x000012a0       0x2c /share/Studienarbeit/projects/openbeacon/arm/bin/../lib/gcc/arm-elf/4.1.0/../../../../arm-elf/lib/libg.a(wsetup.o)
 .debug_frame   0x000012cc       0x60 /share/Studienarbeit/projects/openbeacon/arm/bin/../lib/gcc/arm-elf/4.1.0/../../../../arm-elf/lib/libg.a(dtoa.o)
 .debug_frame   0x0000132c       0x2c /share/Studienarbeit/projects/openbeacon/arm/bin/../lib/gcc/arm-elf/4.1.0/../../../../arm-elf/lib/libg.a(fflush.o)
 .debug_frame   0x00001358      0x114 /share/Studienarbeit/projects/openbeacon/arm/bin/../lib/gcc/arm-elf/4.1.0/../../../../arm-elf/lib/libg.a(findfp.o)
 .debug_frame   0x0000146c       0x54 /share/Studienarbeit/projects/openbeacon/arm/bin/../lib/gcc/arm-elf/4.1.0/../../../../arm-elf/lib/libg.a(freer.o)
 .debug_frame   0x000014c0       0x38 /share/Studienarbeit/projects/openbeacon/arm/bin/../lib/gcc/arm-elf/4.1.0/../../../../arm-elf/lib/libg.a(fvwrite.o)
 .debug_frame   0x000014f8       0x58 /share/Studienarbeit/projects/openbeacon/arm/bin/../lib/gcc/arm-elf/4.1.0/../../../../arm-elf/lib/libg.a(fwalk.o)
 .debug_frame   0x00001550       0x6c /share/Studienarbeit/projects/openbeacon/arm/bin/../lib/gcc/arm-elf/4.1.0/../../../../arm-elf/lib/libg.a(locale.o)
 .debug_frame   0x000015bc       0x30 /share/Studienarbeit/projects/openbeacon/arm/bin/../lib/gcc/arm-elf/4.1.0/../../../../arm-elf/lib/libg.a(makebuf.o)
 .debug_frame   0x000015ec       0x28 /share/Studienarbeit/projects/openbeacon/arm/bin/../lib/gcc/arm-elf/4.1.0/../../../../arm-elf/lib/libg.a(memchr.o)
 .debug_frame   0x00001614       0x28 /share/Studienarbeit/projects/openbeacon/arm/bin/../lib/gcc/arm-elf/4.1.0/../../../../arm-elf/lib/libg.a(memmove.o)
 .debug_frame   0x0000163c      0x1f0 /share/Studienarbeit/projects/openbeacon/arm/bin/../lib/gcc/arm-elf/4.1.0/../../../../arm-elf/lib/libg.a(mprec.o)
 .debug_frame   0x0000182c       0x38 /share/Studienarbeit/projects/openbeacon/arm/bin/../lib/gcc/arm-elf/4.1.0/../../../../arm-elf/lib/libg.a(reallocr.o)
 .debug_frame   0x00001864       0x28 /share/Studienarbeit/projects/openbeacon/arm/bin/../lib/gcc/arm-elf/4.1.0/../../../../arm-elf/lib/libg.a(s_isinf.o)
 .debug_frame   0x0000188c       0x28 /share/Studienarbeit/projects/openbeacon/arm/bin/../lib/gcc/arm-elf/4.1.0/../../../../arm-elf/lib/libg.a(s_isnan.o)
 .debug_frame   0x000018b4       0x70 /share/Studienarbeit/projects/openbeacon/arm/bin/../lib/gcc/arm-elf/4.1.0/../../../../arm-elf/lib/libg.a(stdio.o)
 .debug_frame   0x00001924       0x20 /share/Studienarbeit/projects/openbeacon/arm/bin/../lib/gcc/arm-elf/4.1.0/../../../../arm-elf/lib/libg.a(strcmp.o)
 .debug_frame   0x00001944      0x2e8 /share/Studienarbeit/projects/openbeacon/arm/bin/../lib/gcc/arm-elf/4.1.0/../../../../arm-elf/lib/libg.a(syscalls.o)
 .debug_frame   0x00001c2c       0x28 /share/Studienarbeit/projects/openbeacon/arm/bin/../lib/gcc/arm-elf/4.1.0/../../../../arm-elf/lib/libg.a(callocr.o)
 .debug_frame   0x00001c54       0x20 /share/Studienarbeit/projects/openbeacon/arm/bin/../lib/gcc/arm-elf/4.1.0/../../../../arm-elf/lib/libg.a(errno.o)
 .debug_frame   0x00001c74       0x3c /share/Studienarbeit/projects/openbeacon/arm/bin/../lib/gcc/arm-elf/4.1.0/../../../../arm-elf/lib/libg.a(fclose.o)
 .debug_frame   0x00001cb0       0xb0 /share/Studienarbeit/projects/openbeacon/arm/bin/../lib/gcc/arm-elf/4.1.0/libgcc.a(_addsub_df.o)
 .debug_frame   0x00001d60       0x78 /share/Studienarbeit/projects/openbeacon/arm/bin/../lib/gcc/arm-elf/4.1.0/libgcc.a(_mul_df.o)
 .debug_frame   0x00001dd8       0x78 /share/Studienarbeit/projects/openbeacon/arm/bin/../lib/gcc/arm-elf/4.1.0/libgcc.a(_div_df.o)
 .debug_frame   0x00001e50       0x3c /share/Studienarbeit/projects/openbeacon/arm/bin/../lib/gcc/arm-elf/4.1.0/libgcc.a(_eq_df.o)
 .debug_frame   0x00001e8c       0x3c /share/Studienarbeit/projects/openbeacon/arm/bin/../lib/gcc/arm-elf/4.1.0/libgcc.a(_ne_df.o)
 .debug_frame   0x00001ec8       0x3c /share/Studienarbeit/projects/openbeacon/arm/bin/../lib/gcc/arm-elf/4.1.0/libgcc.a(_gt_df.o)
 .debug_frame   0x00001f04       0x3c /share/Studienarbeit/projects/openbeacon/arm/bin/../lib/gcc/arm-elf/4.1.0/libgcc.a(_ge_df.o)
 .debug_frame   0x00001f40       0x3c /share/Studienarbeit/projects/openbeacon/arm/bin/../lib/gcc/arm-elf/4.1.0/libgcc.a(_lt_df.o)
 .debug_frame   0x00001f7c       0x2c /share/Studienarbeit/projects/openbeacon/arm/bin/../lib/gcc/arm-elf/4.1.0/libgcc.a(_si_to_df.o)
 .debug_frame   0x00001fa8       0x5c /share/Studienarbeit/projects/openbeacon/arm/bin/../lib/gcc/arm-elf/4.1.0/libgcc.a(_df_to_si.o)
 .debug_frame   0x00002004       0x68 /share/Studienarbeit/projects/openbeacon/arm/bin/../lib/gcc/arm-elf/4.1.0/libgcc.a(_pack_df.o)
 .debug_frame   0x0000206c       0x2c /share/Studienarbeit/projects/openbeacon/arm/bin/../lib/gcc/arm-elf/4.1.0/libgcc.a(_unpack_df.o)
 .debug_frame   0x00002098       0x5c /share/Studienarbeit/projects/openbeacon/arm/bin/../lib/gcc/arm-elf/4.1.0/libgcc.a(_fpcmp_parts_df.o)

.debug_loc      0x00000000     0xb5a5
 .debug_loc     0x00000000       0x1f application/main.o
 .debug_loc     0x0000001f      0x11f application/usbshell.o
 .debug_loc     0x0000013e       0xb8 ../core//openbeacon/crc32.o
 .debug_loc     0x000001f6       0x1f ../core//openbeacon/rnd.o
 .debug_loc     0x00000215       0xa8 ../core/openbeacon/dbgu.o
 .debug_loc     0x000002bd      0x1f6 ../core/openbeacon/syscalls.o
 .debug_loc     0x000004b3       0x72 ../core/openbeacon/led.o
 .debug_loc     0x00000525       0xf0 ../core/openbeacon/env.o
 .debug_loc     0x00000615       0x66 ../core/openbeacon/sort.o
 .debug_loc     0x0000067b      0x4e6 ../core/openbeacon/nRF24L01/nRF_API.o
 .debug_loc     0x00000b61      0x3ca ../core/openbeacon/nRF24L01/nRF_CMD.o
 .debug_loc     0x00000f2b       0x1f ../core/os/boot/Cstartup_SAM7.o
 .debug_loc     0x00000f4a      0x5b2 ../core/os/core/ARM7_AT91SAM7/lib_AT91SAM7.o
 .debug_loc     0x000014fc       0x1f ../core/os/core/list.o
 .debug_loc     0x0000151b      0x5f2 ../core/os/core/queue.o
 .debug_loc     0x00001b0d      0x7af ../core/os/core/tasks.o
 .debug_loc     0x000022bc      0x14f ../core/os/core/port.o
 .debug_loc     0x0000240b       0x7a ../core/os/core/MemMang/heap_3.o
 .debug_loc     0x00002485      0x5ef ../core/os/usb/USB-CDC.o
 .debug_loc     0x00002a74       0x92 ../core/os/usb/USBIsr.o
 .debug_loc     0x00002b06       0x3c /share/Studienarbeit/projects/openbeacon/arm/bin/../lib/gcc/arm-elf/4.1.0/../../../../arm-elf/lib/libg.a(malloc.o)
 .debug_loc     0x00002b42      0x795 /share/Studienarbeit/projects/openbeacon/arm/bin/../lib/gcc/arm-elf/4.1.0/../../../../arm-elf/lib/libg.a(mallocr.o)
 .debug_loc     0x000032d7       0xdb /share/Studienarbeit/projects/openbeacon/arm/bin/../lib/gcc/arm-elf/4.1.0/../../../../arm-elf/lib/libg.a(memcpy.o)
 .debug_loc     0x000033b2       0xa9 /share/Studienarbeit/projects/openbeacon/arm/bin/../lib/gcc/arm-elf/4.1.0/../../../../arm-elf/lib/libg.a(memset.o)
 .debug_loc     0x0000345b       0xfd /share/Studienarbeit/projects/openbeacon/arm/bin/../lib/gcc/arm-elf/4.1.0/../../../../arm-elf/lib/libg.a(sprintf.o)
 .debug_loc     0x00003558       0x47 /share/Studienarbeit/projects/openbeacon/arm/bin/../lib/gcc/arm-elf/4.1.0/../../../../arm-elf/lib/libg.a(strlen.o)
 .debug_loc     0x0000359f      0x15f /share/Studienarbeit/projects/openbeacon/arm/bin/../lib/gcc/arm-elf/4.1.0/../../../../arm-elf/lib/libg.a(strncpy.o)
 .debug_loc     0x000036fe     0x1eef /share/Studienarbeit/projects/openbeacon/arm/bin/../lib/gcc/arm-elf/4.1.0/../../../../arm-elf/lib/libg.a(vfprintf.o)
 .debug_loc     0x000055ed      0x145 /share/Studienarbeit/projects/openbeacon/arm/bin/../lib/gcc/arm-elf/4.1.0/../../../../arm-elf/lib/libg.a(wcrtomb.o)
 .debug_loc     0x00005732      0x2b2 /share/Studienarbeit/projects/openbeacon/arm/bin/../lib/gcc/arm-elf/4.1.0/../../../../arm-elf/lib/libg.a(wcsrtombs.o)
 .debug_loc     0x000059e4      0x248 /share/Studienarbeit/projects/openbeacon/arm/bin/../lib/gcc/arm-elf/4.1.0/../../../../arm-elf/lib/libg.a(wctomb_r.o)
 .debug_loc     0x00005c2c       0x3d /share/Studienarbeit/projects/openbeacon/arm/bin/../lib/gcc/arm-elf/4.1.0/../../../../arm-elf/lib/libg.a(wsetup.o)
 .debug_loc     0x00005c69     0x1665 /share/Studienarbeit/projects/openbeacon/arm/bin/../lib/gcc/arm-elf/4.1.0/../../../../arm-elf/lib/libg.a(dtoa.o)
 .debug_loc     0x000072ce       0xad /share/Studienarbeit/projects/openbeacon/arm/bin/../lib/gcc/arm-elf/4.1.0/../../../../arm-elf/lib/libg.a(fflush.o)
 .debug_loc     0x0000737b      0x20c /share/Studienarbeit/projects/openbeacon/arm/bin/../lib/gcc/arm-elf/4.1.0/../../../../arm-elf/lib/libg.a(findfp.o)
 .debug_loc     0x00007587      0x38f /share/Studienarbeit/projects/openbeacon/arm/bin/../lib/gcc/arm-elf/4.1.0/../../../../arm-elf/lib/libg.a(freer.o)
 .debug_loc     0x00007916      0x328 /share/Studienarbeit/projects/openbeacon/arm/bin/../lib/gcc/arm-elf/4.1.0/../../../../arm-elf/lib/libg.a(fvwrite.o)
 .debug_loc     0x00007c3e      0x17b /share/Studienarbeit/projects/openbeacon/arm/bin/../lib/gcc/arm-elf/4.1.0/../../../../arm-elf/lib/libg.a(fwalk.o)
 .debug_loc     0x00007db9       0xe9 /share/Studienarbeit/projects/openbeacon/arm/bin/../lib/gcc/arm-elf/4.1.0/../../../../arm-elf/lib/libg.a(locale.o)
 .debug_loc     0x00007ea2       0xa7 /share/Studienarbeit/projects/openbeacon/arm/bin/../lib/gcc/arm-elf/4.1.0/../../../../arm-elf/lib/libg.a(makebuf.o)
 .debug_loc     0x00007f49      0x193 /share/Studienarbeit/projects/openbeacon/arm/bin/../lib/gcc/arm-elf/4.1.0/../../../../arm-elf/lib/libg.a(memchr.o)
 .debug_loc     0x000080dc      0x151 /share/Studienarbeit/projects/openbeacon/arm/bin/../lib/gcc/arm-elf/4.1.0/../../../../arm-elf/lib/libg.a(memmove.o)
 .debug_loc     0x0000822d      0xffc /share/Studienarbeit/projects/openbeacon/arm/bin/../lib/gcc/arm-elf/4.1.0/../../../../arm-elf/lib/libg.a(mprec.o)
 .debug_loc     0x00009229      0x922 /share/Studienarbeit/projects/openbeacon/arm/bin/../lib/gcc/arm-elf/4.1.0/../../../../arm-elf/lib/libg.a(reallocr.o)
 .debug_loc     0x00009b4b       0x6d /share/Studienarbeit/projects/openbeacon/arm/bin/../lib/gcc/arm-elf/4.1.0/../../../../arm-elf/lib/libg.a(s_isinf.o)
 .debug_loc     0x00009bb8       0x4f /share/Studienarbeit/projects/openbeacon/arm/bin/../lib/gcc/arm-elf/4.1.0/../../../../arm-elf/lib/libg.a(s_isnan.o)
 .debug_loc     0x00009c07      0x1a4 /share/Studienarbeit/projects/openbeacon/arm/bin/../lib/gcc/arm-elf/4.1.0/../../../../arm-elf/lib/libg.a(stdio.o)
 .debug_loc     0x00009dab       0xaf /share/Studienarbeit/projects/openbeacon/arm/bin/../lib/gcc/arm-elf/4.1.0/../../../../arm-elf/lib/libg.a(strcmp.o)
 .debug_loc     0x00009e5a      0x894 /share/Studienarbeit/projects/openbeacon/arm/bin/../lib/gcc/arm-elf/4.1.0/../../../../arm-elf/lib/libg.a(syscalls.o)
 .debug_loc     0x0000a6ee       0xd6 /share/Studienarbeit/projects/openbeacon/arm/bin/../lib/gcc/arm-elf/4.1.0/../../../../arm-elf/lib/libg.a(callocr.o)
 .debug_loc     0x0000a7c4       0xa2 /share/Studienarbeit/projects/openbeacon/arm/bin/../lib/gcc/arm-elf/4.1.0/../../../../arm-elf/lib/libg.a(fclose.o)
 .debug_loc     0x0000a866      0x353 /share/Studienarbeit/projects/openbeacon/arm/bin/../lib/gcc/arm-elf/4.1.0/libgcc.a(_addsub_df.o)
 .debug_loc     0x0000abb9      0x239 /share/Studienarbeit/projects/openbeacon/arm/bin/../lib/gcc/arm-elf/4.1.0/libgcc.a(_mul_df.o)
 .debug_loc     0x0000adf2      0x179 /share/Studienarbeit/projects/openbeacon/arm/bin/../lib/gcc/arm-elf/4.1.0/libgcc.a(_div_df.o)
 .debug_loc     0x0000af6b       0x6f /share/Studienarbeit/projects/openbeacon/arm/bin/../lib/gcc/arm-elf/4.1.0/libgcc.a(_eq_df.o)
 .debug_loc     0x0000afda       0x6f /share/Studienarbeit/projects/openbeacon/arm/bin/../lib/gcc/arm-elf/4.1.0/libgcc.a(_ne_df.o)
 .debug_loc     0x0000b049       0x6f /share/Studienarbeit/projects/openbeacon/arm/bin/../lib/gcc/arm-elf/4.1.0/libgcc.a(_gt_df.o)
 .debug_loc     0x0000b0b8       0x6f /share/Studienarbeit/projects/openbeacon/arm/bin/../lib/gcc/arm-elf/4.1.0/libgcc.a(_ge_df.o)
 .debug_loc     0x0000b127       0x6f /share/Studienarbeit/projects/openbeacon/arm/bin/../lib/gcc/arm-elf/4.1.0/libgcc.a(_lt_df.o)
 .debug_loc     0x0000b196       0x7f /share/Studienarbeit/projects/openbeacon/arm/bin/../lib/gcc/arm-elf/4.1.0/libgcc.a(_si_to_df.o)
 .debug_loc     0x0000b215       0xb0 /share/Studienarbeit/projects/openbeacon/arm/bin/../lib/gcc/arm-elf/4.1.0/libgcc.a(_df_to_si.o)
 .debug_loc     0x0000b2c5      0x1ac /share/Studienarbeit/projects/openbeacon/arm/bin/../lib/gcc/arm-elf/4.1.0/libgcc.a(_pack_df.o)
 .debug_loc     0x0000b471       0xa0 /share/Studienarbeit/projects/openbeacon/arm/bin/../lib/gcc/arm-elf/4.1.0/libgcc.a(_unpack_df.o)
 .debug_loc     0x0000b511       0x94 /share/Studienarbeit/projects/openbeacon/arm/bin/../lib/gcc/arm-elf/4.1.0/libgcc.a(_fpcmp_parts_df.o)

.debug_pubnames
                0x00000000     0x1a18
 .debug_pubnames
                0x00000000       0x55 application/main.o
 .debug_pubnames
                0x00000055       0xbb application/usbshell.o
 .debug_pubnames
                0x00000110       0x1c ../core//openbeacon/crc32.o
 .debug_pubnames
                0x0000012c       0x2d ../core//openbeacon/rnd.o
 .debug_pubnames
                0x00000159       0x3b ../core/openbeacon/dbgu.o
 .debug_pubnames
                0x00000194       0x6c ../core/openbeacon/syscalls.o
 .debug_pubnames
                0x00000200       0x47 ../core/openbeacon/led.o
 .debug_pubnames
                0x00000247       0x61 ../core/openbeacon/env.o
 .debug_pubnames
                0x000002a8       0x1b ../core/openbeacon/sort.o
 .debug_pubnames
                0x000002c3      0x25e ../core/openbeacon/nRF24L01/nRF_API.o
 .debug_pubnames
                0x00000521      0x17d ../core/openbeacon/nRF24L01/nRF_CMD.o
 .debug_pubnames
                0x0000069e       0x29 ../core/os/boot/Cstartup_SAM7.o
 .debug_pubnames
                0x000006c7      0x177 ../core/os/core/ARM7_AT91SAM7/lib_AT91SAM7.o
 .debug_pubnames
                0x0000083e       0x71 ../core/os/core/list.o
 .debug_pubnames
                0x000008af      0x111 ../core/os/core/queue.o
 .debug_pubnames
                0x000009c0      0x219 ../core/os/core/tasks.o
 .debug_pubnames
                0x00000bd9       0x5a ../core/os/core/port.o
 .debug_pubnames
                0x00000c33       0xdb ../core/os/core/portISR.o
 .debug_pubnames
                0x00000d0e       0x31 ../core/os/core/MemMang/heap_3.o
 .debug_pubnames
                0x00000d3f      0x1bd ../core/os/usb/USB-CDC.o
 .debug_pubnames
                0x00000efc       0x3c ../core/os/usb/USBIsr.o
 .debug_pubnames
                0x00000f38       0x26 /share/Studienarbeit/projects/openbeacon/arm/bin/../lib/gcc/arm-elf/4.1.0/../../../../arm-elf/lib/libg.a(malloc.o)
 .debug_pubnames
                0x00000f5e       0xce /share/Studienarbeit/projects/openbeacon/arm/bin/../lib/gcc/arm-elf/4.1.0/../../../../arm-elf/lib/libg.a(mallocr.o)
 .debug_pubnames
                0x0000102c       0x1d /share/Studienarbeit/projects/openbeacon/arm/bin/../lib/gcc/arm-elf/4.1.0/../../../../arm-elf/lib/libg.a(memcpy.o)
 .debug_pubnames
                0x00001049       0x1d /share/Studienarbeit/projects/openbeacon/arm/bin/../lib/gcc/arm-elf/4.1.0/../../../../arm-elf/lib/libg.a(memset.o)
 .debug_pubnames
                0x00001066       0x38 /share/Studienarbeit/projects/openbeacon/arm/bin/../lib/gcc/arm-elf/4.1.0/../../../../arm-elf/lib/libg.a(mlock.o)
 .debug_pubnames
                0x0000109e       0x2d /share/Studienarbeit/projects/openbeacon/arm/bin/../lib/gcc/arm-elf/4.1.0/../../../../arm-elf/lib/libg.a(sprintf.o)
 .debug_pubnames
                0x000010cb       0x1d /share/Studienarbeit/projects/openbeacon/arm/bin/../lib/gcc/arm-elf/4.1.0/../../../../arm-elf/lib/libg.a(strlen.o)
 .debug_pubnames
                0x000010e8       0x1e /share/Studienarbeit/projects/openbeacon/arm/bin/../lib/gcc/arm-elf/4.1.0/../../../../arm-elf/lib/libg.a(strncpy.o)
 .debug_pubnames
                0x00001106       0x2f /share/Studienarbeit/projects/openbeacon/arm/bin/../lib/gcc/arm-elf/4.1.0/../../../../arm-elf/lib/libg.a(vfprintf.o)
 .debug_pubnames
                0x00001135       0x2d /share/Studienarbeit/projects/openbeacon/arm/bin/../lib/gcc/arm-elf/4.1.0/../../../../arm-elf/lib/libg.a(wcrtomb.o)
 .debug_pubnames
                0x00001162       0x31 /share/Studienarbeit/projects/openbeacon/arm/bin/../lib/gcc/arm-elf/4.1.0/../../../../arm-elf/lib/libg.a(wcsrtombs.o)
 .debug_pubnames
                0x00001193       0x20 /share/Studienarbeit/projects/openbeacon/arm/bin/../lib/gcc/arm-elf/4.1.0/../../../../arm-elf/lib/libg.a(wctomb_r.o)
 .debug_pubnames
                0x000011b3       0x20 /share/Studienarbeit/projects/openbeacon/arm/bin/../lib/gcc/arm-elf/4.1.0/../../../../arm-elf/lib/libg.a(wsetup.o)
 .debug_pubnames
                0x000011d3       0x1e /share/Studienarbeit/projects/openbeacon/arm/bin/../lib/gcc/arm-elf/4.1.0/../../../../arm-elf/lib/libg.a(dtoa.o)
 .debug_pubnames
                0x000011f1       0x1d /share/Studienarbeit/projects/openbeacon/arm/bin/../lib/gcc/arm-elf/4.1.0/../../../../arm-elf/lib/libg.a(fflush.o)
 .debug_pubnames
                0x0000120e       0xdb /share/Studienarbeit/projects/openbeacon/arm/bin/../lib/gcc/arm-elf/4.1.0/../../../../arm-elf/lib/libg.a(findfp.o)
 .debug_pubnames
                0x000012e9       0x31 /share/Studienarbeit/projects/openbeacon/arm/bin/../lib/gcc/arm-elf/4.1.0/../../../../arm-elf/lib/libg.a(freer.o)
 .debug_pubnames
                0x0000131a       0x21 /share/Studienarbeit/projects/openbeacon/arm/bin/../lib/gcc/arm-elf/4.1.0/../../../../arm-elf/lib/libg.a(fvwrite.o)
 .debug_pubnames
                0x0000133b       0x2e /share/Studienarbeit/projects/openbeacon/arm/bin/../lib/gcc/arm-elf/4.1.0/../../../../arm-elf/lib/libg.a(fwalk.o)
 .debug_pubnames
                0x00001369       0x39 /share/Studienarbeit/projects/openbeacon/arm/bin/../lib/gcc/arm-elf/4.1.0/../../../../arm-elf/lib/libg.a(impure.o)
 .debug_pubnames
                0x000013a2       0xc3 /share/Studienarbeit/projects/openbeacon/arm/bin/../lib/gcc/arm-elf/4.1.0/../../../../arm-elf/lib/libg.a(locale.o)
 .debug_pubnames
                0x00001465       0x21 /share/Studienarbeit/projects/openbeacon/arm/bin/../lib/gcc/arm-elf/4.1.0/../../../../arm-elf/lib/libg.a(makebuf.o)
 .debug_pubnames
                0x00001486       0x1d /share/Studienarbeit/projects/openbeacon/arm/bin/../lib/gcc/arm-elf/4.1.0/../../../../arm-elf/lib/libg.a(memchr.o)
 .debug_pubnames
                0x000014a3       0x1e /share/Studienarbeit/projects/openbeacon/arm/bin/../lib/gcc/arm-elf/4.1.0/../../../../arm-elf/lib/libg.a(memmove.o)
 .debug_pubnames
                0x000014c1      0x112 /share/Studienarbeit/projects/openbeacon/arm/bin/../lib/gcc/arm-elf/4.1.0/../../../../arm-elf/lib/libg.a(mprec.o)
 .debug_pubnames
                0x000015d3       0x21 /share/Studienarbeit/projects/openbeacon/arm/bin/../lib/gcc/arm-elf/4.1.0/../../../../arm-elf/lib/libg.a(reallocr.o)
 .debug_pubnames
                0x000015f4       0x1c /share/Studienarbeit/projects/openbeacon/arm/bin/../lib/gcc/arm-elf/4.1.0/../../../../arm-elf/lib/libg.a(s_isinf.o)
 .debug_pubnames
                0x00001610       0x1c /share/Studienarbeit/projects/openbeacon/arm/bin/../lib/gcc/arm-elf/4.1.0/../../../../arm-elf/lib/libg.a(s_isnan.o)
 .debug_pubnames
                0x0000162c       0x44 /share/Studienarbeit/projects/openbeacon/arm/bin/../lib/gcc/arm-elf/4.1.0/../../../../arm-elf/lib/libg.a(stdio.o)
 .debug_pubnames
                0x00001670       0x1d /share/Studienarbeit/projects/openbeacon/arm/bin/../lib/gcc/arm-elf/4.1.0/../../../../arm-elf/lib/libg.a(strcmp.o)
 .debug_pubnames
                0x0000168d      0x158 /share/Studienarbeit/projects/openbeacon/arm/bin/../lib/gcc/arm-elf/4.1.0/../../../../arm-elf/lib/libg.a(syscalls.o)
 .debug_pubnames
                0x000017e5       0x20 /share/Studienarbeit/projects/openbeacon/arm/bin/../lib/gcc/arm-elf/4.1.0/../../../../arm-elf/lib/libg.a(callocr.o)
 .debug_pubnames
                0x00001805       0x1e /share/Studienarbeit/projects/openbeacon/arm/bin/../lib/gcc/arm-elf/4.1.0/../../../../arm-elf/lib/libg.a(errno.o)
 .debug_pubnames
                0x00001823       0x2b /share/Studienarbeit/projects/openbeacon/arm/bin/../lib/gcc/arm-elf/4.1.0/../../../../arm-elf/lib/libg.a(fclose.o)
 .debug_pubnames
                0x0000184e       0x2c /share/Studienarbeit/projects/openbeacon/arm/bin/../lib/gcc/arm-elf/4.1.0/libgcc.a(_addsub_df.o)
 .debug_pubnames
                0x0000187a       0x1f /share/Studienarbeit/projects/openbeacon/arm/bin/../lib/gcc/arm-elf/4.1.0/libgcc.a(_mul_df.o)
 .debug_pubnames
                0x00001899       0x1f /share/Studienarbeit/projects/openbeacon/arm/bin/../lib/gcc/arm-elf/4.1.0/libgcc.a(_div_df.o)
 .debug_pubnames
                0x000018b8       0x1e /share/Studienarbeit/projects/openbeacon/arm/bin/../lib/gcc/arm-elf/4.1.0/libgcc.a(_eq_df.o)
 .debug_pubnames
                0x000018d6       0x1e /share/Studienarbeit/projects/openbeacon/arm/bin/../lib/gcc/arm-elf/4.1.0/libgcc.a(_ne_df.o)
 .debug_pubnames
                0x000018f4       0x1e /share/Studienarbeit/projects/openbeacon/arm/bin/../lib/gcc/arm-elf/4.1.0/libgcc.a(_gt_df.o)
 .debug_pubnames
                0x00001912       0x1e /share/Studienarbeit/projects/openbeacon/arm/bin/../lib/gcc/arm-elf/4.1.0/libgcc.a(_ge_df.o)
 .debug_pubnames
                0x00001930       0x1e /share/Studienarbeit/projects/openbeacon/arm/bin/../lib/gcc/arm-elf/4.1.0/libgcc.a(_lt_df.o)
 .debug_pubnames
                0x0000194e       0x22 /share/Studienarbeit/projects/openbeacon/arm/bin/../lib/gcc/arm-elf/4.1.0/libgcc.a(_si_to_df.o)
 .debug_pubnames
                0x00001970       0x20 /share/Studienarbeit/projects/openbeacon/arm/bin/../lib/gcc/arm-elf/4.1.0/libgcc.a(_df_to_si.o)
 .debug_pubnames
                0x00001990       0x22 /share/Studienarbeit/projects/openbeacon/arm/bin/../lib/gcc/arm-elf/4.1.0/libgcc.a(_thenan_df.o)
 .debug_pubnames
                0x000019b2       0x1f /share/Studienarbeit/projects/openbeacon/arm/bin/../lib/gcc/arm-elf/4.1.0/libgcc.a(_pack_df.o)
 .debug_pubnames
                0x000019d1       0x21 /share/Studienarbeit/projects/openbeacon/arm/bin/../lib/gcc/arm-elf/4.1.0/libgcc.a(_unpack_df.o)
 .debug_pubnames
                0x000019f2       0x26 /share/Studienarbeit/projects/openbeacon/arm/bin/../lib/gcc/arm-elf/4.1.0/libgcc.a(_fpcmp_parts_df.o)

.debug_aranges  0x00000000      0xdb8
 .debug_aranges
                0x00000000       0x38 application/main.o
 .debug_aranges
                0x00000038       0x48 application/usbshell.o
 .debug_aranges
                0x00000080       0x28 ../core//openbeacon/crc32.o
 .debug_aranges
                0x000000a8       0x30 ../core//openbeacon/rnd.o
 .debug_aranges
                0x000000d8       0x30 ../core/openbeacon/dbgu.o
 .debug_aranges
                0x00000108       0x60 ../core/openbeacon/syscalls.o
 .debug_aranges
                0x00000168       0x38 ../core/openbeacon/led.o
 .debug_aranges
                0x000001a0       0x48 ../core/openbeacon/env.o
 .debug_aranges
                0x000001e8       0x28 ../core/openbeacon/sort.o
 .debug_aranges
                0x00000210       0xf8 ../core/openbeacon/nRF24L01/nRF_API.o
 .debug_aranges
                0x00000308       0xa0 ../core/openbeacon/nRF24L01/nRF_CMD.o
 .debug_aranges
                0x000003a8       0x28 ../core/os/boot/Cstartup_SAM7.o
 .debug_aranges
                0x000003d0       0x98 ../core/os/core/ARM7_AT91SAM7/lib_AT91SAM7.o
 .debug_aranges
                0x00000468       0x48 ../core/os/core/list.o
 .debug_aranges
                0x000004b0       0x88 ../core/os/core/queue.o
 .debug_aranges
                0x00000538       0xe8 ../core/os/core/tasks.o
 .debug_aranges