Archive member included because of file (symbol)

/share/Studienarbeit/projects/openbeacon/arm/bin/../lib/gcc/arm-elf/4.1.0/libgcc.a(_udivsi3.o)
                              ../core/os/core/ARM7_AT91SAM7/lib_AT91SAM7.o (__udivsi3)
/share/Studienarbeit/projects/openbeacon/arm/bin/../lib/gcc/arm-elf/4.1.0/libgcc.a(_divsi3.o)
                              application/xxtea.o (__divsi3)
/share/Studienarbeit/projects/openbeacon/arm/bin/../lib/gcc/arm-elf/4.1.0/libgcc.a(_umodsi3.o)
                              application/dimmer.o (__umodsi3)
/share/Studienarbeit/projects/openbeacon/arm/bin/../lib/gcc/arm-elf/4.1.0/libgcc.a(_dvmd_tls.o)
                              /share/Studienarbeit/projects/openbeacon/arm/bin/../lib/gcc/arm-elf/4.1.0/libgcc.a(_udivsi3.o) (__div0)
/share/Studienarbeit/projects/openbeacon/arm/bin/../lib/gcc/arm-elf/4.1.0/../../../../arm-elf/lib/libg.a(malloc.o)
                              ../core/os/core/MemMang/heap_3.o (free)
/share/Studienarbeit/projects/openbeacon/arm/bin/../lib/gcc/arm-elf/4.1.0/../../../../arm-elf/lib/libg.a(mallocr.o)
                              /share/Studienarbeit/projects/openbeacon/arm/bin/../lib/gcc/arm-elf/4.1.0/../../../../arm-elf/lib/libg.a(malloc.o) (_malloc_r)
/share/Studienarbeit/projects/openbeacon/arm/bin/../lib/gcc/arm-elf/4.1.0/../../../../arm-elf/lib/libg.a(memcpy.o)
                              application/update.o (memcpy)
/share/Studienarbeit/projects/openbeacon/arm/bin/../lib/gcc/arm-elf/4.1.0/../../../../arm-elf/lib/libg.a(memset.o)
                              application/main.o (memset)
/share/Studienarbeit/projects/openbeacon/arm/bin/../lib/gcc/arm-elf/4.1.0/../../../../arm-elf/lib/libg.a(mlock.o)
                              /share/Studienarbeit/projects/openbeacon/arm/bin/../lib/gcc/arm-elf/4.1.0/../../../../arm-elf/lib/libg.a(mallocr.o) (__malloc_lock)
/share/Studienarbeit/projects/openbeacon/arm/bin/../lib/gcc/arm-elf/4.1.0/../../../../arm-elf/lib/libg.a(strncpy.o)
                              ../core/os/core/tasks.o (strncpy)
/share/Studienarbeit/projects/openbeacon/arm/bin/../lib/gcc/arm-elf/4.1.0/../../../../arm-elf/lib/libg.a(freer.o)
                              /share/Studienarbeit/projects/openbeacon/arm/bin/../lib/gcc/arm-elf/4.1.0/../../../../arm-elf/lib/libg.a(malloc.o) (_free_r)
/share/Studienarbeit/projects/openbeacon/arm/bin/../lib/gcc/arm-elf/4.1.0/../../../../arm-elf/lib/libg.a(impure.o)
                              /share/Studienarbeit/projects/openbeacon/arm/bin/../lib/gcc/arm-elf/4.1.0/../../../../arm-elf/lib/libg.a(malloc.o) (_impure_ptr)

Allocating common symbols
Common symbol       size              file

packet              0x5dc             application/usbshell.o
xUSBInterruptQueue  0x4               ../core/os/usb/USB-CDC.o
packet_count        0x4               application/proto.o
nRFCMD_Macro        0x4               ../core/openbeacon/nRF24L01/nRF_CMD.o
env                 0x80              ../core/openbeacon/env.o
nRFCMD_MacroResult  0x4               ../core/openbeacon/nRF24L01/nRF_CMD.o

Memory Configuration

Name             Origin             Length             Attributes
flash            0x00100000         0x0000fc00
ram              0x00200000         0x00004000
*default*        0x00000000         0xffffffff

Linker script and memory map

LOAD application/main.o
LOAD application/proto.o
LOAD application/dimmer.o
LOAD application/update.o
LOAD application/usbshell.o
LOAD application/debug_print.o
LOAD application/xxtea.o
LOAD ../core//openbeacon/crc32.o
LOAD ../core//openbeacon/rnd.o
LOAD ../core/openbeacon/dbgu.o
LOAD ../core/openbeacon/syscalls.o
LOAD ../core/openbeacon/led.o
LOAD ../core/openbeacon/env.o
LOAD ../core/openbeacon/sort.o
LOAD ../core/openbeacon/nRF24L01/nRF_API.o
LOAD ../core/openbeacon/nRF24L01/nRF_CMD.o
LOAD ../core/os/boot/Cstartup_SAM7.o
LOAD ../core/os/core/ARM7_AT91SAM7/lib_AT91SAM7.o
LOAD ../core/os/core/list.o
LOAD ../core/os/core/queue.o
LOAD ../core/os/core/tasks.o
LOAD ../core/os/core/port.o
LOAD ../core/os/core/portISR.o
LOAD ../core/os/core/MemMang/heap_3.o
LOAD ../core/os/usb/USB-CDC.o
LOAD ../core/os/usb/USBIsr.o
LOAD /tmp/ccfnpovd.o
LOAD /tmp/ccoUNcln.o
LOAD /share/Studienarbeit/projects/openbeacon/arm/bin/../lib/gcc/arm-elf/4.1.0/../../../../arm-elf/lib/libm.a
START GROUP
LOAD /share/Studienarbeit/projects/openbeacon/arm/bin/../lib/gcc/arm-elf/4.1.0/libgcc.a
LOAD /share/Studienarbeit/projects/openbeacon/arm/bin/../lib/gcc/arm-elf/4.1.0/../../../../arm-elf/lib/libg.a
LOAD /share/Studienarbeit/projects/openbeacon/arm/bin/../lib/gcc/arm-elf/4.1.0/../../../../arm-elf/lib/libc.a
END GROUP
                0x00203ffc                __stack_end__ = 0x203ffc
                0x00000000                . = 0x0

startup         0x00100000     0x1044
 *(.bootloader)
 .bootloader    0x00100000     0x1000 /tmp/ccfnpovd.o
                0x00100000                bootloader
 *(.startup)
 .startup       0x00101000       0x44 /tmp/ccoUNcln.o
                0x00101000                start

prog            0x00101044     0x4d6c
 *(.text)
 .text          0x00101044       0xd0 /tmp/ccoUNcln.o
                0x001010f4                endless_loop
 .text          0x00101114       0x28 /share/Studienarbeit/projects/openbeacon/arm/bin/../lib/gcc/arm-elf/4.1.0/../../../../arm-elf/lib/libg.a(malloc.o)
                0x00101128                malloc
                0x00101114                free
 .text          0x0010113c      0x770 /share/Studienarbeit/projects/openbeacon/arm/bin/../lib/gcc/arm-elf/4.1.0/../../../../arm-elf/lib/libg.a(mallocr.o)
                0x0010113c                _malloc_r
 .text          0x001018ac       0xa0 /share/Studienarbeit/projects/openbeacon/arm/bin/../lib/gcc/arm-elf/4.1.0/../../../../arm-elf/lib/libg.a(memcpy.o)
                0x001018ac                memcpy
 .text          0x0010194c       0x98 /share/Studienarbeit/projects/openbeacon/arm/bin/../lib/gcc/arm-elf/4.1.0/../../../../arm-elf/lib/libg.a(memset.o)
                0x0010194c                memset
 .text          0x001019e4        0x8 /share/Studienarbeit/projects/openbeacon/arm/bin/../lib/gcc/arm-elf/4.1.0/../../../../arm-elf/lib/libg.a(mlock.o)
                0x001019e8                __malloc_unlock
                0x001019e4                __malloc_lock
 .text          0x001019ec      0x114 /share/Studienarbeit/projects/openbeacon/arm/bin/../lib/gcc/arm-elf/4.1.0/../../../../arm-elf/lib/libg.a(strncpy.o)
                0x001019ec                strncpy
 .text          0x00101b00      0x39c /share/Studienarbeit/projects/openbeacon/arm/bin/../lib/gcc/arm-elf/4.1.0/../../../../arm-elf/lib/libg.a(freer.o)
                0x00101bfc                _free_r
                0x00101b00                _malloc_trim_r
 *(.text.*)
 .text.vApplicationIdleHook
                0x00101e9c       0x14 application/main.o
                0x00101e9c                vApplicationIdleHook
 .text.vResetEnv
                0x00101eb0       0x64 application/main.o
                0x00101eb0                vResetEnv
 .text.mainloop
                0x00101f14       0xa0 application/main.o
                0x00101f14                mainloop
 .text.PtInitNrfFrontend
                0x00101fb4       0x10 application/proto.o
                0x00101fb4                PtInitNrfFrontend
 .text.PtDumpNrfRegisters
                0x00101fc4       0x14 application/proto.o
                0x00101fc4                PtDumpNrfRegisters
 .text.PtUpdateWmcuId
                0x00101fd8       0x40 application/proto.o
                0x00101fd8                PtUpdateWmcuId
 .text.vGetDimmerJitterUS
                0x00102018       0x4c application/dimmer.o
                0x00102018                vGetDimmerJitterUS
 .text.vUpdateDimmer
                0x00102064       0x20 application/dimmer.o
                0x00102064                vUpdateDimmer
 .text.vGetDimmerStep
                0x00102084       0x10 application/dimmer.o
                0x00102084                vGetDimmerStep
 .text.vGetEmiPulses
                0x00102094       0x10 application/dimmer.o
                0x00102094                vGetEmiPulses
 .text.vGetDimmerOff
                0x001020a4       0x10 application/dimmer.o
                0x001020a4                vGetDimmerOff
 .text.DeviceRevertToUpdateMode
                0x001020b4       0x74 application/update.o
                0x001020b4                DeviceRevertToUpdateMode
 .text.hex_to_int
                0x00102128       0x58 application/usbshell.o
 .text.vUSBShellInit
                0x00102180       0x38 application/usbshell.o
                0x00102180                vUSBShellInit
 .text.cmd_help
                0x001021b8       0xbc application/usbshell.o
 .text.cmd_debug
                0x00102274       0x68 application/usbshell.o
 .text.cmd_rfstatus
                0x001022dc       0x5c application/usbshell.o
 .text.cmd_mac  0x00102338      0x188 application/usbshell.o
 .text.cmd_status
                0x001024c0      0x244 application/usbshell.o
 .text.cmd_reset
                0x00102704       0x10 application/usbshell.o
 .text.cmd_id   0x00102714      0x144 application/usbshell.o
 .text.cmd_dim  0x00102858       0x88 application/usbshell.o
 .text.cmd_fire
                0x001028e0       0x30 application/usbshell.o
 .text.usbshell_task
                0x00102910      0x154 application/usbshell.o
 .text.cmd_nrf_reset
                0x00102a64        0x8 application/usbshell.o
                0x00102a64                cmd_nrf_reset
 .text.cmd_nrf_init
                0x00102a6c        0x8 application/usbshell.o
                0x00102a6c                cmd_nrf_init
 .text.cmd_nrf_dump
                0x00102a74        0x4 application/usbshell.o
                0x00102a74                cmd_nrf_dump
 .text.cmd_update
                0x00102a78        0x4 application/usbshell.o
                0x00102a78                cmd_update
 .text.DumpStringToUSB
                0x00102a7c       0x3c application/debug_print.o
                0x00102a7c                DumpStringToUSB
 .text.printnibble
                0x00102ab8       0x18 application/debug_print.o
 .text.DumpHexToUSB
                0x00102ad0       0x40 application/debug_print.o
                0x00102ad0                DumpHexToUSB
 .text.DumpUIntToUSB
                0x00102b10       0x6c application/debug_print.o
                0x00102b10                DumpUIntToUSB
 .text._sbrk_r  0x00102b7c       0x28 ../core/openbeacon/syscalls.o
                0x00102b7c                _sbrk_r
 .text.led_init
                0x00102ba4       0x18 ../core/openbeacon/led.o
                0x00102ba4                led_init
 .text.led_set_green
                0x00102bbc       0x20 ../core/openbeacon/led.o
                0x00102bbc                led_set_green
 .text.env_crc16
                0x00102bdc       0x78 ../core/openbeacon/env.o
                0x00102bdc                env_crc16
 .text.env_init
                0x00102c54       0x14 ../core/openbeacon/env.o
                0x00102c54                env_init
 .text.env_load
                0x00102c68       0xc8 ../core/openbeacon/env.o
                0x00102c68                env_load
 .text.env_store
                0x00102d30       0xa0 ../core/openbeacon/env.o
                0x00102d30                env_store
 .text.nRFAPI_CarrierDetect
                0x00102dd0       0x10 ../core/openbeacon/nRF24L01/nRF_API.o
                0x00102dd0                nRFAPI_CarrierDetect
 .text.nRFAPI_GetChannel
                0x00102de0       0x14 ../core/openbeacon/nRF24L01/nRF_API.o
                0x00102de0                nRFAPI_GetChannel
 .text.nRFAPI_SetRxMAC
                0x00102df4       0x78 ../core/openbeacon/nRF24L01/nRF_API.o
                0x00102df4                nRFAPI_SetRxMAC
 .text.nRFAPI_SetTxMAC
                0x00102e6c       0x20 ../core/openbeacon/nRF24L01/nRF_API.o
                0x00102e6c                nRFAPI_SetTxMAC
 .text.nRFCMD_ReadWriteBuffer
                0x00102e8c       0x84 ../core/openbeacon/nRF24L01/nRF_CMD.o
                0x00102e8c                nRFCMD_ReadWriteBuffer
 .text.nRFCMD_RegWriteBuf
                0x00102f10       0x44 ../core/openbeacon/nRF24L01/nRF_CMD.o
                0x00102f10                nRFCMD_RegWriteBuf
 .text.nRFCMD_RegRead
                0x00102f54       0x38 ../core/openbeacon/nRF24L01/nRF_CMD.o
                0x00102f54                nRFCMD_RegRead
 .text.AT91F_LowLevelInit
                0x00102f8c       0x98 ../core/os/boot/Cstartup_SAM7.o
                0x00102f8c                AT91F_LowLevelInit
 .text.AT91F_AIC_ConfigureIt
                0x00103024       0x38 ../core/os/core/ARM7_AT91SAM7/lib_AT91SAM7.o
                0x00103024                AT91F_AIC_ConfigureIt
 .text.AT91F_PDC_SendFrame
                0x0010305c       0x48 ../core/os/core/ARM7_AT91SAM7/lib_AT91SAM7.o
                0x0010305c                AT91F_PDC_SendFrame
 .text.AT91F_PDC_ReceiveFrame
                0x001030a4       0x48 ../core/os/core/ARM7_AT91SAM7/lib_AT91SAM7.o
                0x001030a4                AT91F_PDC_ReceiveFrame
 .text.vListInitialise
                0x001030ec       0x24 ../core/os/core/list.o
                0x001030ec                vListInitialise
 .text.vListInitialiseItem
                0x00103110        0xc ../core/os/core/list.o
                0x00103110                vListInitialiseItem
 .text.vListInsertEnd
                0x0010311c       0x34 ../core/os/core/list.o
                0x0010311c                vListInsertEnd
 .text.vListInsert
                0x00103150       0x64 ../core/os/core/list.o
                0x00103150                vListInsert
 .text.vListRemove
                0x001031b4       0x3c ../core/os/core/list.o
                0x001031b4                vListRemove
 .text.uxQueueMessagesWaiting
                0x001031f0       0x1c ../core/os/core/queue.o
                0x001031f0                uxQueueMessagesWaiting
 .text.prvCopyDataFromQueue
                0x0010320c       0x48 ../core/os/core/queue.o
 .text.prvCopyDataToQueue
                0x00103254       0x9c ../core/os/core/queue.o
 .text.xQueueGenericSendFromISR
                0x001032f0       0x7c ../core/os/core/queue.o
                0x001032f0                xQueueGenericSendFromISR
 .text.prvUnlockQueue
                0x0010336c       0xfc ../core/os/core/queue.o
 .text.xQueueGenericReceive
                0x00103468      0x198 ../core/os/core/queue.o
                0x00103468                xQueueGenericReceive
 .text.xQueueGenericSend
                0x00103600      0x168 ../core/os/core/queue.o
                0x00103600                xQueueGenericSend
 .text.xQueueCreate
                0x00103768       0xa4 ../core/os/core/queue.o
                0x00103768                xQueueCreate
 .text.vTaskSwitchContext
                0x0010380c       0xa4 ../core/os/core/tasks.o
                0x0010380c                vTaskSwitchContext
 .text.vTaskSetTimeOutState
                0x001038b0       0x20 ../core/os/core/tasks.o
                0x001038b0                vTaskSetTimeOutState
 .text.vTaskMissedYield
                0x001038d0       0x14 ../core/os/core/tasks.o
                0x001038d0                vTaskMissedYield
 .text.xTaskCheckForTimeOut
                0x001038e4       0xc0 ../core/os/core/tasks.o
                0x001038e4                xTaskCheckForTimeOut
 .text.vTaskSuspendAll
                0x001039a4       0x24 ../core/os/core/tasks.o
                0x001039a4                vTaskSuspendAll
 .text.xTaskRemoveFromEventList
                0x001039c8       0xa4 ../core/os/core/tasks.o
                0x001039c8                xTaskRemoveFromEventList
 .text.vTaskIncrementTick
                0x00103a6c      0x16c ../core/os/core/tasks.o
                0x00103a6c                vTaskIncrementTick
 .text.vTaskPlaceOnEventList
                0x00103bd8       0x8c ../core/os/core/tasks.o
                0x00103bd8                vTaskPlaceOnEventList
 .text.xTaskCreate
                0x00103c64      0x23c ../core/os/core/tasks.o
                0x00103c64                xTaskCreate
 .text.vTaskStartScheduler
                0x00103ea0       0x78 ../core/os/core/tasks.o
                0x00103ea0                vTaskStartScheduler
 .text.xTaskResumeAll
                0x00103f18      0x284 ../core/os/core/tasks.o
                0x00103f18                xTaskResumeAll
 .text.prvIdleTask
                0x0010419c       0xbc ../core/os/core/tasks.o
 .text.vTaskDelay
                0x00104258       0xa4 ../core/os/core/tasks.o
                0x00104258                vTaskDelay
 .text.pxPortInitialiseStack
                0x001042fc      0x1c0 ../core/os/core/port.o
                0x001042fc                pxPortInitialiseStack
 .text.xPortStartScheduler
                0x001044bc       0x48 ../core/os/core/port.o
                0x001044bc                xPortStartScheduler
 .text.vPortISRStartFirstTask
                0x00104504       0x54 ../core/os/core/portISR.o
                0x00104504                vPortISRStartFirstTask
 .text.vPortEnterCritical
                0x00104558       0x2c ../core/os/core/portISR.o
                0x00104558                vPortEnterCritical
 .text.vPortExitCritical
                0x00104584       0x44 ../core/os/core/portISR.o
                0x00104584                vPortExitCritical
 .text.vPreemptiveTick
                0x001045c8       0xbc ../core/os/core/portISR.o
                0x001045c8                vPreemptiveTick
 .text.swi_handler
                0x00104684       0xac ../core/os/core/portISR.o
                0x00104684                swi_handler
 .text.vPortFree
                0x00104730       0x20 ../core/os/core/MemMang/heap_3.o
                0x00104730                vPortFree
 .text.pvPortMalloc
                0x00104750       0x24 ../core/os/core/MemMang/heap_3.o
                0x00104750                pvPortMalloc
 .text.vDetachUSBInterface
                0x00104774       0x18 ../core/os/usb/USB-CDC.o
                0x00104774                vDetachUSBInterface
 .text.vUSBRecvByte
                0x0010478c       0x88 ../core/os/usb/USB-CDC.o
                0x0010478c                vUSBRecvByte
 .text.usb_send_buffer_zero_copy
                0x00104814       0x40 ../core/os/usb/USB-CDC.o
                0x00104814                usb_send_buffer_zero_copy
 .text.vUSBSendByte
                0x00104854       0x38 ../core/os/usb/USB-CDC.o
                0x00104854                vUSBSendByte
 .text.prvSendStall
                0x0010488c       0x24 ../core/os/usb/USB-CDC.o
 .text.prvSendZLP
                0x001048b0       0x5c ../core/os/usb/USB-CDC.o
 .text.prvSendNextSegment
                0x0010490c       0xf8 ../core/os/usb/USB-CDC.o
 .text.prvSendControlData
                0x00104a04       0x78 ../core/os/usb/USB-CDC.o
 .text.vUSBCDCTask
                0x00104a7c      0x9c4 ../core/os/usb/USB-CDC.o
                0x00104a7c                vUSBCDCTask
 .text.vUSB_ISR_Handler
                0x00105440      0x1a4 ../core/os/usb/USBIsr.o
                0x00105440                vUSB_ISR_Handler
 .text.vUSB_ISR_Wrapper
                0x001055e4       0xa8 ../core/os/usb/USBIsr.o
                0x001055e4                vUSB_ISR_Wrapper
 *(.rodata)
 *(.rodata*)
 .rodata.str1.4
                0x0010568c       0x38 application/main.o
 .rodata.str1.4
                0x001056c4       0x30 application/update.o
 .rodata.str1.4
                0x001056f4      0x5a6 application/usbshell.o
                                0x5b8 (size before relaxing)
 *fill*         0x00105c9a        0x2 00
 .rodata.str1.4
                0x00105c9c        0x5 ../core/os/core/tasks.o
                                  0x8 (size before relaxing)
 .rodata.pxLanguageStringDescriptor
                0x00105ca1        0x4 ../core/os/usb/USB-CDC.o
                0x00105ca1                pxLanguageStringDescriptor
 .rodata.pxManufacturerStringDescriptor
                0x00105ca5       0x1c ../core/os/usb/USB-CDC.o
                0x00105ca5                pxManufacturerStringDescriptor
 .rodata.pxProductStringDescriptor
                0x00105cc1       0x2c ../core/os/usb/USB-CDC.o
                0x00105cc1                pxProductStringDescriptor
 .rodata.pxConfigDescriptor1
                0x00105ced       0x43 ../core/os/usb/USB-CDC.o
                0x00105ced                pxConfigDescriptor1
 .rodata.pxConfigDescriptor2
                0x00105d30       0x43 ../core/os/usb/USB-CDC.o
                0x00105d30                pxConfigDescriptor2
 *fill*         0x00105d73        0x1 00
 .rodata.pxConfigDescriptorSizes
                0x00105d74        0x8 ../core/os/usb/USB-CDC.o
                0x00105d74                pxConfigDescriptorSizes
 .rodata.pxDeviceDescriptor
                0x00105d7c       0x12 ../core/os/usb/USB-CDC.o
                0x00105d7c                pxDeviceDescriptor
 *fill*         0x00105d8e        0x2 00
 .rodata.C.25.4299
                0x00105d90       0x14 ../core/os/usb/USB-CDC.o
 .rodata.pxLineCoding
                0x00105da4        0x7 ../core/os/usb/USB-CDC.o
 *fill*         0x00105dab        0x1 00
 .rodata.str1.4
                0x00105dac        0x2 /share/Studienarbeit/projects/openbeacon/arm/bin/../lib/gcc/arm-elf/4.1.0/../../../../arm-elf/lib/libg.a(impure.o)
                                  0x4 (size before relaxing)
 *(.glue_7)
 *fill*         0x00105dae        0x2 00
 *(.glue_7t)
                0x00105db0                __end_of_text__ = .

.data           0x00200000      0x958 load address 0x00105db0
                0x00200000                __data_beg__ = .
                0x00105db0                __data_beg_src__ = __end_of_text__
 *(.data)
 .data          0x00200000       0x20 /tmp/ccfnpovd.o
                0x00200000                bootloader_orig
                0x00200020                bootloader_orig_end
 .data          0x00200020      0x410 /share/Studienarbeit/projects/openbeacon/arm/bin/../lib/gcc/arm-elf/4.1.0/../../../../arm-elf/lib/libg.a(mallocr.o)
                0x0020042c                __malloc_sbrk_base
                0x00200020                __malloc_av_
                0x00200428                __malloc_trim_threshold
 .data          0x00200430      0x404 /share/Studienarbeit/projects/openbeacon/arm/bin/../lib/gcc/arm-elf/4.1.0/../../../../arm-elf/lib/libg.a(impure.o)
                0x00200430                _impure_ptr
 *(.data.*)
 .data.wmcu_mac
                0x00200834        0x5 application/proto.o
 .data.jam_mac  0x00200839        0x5 application/proto.o
 *fill*         0x0020083e        0x2 00
 .data.n.4613   0x00200840        0x4 application/usbshell.o
 .data.p.4612   0x00200844        0x4 application/usbshell.o
 .data.commands
                0x00200848       0x78 application/usbshell.o
 .data.ulCriticalNesting
                0x002008c0        0x4 ../core/os/core/portISR.o
                0x002008c0                ulCriticalNesting
 .data.pxConfigDescriptorList
                0x002008c4        0x8 ../core/os/usb/USB-CDC.o
                0x002008c4                pxConfigDescriptorList
 *(.ramfunc)
 .ramfunc       0x002008cc       0x8c ../core/openbeacon/env.o
                0x002008cc                env_flash_to
                0x00200958                __data_end__ = .

.bss            0x00200958      0xa04
                0x00200958                __bss_beg__ = .
 *(.bss)
 .bss           0x00200958       0x34 /share/Studienarbeit/projects/openbeacon/arm/bin/../lib/gcc/arm-elf/4.1.0/../../../../arm-elf/lib/libg.a(mallocr.o)
                0x00200958                __malloc_top_pad
                0x0020095c                __malloc_max_sbrked_mem
                0x00200964                __malloc_current_mallinfo
                0x00200960                __malloc_max_total_mem
 *(.bss.*)
 .bss.pings_lost
                0x0020098c        0x4 application/proto.o
                0x0020098c                pings_lost
 .bss.last_sequence
                0x00200990        0x4 application/proto.o
                0x00200990                last_sequence
 .bss.last_ping_seq
                0x00200994        0x4 application/proto.o
                0x00200994                last_ping_seq
 .bss.debug     0x00200998        0x4 application/proto.o
                0x00200998                debug
 .bss.pt_reset_type
                0x0020099c        0x4 application/proto.o
 .bss.pt_dump_registers
                0x002009a0        0x4 application/proto.o
 .bss.dimmer_off
                0x002009a4        0x4 application/dimmer.o
 .bss.dimmer_step
                0x002009a8        0x4 application/dimmer.o
 .bss.dimmer_emi_pulses
                0x002009ac        0x4 application/dimmer.o
 .bss.c.4611    0x002009b0        0x1 application/usbshell.o
 .bss.buf.4610  0x002009b1       0x80 application/usbshell.o
 *fill*         0x00200a31        0x3 00
 .bss.heap_ptr  0x00200a34        0x4 ../core/openbeacon/syscalls.o
 .bss.spi_outbuf
                0x00200a38       0x21 ../core/openbeacon/nRF24L01/nRF_CMD.o
 .bss.spi_inbuf
                0x00200a59       0x21 ../core/openbeacon/nRF24L01/nRF_CMD.o
 *fill*         0x00200a7a        0x2 00
 .bss.xnRF_SemaphoreDMA
                0x00200a7c        0x4 ../core/openbeacon/nRF24L01/nRF_CMD.o
 .bss.pxCurrentTCB
                0x00200a80        0x4 ../core/os/core/tasks.o
                0x00200a80                pxCurrentTCB
 .bss.xMissedYield
                0x00200a84        0x4 ../core/os/core/tasks.o
 .bss.xNumOfOverflows
                0x00200a88        0x4 ../core/os/core/tasks.o
 .bss.xTickCount
                0x00200a8c        0x4 ../core/os/core/tasks.o
 .bss.uxSchedulerSuspended
                0x00200a90        0x4 ../core/os/core/tasks.o
 .bss.uxTopReadyPriority
                0x00200a94        0x4 ../core/os/core/tasks.o
 .bss.uxMissedTicks
                0x00200a98        0x4 ../core/os/core/tasks.o
 .bss.uxCurrentNumberOfTasks
                0x00200a9c        0x4 ../core/os/core/tasks.o
 .bss.xSchedulerRunning
                0x00200aa0        0x4 ../core/os/core/tasks.o
 .bss.uxTasksDeleted
                0x00200aa4        0x4 ../core/os/core/tasks.o
 .bss.uxTopUsedPriority
                0x00200aa8        0x4 ../core/os/core/tasks.o
 .bss.pxReadyTasksLists
                0x00200aac       0x64 ../core/os/core/tasks.o
 .bss.xDelayedTaskList1
                0x00200b10       0x14 ../core/os/core/tasks.o
 .bss.xDelayedTaskList2
                0x00200b24       0x14 ../core/os/core/tasks.o
 .bss.pxDelayedTaskList
                0x00200b38        0x4 ../core/os/core/tasks.o
 .bss.pxOverflowDelayedTaskList
                0x00200b3c        0x4 ../core/os/core/tasks.o
 .bss.xPendingReadyList
                0x00200b40       0x14 ../core/os/core/tasks.o
 .bss.xTasksWaitingTermination
                0x00200b54       0x14 ../core/os/core/tasks.o
 .bss.xSuspendedTaskList
                0x00200b68       0x14 ../core/os/core/tasks.o
 .bss.ucUSBConfig
                0x00200b7c        0x1 ../core/os/usb/USB-CDC.o
 *fill*         0x00200b7d        0x3 00
 .bss.eDriverState
                0x00200b80        0x4 ../core/os/usb/USB-CDC.o
 .bss.ulReceivedAddress
                0x00200b84        0x4 ../core/os/usb/USB-CDC.o
 .bss.xRequest.4456
                0x00200b88        0x8 ../core/os/usb/USB-CDC.o
 .bss.pxControlTx
                0x00200b90       0x88 ../core/os/usb/USB-CDC.o
 .bss.pxControlRx
                0x00200c18       0x88 ../core/os/usb/USB-CDC.o
 .bss.xRxCDC    0x00200ca0        0x4 ../core/os/usb/USB-CDC.o
 .bss.xTxCDC    0x00200ca4        0x4 ../core/os/usb/USB-CDC.o
 .bss.usb_zcopy_tx_queue
                0x00200ca8        0x4 ../core/os/usb/USB-CDC.o
 .bss.ucControlState
                0x00200cac        0x1 ../core/os/usb/USB-CDC.o
 *fill*         0x00200cad        0x3 00
 .bss.uiCurrentBank
                0x00200cb0        0x4 ../core/os/usb/USB-CDC.o
 .bss.ulNextMessage.3416
                0x00200cb4        0x4 ../core/os/usb/USBIsr.o
 .bss.xISRMessages
                0x00200cb8       0x40 ../core/os/usb/USBIsr.o
 COMMON         0x00200cf8        0x4 application/proto.o
                0x00200cf8                packet_count
 COMMON         0x00200cfc      0x5dc application/usbshell.o
                0x00200cfc                packet
 COMMON         0x002012d8       0x80 ../core/openbeacon/env.o
                0x002012d8                env
 COMMON         0x00201358        0x4 ../core/os/usb/USB-CDC.o
                0x00201358                xUSBInterruptQueue
                0x0020135c                . = ALIGN (0x4)
                0x0020135c                . = ALIGN (0x4)
                0x0020135c                _end = .
                0x0020135c                _bss_end__ = .
                0x0020135c                __bss_end__ = .
                0x0020135c                __end__ = .
                0x0020135c                PROVIDE (end, .)
OUTPUT(openbeacon-brn-test.elf elf32-littlearm)

.debug_abbrev   0x00000000     0x316d
 .debug_abbrev  0x00000000      0x170 application/main.o
 .debug_abbrev  0x00000170      0x2de application/proto.o
 .debug_abbrev  0x0000044e      0x275 application/dimmer.o
 .debug_abbrev  0x000006c3       0xcc application/update.o
 .debug_abbrev  0x0000078f      0x23e application/usbshell.o
 .debug_abbrev  0x000009cd      0x109 application/debug_print.o
 .debug_abbrev  0x00000ad6       0xc6 application/xxtea.o
 .debug_abbrev  0x00000b9c       0xaa ../core//openbeacon/crc32.o
 .debug_abbrev  0x00000c46       0x7f ../core//openbeacon/rnd.o
 .debug_abbrev  0x00000cc5      0x136 ../core/openbeacon/dbgu.o
 .debug_abbrev  0x00000dfb      0x23a ../core/openbeacon/syscalls.o
 .debug_abbrev  0x00001035      0x181 ../core/openbeacon/led.o
 .debug_abbrev  0x000011b6      0x25e ../core/openbeacon/env.o
 .debug_abbrev  0x00001414       0x9e ../core/openbeacon/sort.o
 .debug_abbrev  0x000014b2      0x16e ../core/openbeacon/nRF24L01/nRF_API.o
 .debug_abbrev  0x00001620      0x2c3 ../core/openbeacon/nRF24L01/nRF_CMD.o
 .debug_abbrev  0x000018e3       0x8a ../core/os/boot/Cstartup_SAM7.o
 .debug_abbrev  0x0000196d      0x2b6 ../core/os/core/ARM7_AT91SAM7/lib_AT91SAM7.o
 .debug_abbrev  0x00001c23       0xc9 ../core/os/core/list.o
 .debug_abbrev  0x00001cec      0x194 ../core/os/core/queue.o
 .debug_abbrev  0x00001e80      0x267 ../core/os/core/tasks.o
 .debug_abbrev  0x000020e7      0x116 ../core/os/core/port.o
 .debug_abbrev  0x000021fd       0x72 ../core/os/core/portISR.o
 .debug_abbrev  0x0000226f       0x93 ../core/os/core/MemMang/heap_3.o
 .debug_abbrev  0x00002302      0x300 ../core/os/usb/USB-CDC.o
 .debug_abbrev  0x00002602       0xda ../core/os/usb/USBIsr.o
 .debug_abbrev  0x000026dc       0x10 /tmp/ccoUNcln.o
 .debug_abbrev  0x000026ec       0x14 /share/Studienarbeit/projects/openbeacon/arm/bin/../lib/gcc/arm-elf/4.1.0/libgcc.a(_udivsi3.o)
 .debug_abbrev  0x00002700       0x14 /share/Studienarbeit/projects/openbeacon/arm/bin/../lib/gcc/arm-elf/4.1.0/libgcc.a(_divsi3.o)
 .debug_abbrev  0x00002714       0x14 /share/Studienarbeit/projects/openbeacon/arm/bin/../lib/gcc/arm-elf/4.1.0/libgcc.a(_umodsi3.o)
 .debug_abbrev  0x00002728       0x14 /share/Studienarbeit/projects/openbeacon/arm/bin/../lib/gcc/arm-elf/4.1.0/libgcc.a(_dvmd_tls.o)
 .debug_abbrev  0x0000273c      0x187 /share/Studienarbeit/projects/openbeacon/arm/bin/../lib/gcc/arm-elf/4.1.0/../../../../arm-elf/lib/libg.a(malloc.o)
 .debug_abbrev  0x000028c3      0x225 /share/Studienarbeit/projects/openbeacon/arm/bin/../lib/gcc/arm-elf/4.1.0/../../../../arm-elf/lib/libg.a(mallocr.o)
 .debug_abbrev  0x00002ae8       0xa6 /share/Studienarbeit/projects/openbeacon/arm/bin/../lib/gcc/arm-elf/4.1.0/../../../../arm-elf/lib/libg.a(memcpy.o)
 .debug_abbrev  0x00002b8e       0xa9 /share/Studienarbeit/projects/openbeacon/arm/bin/../lib/gcc/arm-elf/4.1.0/../../../../arm-elf/lib/libg.a(memset.o)
 .debug_abbrev  0x00002c37      0x16a /share/Studienarbeit/projects/openbeacon/arm/bin/../lib/gcc/arm-elf/4.1.0/../../../../arm-elf/lib/libg.a(mlock.o)
 .debug_abbrev  0x00002da1       0x8d /share/Studienarbeit/projects/openbeacon/arm/bin/../lib/gcc/arm-elf/4.1.0/../../../../arm-elf/lib/libg.a(strncpy.o)
 .debug_abbrev  0x00002e2e      0x1e8 /share/Studienarbeit/projects/openbeacon/arm/bin/../lib/gcc/arm-elf/4.1.0/../../../../arm-elf/lib/libg.a(freer.o)
 .debug_abbrev  0x00003016      0x157 /share/Studienarbeit/projects/openbeacon/arm/bin/../lib/gcc/arm-elf/4.1.0/../../../../arm-elf/lib/libg.a(impure.o)

.debug_info     0x00000000     0xc8f3
 .debug_info    0x00000000      0x246 application/main.o
 .debug_info    0x00000246      0x73e application/proto.o
 .debug_info    0x00000984      0x988 application/dimmer.o
 .debug_info    0x0000130c      0x189 application/update.o
 .debug_info    0x00001495      0x5cd application/usbshell.o
 .debug_info    0x00001a62      0x1d3 application/debug_print.o
 .debug_info    0x00001c35      0x19a application/xxtea.o
 .debug_info    0x00001dcf       0xf0 ../core//openbeacon/crc32.o
 .debug_info    0x00001ebf       0xb3 ../core//openbeacon/rnd.o
 .debug_info    0x00001f72      0x5e6 ../core/openbeacon/dbgu.o
 .debug_info    0x00002558      0xd2b ../core/openbeacon/syscalls.o
 .debug_info    0x00003283      0x5bd ../core/openbeacon/led.o
 .debug_info    0x00003840      0x4ae ../core/openbeacon/env.o
 .debug_info    0x00003cee       0xcf ../core/openbeacon/sort.o
 .debug_info    0x00003dbd      0x57d ../core/openbeacon/nRF24L01/nRF_API.o
 .debug_info    0x0000433a      0xdea ../core/openbeacon/nRF24L01/nRF_CMD.o
 .debug_info    0x00005124      0x1fa ../core/os/boot/Cstartup_SAM7.o
 .debug_info    0x0000531e     0x1623 ../core/os/core/ARM7_AT91SAM7/lib_AT91SAM7.o
 .debug_info    0x00006941      0x28b ../core/os/core/list.o
 .debug_info    0x00006bcc      0x73b ../core/os/core/queue.o
 .debug_info    0x00007307      0xc30 ../core/os/core/tasks.o
 .debug_info    0x00007f37      0x1ac ../core/os/core/port.o
 .debug_info    0x000080e3       0xf6 ../core/os/core/portISR.o
 .debug_info    0x000081d9       0xd4 ../core/os/core/MemMang/heap_3.o
 .debug_info    0x000082ad      0xac4 ../core/os/usb/USB-CDC.o
 .debug_info    0x00008d71      0x186 ../core/os/usb/USBIsr.o
 .debug_info    0x00008ef7       0x81 /tmp/ccoUNcln.o
 .debug_info    0x00008f78       0x88 /share/Studienarbeit/projects/openbeacon/arm/bin/../lib/gcc/arm-elf/4.1.0/libgcc.a(_udivsi3.o)
 .debug_info    0x00009000       0x88 /share/Studienarbeit/projects/openbeacon/arm/bin/../lib/gcc/arm-elf/4.1.0/libgcc.a(_divsi3.o)
 .debug_info    0x00009088       0x88 /share/Studienarbeit/projects/openbeacon/arm/bin/../lib/gcc/arm-elf/4.1.0/libgcc.a(_umodsi3.o)
 .debug_info    0x00009110       0x88 /share/Studienarbeit/projects/openbeacon/arm/bin/../lib/gcc/arm-elf/4.1.0/libgcc.a(_dvmd_tls.o)
 .debug_info    0x00009198      0x953 /share/Studienarbeit/projects/openbeacon/arm/bin/../lib/gcc/arm-elf/4.1.0/../../../../arm-elf/lib/libg.a(malloc.o)
 .debug_info    0x00009aeb      0xcba /share/Studienarbeit/projects/openbeacon/arm/bin/../lib/gcc/arm-elf/4.1.0/../../../../arm-elf/lib/libg.a(mallocr.o)
 .debug_info    0x0000a7a5      0x10a /share/Studienarbeit/projects/openbeacon/arm/bin/../lib/gcc/arm-elf/4.1.0/../../../../arm-elf/lib/libg.a(memcpy.o)
 .debug_info    0x0000a8af      0x10e /share/Studienarbeit/projects/openbeacon/arm/bin/../lib/gcc/arm-elf/4.1.0/../../../../arm-elf/lib/libg.a(memset.o)
 .debug_info    0x0000a9bd      0x93c /share/Studienarbeit/projects/openbeacon/arm/bin/../lib/gcc/arm-elf/4.1.0/../../../../arm-elf/lib/libg.a(mlock.o)
 .debug_info    0x0000b2f9      0x127 /share/Studienarbeit/projects/openbeacon/arm/bin/../lib/gcc/arm-elf/4.1.0/../../../../arm-elf/lib/libg.a(strncpy.o)
 .debug_info    0x0000b420      0xbb1 /share/Studienarbeit/projects/openbeacon/arm/bin/../lib/gcc/arm-elf/4.1.0/../../../../arm-elf/lib/libg.a(freer.o)
 .debug_info    0x0000bfd1      0x922 /share/Studienarbeit/projects/openbeacon/arm/bin/../lib/gcc/arm-elf/4.1.0/../../../../arm-elf/lib/libg.a(impure.o)

.debug_line     0x00000000     0x366d
 .debug_line    0x00000000       0xf5 application/main.o
 .debug_line    0x000000f5      0x2af application/proto.o
 .debug_line    0x000003a4      0x237 application/dimmer.o
 .debug_line    0x000005db       0x77 application/update.o
 .debug_line    0x00000652      0x28c application/usbshell.o
 .debug_line    0x000008de       0x9c application/debug_print.o
 .debug_line    0x0000097a       0x90 application/xxtea.o
 .debug_line    0x00000a0a       0x85 ../core//openbeacon/crc32.o
 .debug_line    0x00000a8f       0x89 ../core//openbeacon/rnd.o
 .debug_line    0x00000b18       0xf1 ../core/openbeacon/dbgu.o
 .debug_line    0x00000c09      0x263 ../core/openbeacon/syscalls.o
 .debug_line    0x00000e6c      0x11a ../core/openbeacon/led.o
 .debug_line    0x00000f86      0x154 ../core/openbeacon/env.o
 .debug_line    0x000010da       0x61 ../core/openbeacon/sort.o
 .debug_line    0x0000113b      0x282 ../core/openbeacon/nRF24L01/nRF_API.o
 .debug_line    0x000013bd      0x32b ../core/openbeacon/nRF24L01/nRF_CMD.o
 .debug_line    0x000016e8       0x92 ../core/os/boot/Cstartup_SAM7.o
 .debug_line    0x0000177a      0x303 ../core/os/core/ARM7_AT91SAM7/lib_AT91SAM7.o
 .debug_line    0x00001a7d      0x106 ../core/os/core/list.o
 .debug_line    0x00001b83      0x338 ../core/os/core/queue.o
 .debug_line    0x00001ebb      0x483 ../core/os/core/tasks.o
 .debug_line    0x0000233e      0x12c ../core/os/core/port.o
 .debug_line    0x0000246a       0xbc ../core/os/core/portISR.o
 .debug_line    0x00002526       0xc5 ../core/os/core/MemMang/heap_3.o
 .debug_line    0x000025eb      0x37d ../core/os/usb/USB-CDC.o
 .debug_line    0x00002968       0xd8 ../core/os/usb/USBIsr.o
 .debug_line    0x00002a40       0x8a /tmp/ccoUNcln.o
 .debug_line    0x00002aca       0x8d /share/Studienarbeit/projects/openbeacon/arm/bin/../lib/gcc/arm-elf/4.1.0/libgcc.a(_udivsi3.o)
 .debug_line    0x00002b57       0x99 /share/Studienarbeit/projects/openbeacon/arm/bin/../lib/gcc/arm-elf/4.1.0/libgcc.a(_divsi3.o)
 .debug_line    0x00002bf0       0x76 /share/Studienarbeit/projects/openbeacon/arm/bin/../lib/gcc/arm-elf/4.1.0/libgcc.a(_umodsi3.o)
 .debug_line    0x00002c66       0x61 /share/Studienarbeit/projects/openbeacon/arm/bin/../lib/gcc/arm-elf/4.1.0/libgcc.a(_dvmd_tls.o)
 .debug_line    0x00002cc7      0x118 /share/Studienarbeit/projects/openbeacon/arm/bin/../lib/gcc/arm-elf/4.1.0/../../../../arm-elf/lib/libg.a(malloc.o)
 .debug_line    0x00002ddf      0x247 /share/Studienarbeit/projects/openbeacon/arm/bin/../lib/gcc/arm-elf/4.1.0/../../../../arm-elf/lib/libg.a(mallocr.o)
 .debug_line    0x00003026       0xcb /share/Studienarbeit/projects/openbeacon/arm/bin/../lib/gcc/arm-elf/4.1.0/../../../../arm-elf/lib/libg.a(memcpy.o)
 .debug_line    0x000030f1       0xd3 /share/Studienarbeit/projects/openbeacon/arm/bin/../lib/gcc/arm-elf/4.1.0/../../../../arm-elf/lib/libg.a(memset.o)
 .debug_line    0x000031c4      0x110 /share/Studienarbeit/projects/openbeacon/arm/bin/../lib/gcc/arm-elf/4.1.0/../../../../arm-elf/lib/libg.a(mlock.o)
 .debug_line    0x000032d4       0xd5 /share/Studienarbeit/projects/openbeacon/arm/bin/../lib/gcc/arm-elf/4.1.0/../../../../arm-elf/lib/libg.a(strncpy.o)
 .debug_line    0x000033a9      0x1c6 /share/Studienarbeit/projects/openbeacon/arm/bin/../lib/gcc/arm-elf/4.1.0/../../../../arm-elf/lib/libg.a(freer.o)
 .debug_line    0x0000356f       0xfe /share/Studienarbeit/projects/openbeacon/arm/bin/../lib/gcc/arm-elf/4.1.0/../../../../arm-elf/lib/libg.a(impure.o)

.debug_frame    0x00000000     0x1544
 .debug_frame   0x00000000       0x4c application/main.o
 .debug_frame   0x0000004c       0xa4 application/proto.o
 .debug_frame   0x000000f0      0x100 application/dimmer.o
 .debug_frame   0x000001f0       0x28 application/update.o
 .debug_frame   0x00000218      0x18c application/usbshell.o
 .debug_frame   0x000003a4       0x78 application/debug_print.o
 .debug_frame   0x0000041c       0x60 application/xxtea.o
 .debug_frame   0x0000047c       0x2c ../core//openbeacon/crc32.o
 .debug_frame   0x000004a8       0x3c ../core//openbeacon/rnd.o
 .debug_frame   0x000004e4       0x48 ../core/openbeacon/dbgu.o
 .debug_frame   0x0000052c       0xac ../core/openbeacon/syscalls.o
 .debug_frame   0x000005d8       0x50 ../core/openbeacon/led.o
 .debug_frame   0x00000628       0x7c ../core/openbeacon/env.o
 .debug_frame   0x000006a4       0x2c ../core/openbeacon/sort.o
 .debug_frame   0x000006d0      0x24c ../core/openbeacon/nRF24L01/nRF_API.o
 .debug_frame   0x0000091c      0x1a0 ../core/openbeacon/nRF24L01/nRF_CMD.o
 .debug_frame   0x00000abc       0x28 ../core/os/boot/Cstartup_SAM7.o
 .debug_frame   0x00000ae4      0x16c ../core/os/core/ARM7_AT91SAM7/lib_AT91SAM7.o
 .debug_frame   0x00000c50       0x68 ../core/os/core/list.o
 .debug_frame   0x00000cb8      0x15c ../core/os/core/queue.o
 .debug_frame   0x00000e14      0x2b4 ../core/os/core/tasks.o
 .debug_frame   0x000010c8       0x60 ../core/os/core/port.o
 .debug_frame   0x00001128       0x80 ../core/os/core/portISR.o
 .debug_frame   0x000011a8       0x40 ../core/os/core/MemMang/heap_3.o
 .debug_frame   0x000011e8      0x148 ../core/os/usb/USB-CDC.o
 .debug_frame   0x00001330       0x3c ../core/os/usb/USBIsr.o
 .debug_frame   0x0000136c       0x28 /share/Studienarbeit/projects/openbeacon/arm/bin/../lib/gcc/arm-elf/4.1.0/libgcc.a(_udivsi3.o)
 .debug_frame   0x00001394       0x28 /share/Studienarbeit/projects/openbeacon/arm/bin/../lib/gcc/arm-elf/4.1.0/libgcc.a(_divsi3.o)
 .debug_frame   0x000013bc       0x28 /share/Studienarbeit/projects/openbeacon/arm/bin/../lib/gcc/arm-elf/4.1.0/libgcc.a(_umodsi3.o)
 .debug_frame   0x000013e4       0x30 /share/Studienarbeit/projects/openbeacon/arm/bin/../lib/gcc/arm-elf/4.1.0/../../../../arm-elf/lib/libg.a(malloc.o)
 .debug_frame   0x00001414       0x38 /share/Studienarbeit/projects/openbeacon/arm/bin/../lib/gcc/arm-elf/4.1.0/../../../../arm-elf/lib/libg.a(mallocr.o)
 .debug_frame   0x0000144c       0x28 /share/Studienarbeit/projects/openbeacon/arm/bin/../lib/gcc/arm-elf/4.1.0/../../../../arm-elf/lib/libg.a(memcpy.o)
 .debug_frame   0x00001474       0x20 /share/Studienarbeit/projects/openbeacon/arm/bin/../lib/gcc/arm-elf/4.1.0/../../../../arm-elf/lib/libg.a(memset.o)
 .debug_frame   0x00001494       0x30 /share/Studienarbeit/projects/openbeacon/arm/bin/../lib/gcc/arm-elf/4.1.0/../../../../arm-elf/lib/libg.a(mlock.o)
 .debug_frame   0x000014c4       0x2c /share/Studienarbeit/projects/openbeacon/arm/bin/../lib/gcc/arm-elf/4.1.0/../../../../arm-elf/lib/libg.a(strncpy.o)
 .debug_frame   0x000014f0       0x54 /share/Studienarbeit/projects/openbeacon/arm/bin/../lib/gcc/arm-elf/4.1.0/../../../../arm-elf/lib/libg.a(freer.o)

.debug_loc      0x00000000     0x41f7
 .debug_loc     0x00000000       0x3e application/main.o
 .debug_loc     0x0000003e      0x232 application/proto.o
 .debug_loc     0x00000270       0xd1 application/dimmer.o
 .debug_loc     0x00000341       0x1f application/update.o
 .debug_loc     0x00000360      0x3e2 application/usbshell.o
 .debug_loc     0x00000742      0x14e application/debug_print.o
 .debug_loc     0x00000890      0x15c application/xxtea.o
 .debug_loc     0x000009ec       0xb8 ../core//openbeacon/crc32.o
 .debug_loc     0x00000aa4       0x1f ../core//openbeacon/rnd.o
 .debug_loc     0x00000ac3       0xa8 ../core/openbeacon/dbgu.o
 .debug_loc     0x00000b6b      0x1f6 ../core/openbeacon/syscalls.o
 .debug_loc     0x00000d61       0x72 ../core/openbeacon/led.o
 .debug_loc     0x00000dd3       0xf0 ../core/openbeacon/env.o
 .debug_loc     0x00000ec3       0x66 ../core/openbeacon/sort.o
 .debug_loc     0x00000f29      0x4e6 ../core/openbeacon/nRF24L01/nRF_API.o
 .debug_loc     0x0000140f      0x3ca ../core/openbeacon/nRF24L01/nRF_CMD.o
 .debug_loc     0x000017d9       0x1f ../core/os/boot/Cstartup_SAM7.o
 .debug_loc     0x000017f8      0x5b2 ../core/os/core/ARM7_AT91SAM7/lib_AT91SAM7.o
 .debug_loc     0x00001daa       0x1f ../core/os/core/list.o
 .debug_loc     0x00001dc9      0x5f2 ../core/os/core/queue.o
 .debug_loc     0x000023bb      0x7af ../core/os/core/tasks.o
 .debug_loc     0x00002b6a      0x14f ../core/os/core/port.o
 .debug_loc     0x00002cb9       0x7a ../core/os/core/MemMang/heap_3.o
 .debug_loc     0x00002d33      0x5ef ../core/os/usb/USB-CDC.o
 .debug_loc     0x00003322       0x92 ../core/os/usb/USBIsr.o
 .debug_loc     0x000033b4       0x3c /share/Studienarbeit/projects/openbeacon/arm/bin/../lib/gcc/arm-elf/4.1.0/../../../../arm-elf/lib/libg.a(malloc.o)
 .debug_loc     0x000033f0      0x795 /share/Studienarbeit/projects/openbeacon/arm/bin/../lib/gcc/arm-elf/4.1.0/../../../../arm-elf/lib/libg.a(mallocr.o)
 .debug_loc     0x00003b85       0xdb /share/Studienarbeit/projects/openbeacon/arm/bin/../lib/gcc/arm-elf/4.1.0/../../../../arm-elf/lib/libg.a(memcpy.o)
 .debug_loc     0x00003c60       0xa9 /share/Studienarbeit/projects/openbeacon/arm/bin/../lib/gcc/arm-elf/4.1.0/../../../../arm-elf/lib/libg.a(memset.o)
 .debug_loc     0x00003d09      0x15f /share/Studienarbeit/projects/openbeacon/arm/bin/../lib/gcc/arm-elf/4.1.0/../../../../arm-elf/lib/libg.a(strncpy.o)
 .debug_loc     0x00003e68      0x38f /share/Studienarbeit/projects/openbeacon/arm/bin/../lib/gcc/arm-elf/4.1.0/../../../../arm-elf/lib/libg.a(freer.o)

.debug_pubnames
                0x00000000     0x1343
 .debug_pubnames
                0x00000000       0x46 application/main.o
 .debug_pubnames
                0x00000046       0xb7 application/proto.o
 .debug_pubnames
                0x000000fd      0x106 application/dimmer.o
 .debug_pubnames
                0x00000203       0x2f application/update.o
 .debug_pubnames
                0x00000232       0x72 application/usbshell.o
 .debug_pubnames
                0x000002a4       0x49 application/debug_print.o
 .debug_pubnames
                0x000002ed       0x40 application/xxtea.o
 .debug_pubnames
                0x0000032d       0x1c ../core//openbeacon/crc32.o
 .debug_pubnames
                0x00000349       0x2d ../core//openbeacon/rnd.o
 .debug_pubnames
                0x00000376       0x3b ../core/openbeacon/dbgu.o
 .debug_pubnames
                0x000003b1       0x6c ../core/openbeacon/syscalls.o
 .debug_pubnames
                0x0000041d       0x47 ../core/openbeacon/led.o
 .debug_pubnames
                0x00000464       0x61 ../core/openbeacon/env.o
 .debug_pubnames
                0x000004c5       0x1b ../core/openbeacon/sort.o
 .debug_pubnames
                0x000004e0      0x25e ../core/openbeacon/nRF24L01/nRF_API.o
 .debug_pubnames
                0x0000073e      0x17d ../core/openbeacon/nRF24L01/nRF_CMD.o
 .debug_pubnames
                0x000008bb       0x29 ../core/os/boot/Cstartup_SAM7.o
 .debug_pubnames
                0x000008e4      0x177 ../core/os/core/ARM7_AT91SAM7/lib_AT91SAM7.o
 .debug_pubnames
                0x00000a5b       0x71 ../core/os/core/list.o
 .debug_pubnames
                0x00000acc      0x111 ../core/os/core/queue.o
 .debug_pubnames
                0x00000bdd      0x219 ../core/os/core/tasks.o
 .debug_pubnames
                0x00000df6       0x5a ../core/os/core/port.o
 .debug_pubnames
                0x00000e50       0xdb ../core/os/core/portISR.o
 .debug_pubnames
                0x00000f2b       0x31 ../core/os/core/MemMang/heap_3.o
 .debug_pubnames
                0x00000f5c      0x1bd ../core/os/usb/USB-CDC.o
 .debug_pubnames
                0x00001119       0x3c ../core/os/usb/USBIsr.o
 .debug_pubnames
                0x00001155       0x26 /share/Studienarbeit/projects/openbeacon/arm/bin/../lib/gcc/arm-elf/4.1.0/../../../../arm-elf/lib/libg.a(malloc.o)
 .debug_pubnames
                0x0000117b       0xce /share/Studienarbeit/projects/openbeacon/arm/bin/../lib/gcc/arm-elf/4.1.0/../../../../arm-elf/lib/libg.a(mallocr.o)
 .debug_pubnames
                0x00001249       0x1d /share/Studienarbeit/projects/openbeacon/arm/bin/../lib/gcc/arm-elf/4.1.0/../../../../arm-elf/lib/libg.a(memcpy.o)
 .debug_pubnames
                0x00001266       0x1d /share/Studienarbeit/projects/openbeacon/arm/bin/../lib/gcc/arm-elf/4.1.0/../../../../arm-elf/lib/libg.a(memset.o)
 .debug_pubnames
                0x00001283       0x38 /share/Studienarbeit/projects/openbeacon/arm/bin/../lib/gcc/arm-elf/4.1.0/../../../../arm-elf/lib/libg.a(mlock.o)
 .debug_pubnames
                0x000012bb       0x1e /share/Studienarbeit/projects/openbeacon/arm/bin/../lib/gcc/arm-elf/4.1.0/../../../../arm-elf/lib/libg.a(strncpy.o)
 .debug_pubnames
                0x000012d9       0x31 /share/Studienarbeit/projects/openbeacon/arm/bin/../lib/gcc/arm-elf/4.1.0/../../../../arm-elf/lib/libg.a(freer.o)
 .debug_pubnames
                0x0000130a       0x39 /share/Studienarbeit/projects/openbeacon/arm/bin/../lib/gcc/arm-elf/4.1.0/../../../../arm-elf/lib/libg.a(impure.o)

.debug_aranges  0x00000000      0xad8
 .debug_aranges
                0x00000000       0x38 application/main.o
 .debug_aranges
                0x00000038       0x50 application/proto.o
 .debug_aranges
                0x00000088       0x80 application/dimmer.o
 .debug_aranges
                0x00000108       0x28 application/update.o
 .debug_aranges
                0x00000130       0xa0 application/usbshell.o
 .debug_aranges
                0x000001d0       0x40 application/debug_print.o
 .debug_aranges
                0x00000210       0x30 application/xxtea.o
 .debug_aranges
                0x00000240       0x28 ../core//openbeacon/crc32.o
 .debug_aranges
                0x00000268       0x30 ../core//openbeacon/rnd.o
 .debug_aranges
                0x00000298       0x30 ../core/openbeacon/dbgu.o
 .debug_aranges
                0x000002c8       0x60 ../core/openbeacon/syscalls.o
 .debug_aranges
                0x00000328       0x38 ../core/openbeacon/led.o
 .debug_aranges
                0x00000360       0x48 ../core/openbeacon/env.o
 .debug_aranges
                0x000003a8       0x28 ../core/openbeacon/sort.o
 .debug_aranges
                0x000003d0       0xf8 ../core/openbeacon/nRF24L01/nRF_API.o
 .debug_aranges
                0x000004c8       0xa0 ../core/openbeacon/nRF24L01/nRF_CMD.o
 .debug_aranges
                0x00000568       0x28 ../core/os/boot/Cstartup_SAM7.o
 .debug_aranges
                0x00000590       0x98 ../core/os/core/ARM7_AT91SAM7/lib_AT91SAM7.o
 .debug_aranges
                0x00000628       0x48 ../core/os/core/list.o
 .debug_aranges
                0x00000670       0x88 ../core/os/core/queue.o
 .debug_aranges
                0x000006f8       0xe8 ../core/os/core/tasks.o
 .debug_aranges
                0x000007e0       0x38 ../core/os/core/port.o
 .debug_aranges
                0x00000818       0x58 ../core/os/core/portISR.o
 .debug_aranges
                0x00000870       0x30 ../core/os/core/MemMang/heap_3.o
 .debug_aranges
                0x000008a0       0x80 ../core/os/usb/USB-CDC.o
 .debug_aranges
                0x00000920       0x30 ../core/os/usb/USBIsr.o
 .debug_aranges
                0x00000950       0x28 /tmp/ccoUNcln.o
 .debug_aranges
                0x00000978       0x20 /share/Studienarbeit/projects/openbeacon/arm/bin/../lib/gcc/arm-elf/4.1.0/libgcc.a(_udivsi3.o)
 .debug_aranges
                0x00000998       0x20 /share/Studienarbeit/projects/openbeacon/arm/bin/../lib/gcc/arm-elf/4.1.0/libgcc.a(_divsi3.o)
 .debug_aranges
                0x000009b8       0x20 /share/Studienarbeit/projects/openbeacon/arm/bin/../lib/gcc/arm-elf/4.1.0/libgcc.a(_umodsi3.o)
 .debug_aranges
                0x000009d8       0x20 /share/Studienarbeit/projects/openbeacon/arm/bin/../lib/gcc/arm-elf/4.1.0/libgcc.a(_dvmd_tls.o)
 .debug_aranges
                0x000009f8       0x20 /share/Studienarbeit/projects/openbeacon/arm/bin/../lib/gcc/arm-elf/4.1.0/../../../../arm-elf/lib/libg.a(malloc.o)
 .debug_aranges
                0x00000a18       0x20 /share/Studienarbeit/projects/openbeacon/arm/bin/../lib/gcc/arm-elf/4.1.0/../../../../arm-elf/lib/libg.a(mallocr.o)
 .debug_aranges
                0x00000a38       0x20 /share/Studienarbeit/projects/openbeacon/arm/bin/../lib/gcc/arm-elf/4.1.0/../../../../arm-elf/lib/libg.a(memcpy.o)
 .debug_aranges
                0x00000a58       0x20 /share/Studienarbeit/projects/openbeacon/arm/bin/../lib/gcc/arm-elf/4.1.0/../../../../arm-elf/lib/libg.a(memset.o)
 .debug_aranges
                0x00000a78       0x20 /share/Studienarbeit/projects/openbeacon/arm/bin/../lib/gcc/arm-elf/4.1.0/../../../../arm-elf/lib/libg.a(mlock.o)
 .debug_aranges
                0x00000a98       0x20 /share/Studienarbeit/projects/openbeacon/arm/bin/../lib/gcc/arm-elf/4.1.0/../../../../arm-elf/lib/libg.a(strncpy.o)
 .debug_aranges
                0x00000ab8       0x20 /share/Studienarbeit/projects/openbeacon/arm/bin/../lib/gcc/arm-elf/4.1.0/../../../../arm-elf/lib/libg.a(freer.o)

.debug_ranges   0x00000000      0x7f8
 .debug_ranges  0x00000000       0x40 application/main.o
 .debug_ranges  0x00000040       0xa0 application/proto.o
 .debug_ranges  0x000000e0       0x98 application/dimmer.o
 .debug_ranges  0x00000178       0x18 application/usbshell.o
 .debug_ranges  0x00000190       0x78 ../core/openbeacon/dbgu.o
 .debug_ranges  0x00000208       0x60 ../core/openbeacon/led.o
 .debug_ranges  0x00000268       0x48 ../core/openbeacon/env.o
 .debug_ranges  0x000002b0      0x100 ../core/openbeacon/nRF24L01/nRF_CMD.o
 .debug_ranges  0x000003b0      0x1a8 ../core/os/core/ARM7_AT91SAM7/lib_AT91SAM7.o
 .debug_ranges  0x00000558       0xf0 ../core/os/core/tasks.o
 .debug_ranges  0x00000648      0x160 ../core/os/usb/USB-CDC.o
 .debug_ranges  0x000007a8       0x50 /share/Studienarbeit/projects/openbeacon/arm/bin/../lib/gcc/arm-elf/4.1.0/../../../../arm-elf/lib/libg.a(mallocr.o)

.debug_str      0x00000000     0x365b
 .debug_str     0x00000000      0x1a3 application/main.o
                                0x1f4 (size before relaxing)
 .debug_str     0x000001a3      0x220 application/proto.o
                                0x3c4 (size before relaxing)
 .debug_str     0x000003c3      0x454 application/dimmer.o
                                0x5dd (size before relaxing)
 .debug_str     0x00000817       0x5d application/update.o
                                0x1b8 (size before relaxing)
 .debug_str     0x00000874      0x106 application/usbshell.o
                                0x2a9 (size before relaxing)
 .debug_str     0x0000097a       0x5b application/debug_print.o
                                0x17f (size before relaxing)
 .debug_str     0x000009d5       0x3c application/xxtea.o
                                0x108 (size before relaxing)
 .debug_str     0x00000a11       0x86 ../core//openbeacon/crc32.o
                                 0xea (size before relaxing)
 .debug_str     0x00000a97       0x4b ../core//openbeacon/rnd.o
                                 0xfe (size before relaxing)
 .debug_str     0x00000ae2      0x15a ../core/openbeacon/dbgu.o
                                0x384 (size before relaxing)
 .debug_str     0x00000c3c      0x4d1 ../core/openbeacon/syscalls.o
                                0x5f3 (size before relaxing)
 .debug_str     0x0000110d       0xaf ../core/openbeacon/led.o
                                0x313 (size before relaxing)
 .debug_str     0x000011bc      0x13a ../core/openbeacon/env.o
                                0x2b2 (size before relaxing)
 .debug_str     0x000012f6       0x2a ../core/openbeacon/sort.o
                                 0xe1 (size before relaxing)
 .debug_str     0x00001320      0x258 ../core/openbeacon/nRF24L01/nRF_API.o
                                0x358 (size before relaxing)
 .debug_str     0x00001578      0x35a ../core/openbeacon/nRF24L01/nRF_CMD.o
                                0x739 (size before relaxing)
 .debug_str     0x000018d2       0x33 ../core/os/boot/Cstartup_SAM7.o
                                0x19c (size before relaxing)
 .debug_str     0x00001905      0x714 ../core/os/core/ARM7_AT91SAM7/lib_AT91SAM7.o
                                0xa9d (size before relaxing)
 .debug_str     0x00002019      0x135 ../core/os/core/list.o
                                0x220 (size before relaxing)
 .debug_str     0x0000214e      0x2cb ../core/os/core/queue.o
                                0x47f (size before relaxing)
 .debug_str     0x00002419      0x56f ../core/os/core/tasks.o
                                0x75f (size before relaxing)
 .debug_str     0x00002988       0xc5 ../core/os/core/port.o
                                0x1c3 (size before relaxing)
 .debug_str     0x00002a4d       0xb1 ../core/os/core/portISR.o
                                0x153 (size before relaxing)
 .debug_str     0x00002afe       0x4d ../core/os/core/MemMang/heap_3.o
                                0x12c (size before relaxing)
 .debug_str     0x00002b4b      0x576 ../core/os/usb/USB-CDC.o
                                0x6d2 (size before relaxing)
 .debug_str     0x000030c1       0x61 ../core/os/usb/USBIsr.o
                                0x1a1 (size before relaxing)
 .debug_str     0x00003122       0x90 /share/Studienarbeit/projects/openbeacon/arm/bin/../lib/gcc/arm-elf/4.1.0/../../../../arm-elf/lib/libg.a(malloc.o)
                                0x4cf (size before relaxing)
 .debug_str     0x000031b2      0x207 /share/Studienarbeit/projects/openbeacon/arm/bin/../lib/gcc/arm-elf/4.1.0/../../../../arm-elf/lib/libg.a(mallocr.o)
                                0x6b0 (size before relaxing)
 .debug_str     0x000033b9       0xb4 /share/Studienarbeit/projects/openbeacon/arm/bin/../lib/gcc/arm-elf/4.1.0/../../../../arm-elf/lib/libg.a(memcpy.o)
                                 0xe7 (size before relaxing)
 .debug_str     0x0000346d       0x54 /share/Studienarbeit/projects/openbeacon/arm/bin/../lib/gcc/arm-elf/4.1.0/../../../../arm-elf/lib/libg.a(memset.o)
                                0x131 (size before relaxing)
 .debug_str     0x000034c1       0x72 /share/Studienarbeit/projects/openbeacon/arm/bin/../lib/gcc/arm-elf/4.1.0/../../../../arm-elf/lib/libg.a(mlock.o)
                                0x4d6 (size before relaxing)
 .debug_str     0x00003533       0x49 /share/Studienarbeit/projects/openbeacon/arm/bin/../lib/gcc/arm-elf/4.1.0/../../../../arm-elf/lib/libg.a(strncpy.o)
                                0x147 (size before relaxing)
 .debug_str     0x0000357c       0x3c /share/Studienarbeit/projects/openbeacon/arm/bin/../lib/gcc/arm-elf/4.1.0/../../../../arm-elf/lib/libg.a(freer.o)
                                0x602 (size before relaxing)
 .debug_str     0x000035b8       0xa3 /share/Studienarbeit/projects/openbeacon/arm/bin/../lib/gcc/arm-elf/4.1.0/../../../../arm-elf/lib/libg.a(impure.o)
                                0x4cd (size before relaxing)

.comment        0x00000000      0x264
 .comment       0x00000000       0x12 application/main.o
 .comment       0x00000012       0x12 application/proto.o
 .comment       0x00000024       0x12 application/dimmer.o
 .comment       0x00000036       0x12 application/update.o
 .comment       0x00000048       0x12 application/usbshell.o
 .comment       0x0000005a       0x12 application/debug_print.o
 .comment       0x0000006c       0x12 application/xxtea.o
 .comment       0x0000007e       0x12 ../core//openbeacon/crc32.o
 .comment       0x00000090       0x12 ../core//openbeacon/rnd.o
 .comment       0x000000a2       0x12 ../core/openbeacon/dbgu.o
 .comment       0x000000b4       0x12 ../core/openbeacon/syscalls.o
 .comment       0x000000c6       0x12 ../core/openbeacon/led.o
 .comment       0x000000d8       0x12 ../core/openbeacon/env.o
 .comment       0x000000ea       0x12 ../core/openbeacon/sort.o
 .comment       0x000000fc       0x12 ../core/openbeacon/nRF24L01/nRF_API.o
 .comment       0x0000010e       0x12 ../core/openbeacon/nRF24L01/nRF_CMD.o
 .comment       0x00000120       0x12 ../core/os/boot/Cstartup_SAM7.o
 .comment       0x00000132       0x12 ../core/os/core/ARM7_AT91SAM7/lib_AT91SAM7.o
 .comment       0x00000144       0x12 ../core/os/core/list.o
 .comment       0x00000156       0x12 ../core/os/core/queue.o
 .comment       0x00000168       0x12 ../core/os/core/tasks.o
 .comment       0x0000017a       0x12 ../core/os/core/port.o
 .comment       0x0000018c       0x12 ../core/os/core/portISR.o
 .comment       0x0000019e       0x12 ../core/os/core/MemMang/heap_3.o
 .comment       0x000001b0       0x12 ../core/os/usb/USB-CDC.o
 .comment       0x000001c2       0x12 ../core/os/usb/USBIsr.o
 .comment       0x000001d4       0x12 /share/Studienarbeit/projects/openbeacon/arm/bin/../lib/gcc/arm-elf/4.1.0/../../../../arm-elf/lib/libg.a(malloc.o)
 .comment       0x000001e6       0x12 /share/Studienarbeit/projects/openbeacon/arm/bin/../lib/gcc/arm-elf/4.1.0/../../../../arm-elf/lib/libg.a(mallocr.o)
 .comment       0x000001f8       0x12 /share/Studienarbeit/projects/openbeacon/arm/bin/../lib/gcc/arm-elf/4.1.0/../../../../arm-elf/lib/libg.a(memcpy.o)
 .comment       0x0000020a       0x12 /share/Studienarbeit/projects/openbeacon/arm/bin/../lib/gcc/arm-elf/4.1.0/../../../../arm-elf/lib/libg.a(memset.o)
 .comment       0x0000021c       0x12 /share/Studienarbeit/projects/openbeacon/arm/bin/../lib/gcc/arm-elf/4.1.0/../../../../arm-elf/lib/libg.a(mlock.o)
 .comment       0x0000022e       0x12 /share/Studienarbeit/projects/openbeacon/arm/bin/../lib/gcc/arm-elf/4.1.0/../../../../arm-elf/lib/libg.a(strncpy.o)
 .comment       0x00000240       0x12 /share/Studienarbeit/projects/openbeacon/arm/bin/../lib/gcc/arm-elf/4.1.0/../../../../arm-elf/lib/libg.a(freer.o)
 .comment       0x00000252       0x12 /share/Studienarbeit/projects/openbeacon/arm/bin/../lib/gcc/arm-elf/4.1.0/../../../../arm-elf/lib/libg.a(impure.o)
