Archive member included because of file (symbol)

/share/Studienarbeit/projects/openbeacon/arm/bin/../lib/gcc/arm-elf/4.1.0/libgcc.a(_udivsi3.o)
                              ../core/os/core/ARM7_AT91SAM7/lib_AT91SAM7.o (__udivsi3)
/share/Studienarbeit/projects/openbeacon/arm/bin/../lib/gcc/arm-elf/4.1.0/libgcc.a(_divsi3.o)
                              application/proto.o (__divsi3)
/share/Studienarbeit/projects/openbeacon/arm/bin/../lib/gcc/arm-elf/4.1.0/libgcc.a(_dvmd_tls.o)
                              /share/Studienarbeit/projects/openbeacon/arm/bin/../lib/gcc/arm-elf/4.1.0/libgcc.a(_udivsi3.o) (__div0)
/share/Studienarbeit/projects/openbeacon/arm/bin/../lib/gcc/arm-elf/4.1.0/../../../../arm-elf/lib/libg.a(malloc.o)
                              ../core/os/core/MemMang/heap_3.o (free)
/share/Studienarbeit/projects/openbeacon/arm/bin/../lib/gcc/arm-elf/4.1.0/../../../../arm-elf/lib/libg.a(mallocr.o)
                              /share/Studienarbeit/projects/openbeacon/arm/bin/../lib/gcc/arm-elf/4.1.0/../../../../arm-elf/lib/libg.a(malloc.o) (_malloc_r)
/share/Studienarbeit/projects/openbeacon/arm/bin/../lib/gcc/arm-elf/4.1.0/../../../../arm-elf/lib/libg.a(memcpy.o)
                              application/proto.o (memcpy)
/share/Studienarbeit/projects/openbeacon/arm/bin/../lib/gcc/arm-elf/4.1.0/../../../../arm-elf/lib/libg.a(memset.o)
                              application/main.o (memset)
/share/Studienarbeit/projects/openbeacon/arm/bin/../lib/gcc/arm-elf/4.1.0/../../../../arm-elf/lib/libg.a(mlock.o)
                              /share/Studienarbeit/projects/openbeacon/arm/bin/../lib/gcc/arm-elf/4.1.0/../../../../arm-elf/lib/libg.a(mallocr.o) (__malloc_lock)
/share/Studienarbeit/projects/openbeacon/arm/bin/../lib/gcc/arm-elf/4.1.0/../../../../arm-elf/lib/libg.a(strlen.o)
                              application/proto.o (strlen)
/share/Studienarbeit/projects/openbeacon/arm/bin/../lib/gcc/arm-elf/4.1.0/../../../../arm-elf/lib/libg.a(strncpy.o)
                              ../core/os/core/tasks.o (strncpy)
/share/Studienarbeit/projects/openbeacon/arm/bin/../lib/gcc/arm-elf/4.1.0/../../../../arm-elf/lib/libg.a(freer.o)
                              /share/Studienarbeit/projects/openbeacon/arm/bin/../lib/gcc/arm-elf/4.1.0/../../../../arm-elf/lib/libg.a(malloc.o) (_free_r)
/share/Studienarbeit/projects/openbeacon/arm/bin/../lib/gcc/arm-elf/4.1.0/../../../../arm-elf/lib/libg.a(impure.o)
                              /share/Studienarbeit/projects/openbeacon/arm/bin/../lib/gcc/arm-elf/4.1.0/../../../../arm-elf/lib/libg.a(malloc.o) (_impure_ptr)

Allocating common symbols
Common symbol       size              file

rf_sent_unicast     0x4               application/proto.o
packet              0x5dc             application/usbshell.o
xUSBInterruptQueue  0x4               ../core/os/usb/USB-CDC.o
rf_sent_broadcast   0x4               application/proto.o
rf_rec              0x4               application/proto.o
nRFCMD_Macro        0x4               ../core/openbeacon/nRF24L01/nRF_CMD.o
env                 0x80              ../core/openbeacon/env.o
nRFCMD_MacroResult  0x4               ../core/openbeacon/nRF24L01/nRF_CMD.o
__packed__          0x4               application/main.o

Memory Configuration

Name             Origin             Length             Attributes
flash            0x00100000         0x0000fc00
ram              0x00200000         0x00004000
*default*        0x00000000         0xffffffff

Linker script and memory map

LOAD application/main.o
LOAD application/usbshell.o
LOAD application/xxtea.o
LOAD application/proto.o
LOAD ../core//openbeacon/crc32.o
LOAD ../core//openbeacon/rnd.o
LOAD ../core/openbeacon/dbgu.o
LOAD ../core/openbeacon/syscalls.o
LOAD ../core/openbeacon/led.o
LOAD ../core/openbeacon/env.o
LOAD ../core/openbeacon/sort.o
LOAD ../core/openbeacon/nRF24L01/nRF_API.o
LOAD ../core/openbeacon/nRF24L01/nRF_CMD.o
LOAD ../core/os/boot/Cstartup_SAM7.o
LOAD ../core/os/core/ARM7_AT91SAM7/lib_AT91SAM7.o
LOAD ../core/os/core/list.o
LOAD ../core/os/core/queue.o
LOAD ../core/os/core/tasks.o
LOAD ../core/os/core/port.o
LOAD ../core/os/core/portISR.o
LOAD ../core/os/core/MemMang/heap_3.o
LOAD ../core/os/usb/USB-CDC.o
LOAD ../core/os/usb/USBIsr.o
LOAD /tmp/ccQEnySk.o
LOAD /share/Studienarbeit/projects/openbeacon/arm/bin/../lib/gcc/arm-elf/4.1.0/../../../../arm-elf/lib/libm.a
START GROUP
LOAD /share/Studienarbeit/projects/openbeacon/arm/bin/../lib/gcc/arm-elf/4.1.0/libgcc.a
LOAD /share/Studienarbeit/projects/openbeacon/arm/bin/../lib/gcc/arm-elf/4.1.0/../../../../arm-elf/lib/libg.a
LOAD /share/Studienarbeit/projects/openbeacon/arm/bin/../lib/gcc/arm-elf/4.1.0/../../../../arm-elf/lib/libc.a
END GROUP
                0x00203ffc                __stack_end__ = 0x203ffc
                0x00000000                . = 0x0

startup         0x00100000       0x44
 *(.bootloader)
 *(.startup)
 .startup       0x00100000       0x44 /tmp/ccQEnySk.o
                0x00100000                start

prog            0x00100044     0x4bdc
 *(.text)
 .text          0x00100044       0xd0 /tmp/ccQEnySk.o
                0x001000f4                endless_loop
 .text          0x00100114      0x140 /share/Studienarbeit/projects/openbeacon/arm/bin/../lib/gcc/arm-elf/4.1.0/libgcc.a(_divsi3.o)
                0x00100114                __aeabi_idiv
                0x00100114                __divsi3
                0x0010023c                __aeabi_idivmod
 .text          0x00100254        0x4 /share/Studienarbeit/projects/openbeacon/arm/bin/../lib/gcc/arm-elf/4.1.0/libgcc.a(_dvmd_tls.o)
                0x00100254                __aeabi_ldiv0
                0x00100254                __div0
                0x00100254                __aeabi_idiv0
 .text          0x00100258       0x28 /share/Studienarbeit/projects/openbeacon/arm/bin/../lib/gcc/arm-elf/4.1.0/../../../../arm-elf/lib/libg.a(malloc.o)
                0x0010026c                malloc
                0x00100258                free
 .text          0x00100280      0x770 /share/Studienarbeit/projects/openbeacon/arm/bin/../lib/gcc/arm-elf/4.1.0/../../../../arm-elf/lib/libg.a(mallocr.o)
                0x00100280                _malloc_r
 .text          0x001009f0       0xa0 /share/Studienarbeit/projects/openbeacon/arm/bin/../lib/gcc/arm-elf/4.1.0/../../../../arm-elf/lib/libg.a(memcpy.o)
                0x001009f0                memcpy
 .text          0x00100a90       0x98 /share/Studienarbeit/projects/openbeacon/arm/bin/../lib/gcc/arm-elf/4.1.0/../../../../arm-elf/lib/libg.a(memset.o)
                0x00100a90                memset
 .text          0x00100b28        0x8 /share/Studienarbeit/projects/openbeacon/arm/bin/../lib/gcc/arm-elf/4.1.0/../../../../arm-elf/lib/libg.a(mlock.o)
                0x00100b2c                __malloc_unlock
                0x00100b28                __malloc_lock
 .text          0x00100b30       0x90 /share/Studienarbeit/projects/openbeacon/arm/bin/../lib/gcc/arm-elf/4.1.0/../../../../arm-elf/lib/libg.a(strlen.o)
                0x00100b30                strlen
 .text          0x00100bc0      0x114 /share/Studienarbeit/projects/openbeacon/arm/bin/../lib/gcc/arm-elf/4.1.0/../../../../arm-elf/lib/libg.a(strncpy.o)
                0x00100bc0                strncpy
 .text          0x00100cd4      0x39c /share/Studienarbeit/projects/openbeacon/arm/bin/../lib/gcc/arm-elf/4.1.0/../../../../arm-elf/lib/libg.a(freer.o)
                0x00100dd0                _free_r
                0x00100cd4                _malloc_trim_r
 *(.text.*)
 .text.vApplicationIdleHook
                0x00101070       0x14 application/main.o
                0x00101070                vApplicationIdleHook
 .text.vResetEnv
                0x00101084       0x14 application/main.o
                0x00101084                vResetEnv
 .text.mainloop
                0x00101098       0x80 application/main.o
                0x00101098                mainloop
 .text.use_led  0x00101118        0x4 application/usbshell.o
 .text.vUSBShellInit
                0x0010111c       0x38 application/usbshell.o
                0x0010111c                vUSBShellInit
 .text.PtSetRfPowerLevel
                0x00101154       0x1c application/proto.o
                0x00101154                PtSetRfPowerLevel
 .text.PtInitProtocol
                0x00101170       0x60 application/proto.o
                0x00101170                PtInitProtocol
 .text.shuffle_tx_byteorder
                0x001011d0       0x48 application/proto.o
 .text.vnRFtaskRxTx
                0x00101218      0x2d8 application/proto.o
 .text._sbrk_r  0x001014f0       0x28 ../core/openbeacon/syscalls.o
                0x001014f0                _sbrk_r
 .text.led_init
                0x00101518       0x18 ../core/openbeacon/led.o
                0x00101518                led_init
 .text.led_set_green
                0x00101530       0x20 ../core/openbeacon/led.o
                0x00101530                led_set_green
 .text.env_crc16
                0x00101550       0x78 ../core/openbeacon/env.o
                0x00101550                env_crc16
 .text.env_init
                0x001015c8       0x14 ../core/openbeacon/env.o
                0x001015c8                env_init
 .text.env_load
                0x001015dc       0xc8 ../core/openbeacon/env.o
                0x001015dc                env_load
 .text.nRFAPI_SetFeatures
                0x001016a4       0x54 ../core/openbeacon/nRF24L01/nRF_API.o
                0x001016a4                nRFAPI_SetFeatures
 .text.nRFAPI_SetPipeSizeRX
                0x001016f8       0x20 ../core/openbeacon/nRF24L01/nRF_API.o
                0x001016f8                nRFAPI_SetPipeSizeRX
 .text.nRFAPI_ClearIRQ
                0x00101718       0x14 ../core/openbeacon/nRF24L01/nRF_API.o
                0x00101718                nRFAPI_ClearIRQ
 .text.nRFAPI_SetChannel
                0x0010172c        0xc ../core/openbeacon/nRF24L01/nRF_API.o
                0x0010172c                nRFAPI_SetChannel
 .text.nRFAPI_SetSizeMac
                0x00101738       0x30 ../core/openbeacon/nRF24L01/nRF_API.o
                0x00101738                nRFAPI_SetSizeMac
 .text.nRFAPI_PipesAck
                0x00101768        0xc ../core/openbeacon/nRF24L01/nRF_API.o
                0x00101768                nRFAPI_PipesAck
 .text.nRFAPI_PipesEnable
                0x00101774        0xc ../core/openbeacon/nRF24L01/nRF_API.o
                0x00101774                nRFAPI_PipesEnable
 .text.nRFAPI_TxRetries
                0x00101780       0x18 ../core/openbeacon/nRF24L01/nRF_API.o
                0x00101780                nRFAPI_TxRetries
 .text.nRFAPI_SetTxPower
                0x00101798       0x20 ../core/openbeacon/nRF24L01/nRF_API.o
                0x00101798                nRFAPI_SetTxPower
 .text.nRFAPI_SetRxMode
                0x001017b8       0x14 ../core/openbeacon/nRF24L01/nRF_API.o
                0x001017b8                nRFAPI_SetRxMode
 .text.nRFAPI_GetFifoStatus
                0x001017cc       0x10 ../core/openbeacon/nRF24L01/nRF_API.o
                0x001017cc                nRFAPI_GetFifoStatus
 .text.nRFAPI_GetSizeMac
                0x001017dc       0x20 ../core/openbeacon/nRF24L01/nRF_API.o
                0x001017dc                nRFAPI_GetSizeMac
 .text.nRFAPI_FlushTX
                0x001017fc        0x8 ../core/openbeacon/nRF24L01/nRF_API.o
                0x001017fc                nRFAPI_FlushTX
 .text.nRFAPI_FlushRX
                0x00101804        0x8 ../core/openbeacon/nRF24L01/nRF_API.o
                0x00101804                nRFAPI_FlushRX
 .text.nRFAPI_GetStatus
                0x0010180c       0x10 ../core/openbeacon/nRF24L01/nRF_API.o
                0x0010180c                nRFAPI_GetStatus
 .text.nRFAPI_GetTxMAC
                0x0010181c       0x20 ../core/openbeacon/nRF24L01/nRF_API.o
                0x0010181c                nRFAPI_GetTxMAC
 .text.nRFAPI_SetRxMAC
                0x0010183c       0x78 ../core/openbeacon/nRF24L01/nRF_API.o
                0x0010183c                nRFAPI_SetRxMAC
 .text.nRFAPI_SetTxMAC
                0x001018b4       0x20 ../core/openbeacon/nRF24L01/nRF_API.o
                0x001018b4                nRFAPI_SetTxMAC
 .text.nRFAPI_DetectChip
                0x001018d4       0xa4 ../core/openbeacon/nRF24L01/nRF_API.o
                0x001018d4                nRFAPI_DetectChip
 .text.nRFAPI_Init
                0x00101978       0xd0 ../core/openbeacon/nRF24L01/nRF_API.o
                0x00101978                nRFAPI_Init
 .text.nRFCMD_WaitRx
                0x00101a48       0x28 ../core/openbeacon/nRF24L01/nRF_CMD.o
                0x00101a48                nRFCMD_WaitRx
 .text.nRFCMD_Init
                0x00101a70      0x178 ../core/openbeacon/nRF24L01/nRF_CMD.o
                0x00101a70                nRFCMD_Init
 .text.nRFCMD_ISR_ACK_Handler
                0x00101be8       0x78 ../core/openbeacon/nRF24L01/nRF_CMD.o
                0x00101be8                nRFCMD_ISR_ACK_Handler
 .text.nRFCMD_ISR_ACK
                0x00101c60       0xa8 ../core/openbeacon/nRF24L01/nRF_CMD.o
                0x00101c60                nRFCMD_ISR_ACK
 .text.nRFCMD_ReadWriteBuffer
                0x00101d08       0x84 ../core/openbeacon/nRF24L01/nRF_CMD.o
                0x00101d08                nRFCMD_ReadWriteBuffer
 .text.nRFCMD_RegReadBuf
                0x00101d8c       0x48 ../core/openbeacon/nRF24L01/nRF_CMD.o
                0x00101d8c                nRFCMD_RegReadBuf
 .text.nRFCMD_RegWriteBuf
                0x00101dd4       0x44 ../core/openbeacon/nRF24L01/nRF_CMD.o
                0x00101dd4                nRFCMD_RegWriteBuf
 .text.nRFCMD_RegWriteStatusRead
                0x00101e18       0x30 ../core/openbeacon/nRF24L01/nRF_CMD.o
                0x00101e18                nRFCMD_RegWriteStatusRead
 .text.nRFCMD_RegRead
                0x00101e48       0x38 ../core/openbeacon/nRF24L01/nRF_CMD.o
                0x00101e48                nRFCMD_RegRead
 .text.nRFCMD_CmdExec
                0x00101e80       0x2c ../core/openbeacon/nRF24L01/nRF_CMD.o
                0x00101e80                nRFCMD_CmdExec
 .text.nRFCMD_CE
                0x00101eac       0x20 ../core/openbeacon/nRF24L01/nRF_CMD.o
                0x00101eac                nRFCMD_CE
 .text.nRFCMD_ProcessNextMacro
                0x00101ecc       0x90 ../core/openbeacon/nRF24L01/nRF_CMD.o
 .text.nRFCMD_ISR_DMA_Handler
                0x00101f5c       0x7c ../core/openbeacon/nRF24L01/nRF_CMD.o
                0x00101f5c                nRFCMD_ISR_DMA_Handler
 .text.nRFCMD_ISR_DMA
                0x00101fd8       0xa8 ../core/openbeacon/nRF24L01/nRF_CMD.o
                0x00101fd8                nRFCMD_ISR_DMA
 .text.AT91F_LowLevelInit
                0x00102080       0x98 ../core/os/boot/Cstartup_SAM7.o
                0x00102080                AT91F_LowLevelInit
 .text.AT91F_AIC_ConfigureIt
                0x00102118       0x38 ../core/os/core/ARM7_AT91SAM7/lib_AT91SAM7.o
                0x00102118                AT91F_AIC_ConfigureIt
 .text.AT91F_PDC_SendFrame
                0x00102150       0x48 ../core/os/core/ARM7_AT91SAM7/lib_AT91SAM7.o
                0x00102150                AT91F_PDC_SendFrame
 .text.AT91F_PDC_ReceiveFrame
                0x00102198       0x48 ../core/os/core/ARM7_AT91SAM7/lib_AT91SAM7.o
                0x00102198                AT91F_PDC_ReceiveFrame
 .text.vListInitialise
                0x001021e0       0x24 ../core/os/core/list.o
                0x001021e0                vListInitialise
 .text.vListInitialiseItem
                0x00102204        0xc ../core/os/core/list.o
                0x00102204                vListInitialiseItem
 .text.vListInsertEnd
                0x00102210       0x34 ../core/os/core/list.o
                0x00102210                vListInsertEnd
 .text.vListInsert
                0x00102244       0x64 ../core/os/core/list.o
                0x00102244                vListInsert
 .text.vListRemove
                0x001022a8       0x3c ../core/os/core/list.o
                0x001022a8                vListRemove
 .text.uxQueueMessagesWaiting
                0x001022e4       0x1c ../core/os/core/queue.o
                0x001022e4                uxQueueMessagesWaiting
 .text.prvCopyDataFromQueue
                0x00102300       0x48 ../core/os/core/queue.o
 .text.prvCopyDataToQueue
                0x00102348       0x9c ../core/os/core/queue.o
 .text.xQueueGenericSendFromISR
                0x001023e4       0x7c ../core/os/core/queue.o
                0x001023e4                xQueueGenericSendFromISR
 .text.prvUnlockQueue
                0x00102460       0xfc ../core/os/core/queue.o
 .text.xQueueGenericReceive
                0x0010255c      0x198 ../core/os/core/queue.o
                0x0010255c                xQueueGenericReceive
 .text.xQueueGenericSend
                0x001026f4      0x168 ../core/os/core/queue.o
                0x001026f4                xQueueGenericSend
 .text.xQueueCreate
                0x0010285c       0xa4 ../core/os/core/queue.o
                0x0010285c                xQueueCreate
 .text.vTaskSwitchContext
                0x00102900       0xa4 ../core/os/core/tasks.o
                0x00102900                vTaskSwitchContext
 .text.vTaskSetTimeOutState
                0x001029a4       0x20 ../core/os/core/tasks.o
                0x001029a4                vTaskSetTimeOutState
 .text.vTaskMissedYield
                0x001029c4       0x14 ../core/os/core/tasks.o
                0x001029c4                vTaskMissedYield
 .text.xTaskCheckForTimeOut
                0x001029d8       0xc0 ../core/os/core/tasks.o
                0x001029d8                xTaskCheckForTimeOut
 .text.vTaskSuspendAll
                0x00102a98       0x24 ../core/os/core/tasks.o
                0x00102a98                vTaskSuspendAll
 .text.xTaskRemoveFromEventList
                0x00102abc       0xa4 ../core/os/core/tasks.o
                0x00102abc                xTaskRemoveFromEventList
 .text.vTaskIncrementTick
                0x00102b60      0x16c ../core/os/core/tasks.o
                0x00102b60                vTaskIncrementTick
 .text.vTaskPlaceOnEventList
                0x00102ccc       0x8c ../core/os/core/tasks.o
                0x00102ccc                vTaskPlaceOnEventList
 .text.xTaskCreate
                0x00102d58      0x23c ../core/os/core/tasks.o
                0x00102d58                xTaskCreate
 .text.vTaskStartScheduler
                0x00102f94       0x78 ../core/os/core/tasks.o
                0x00102f94                vTaskStartScheduler
 .text.xTaskResumeAll
                0x0010300c      0x284 ../core/os/core/tasks.o
                0x0010300c                xTaskResumeAll
 .text.prvIdleTask
                0x00103290       0xbc ../core/os/core/tasks.o
 .text.vTaskDelay
                0x0010334c       0xa4 ../core/os/core/tasks.o
                0x0010334c                vTaskDelay
 .text.pxPortInitialiseStack
                0x001033f0      0x1c0 ../core/os/core/port.o
                0x001033f0                pxPortInitialiseStack
 .text.xPortStartScheduler
                0x001035b0       0x48 ../core/os/core/port.o
                0x001035b0                xPortStartScheduler
 .text.vPortISRStartFirstTask
                0x001035f8       0x54 ../core/os/core/portISR.o
                0x001035f8                vPortISRStartFirstTask
 .text.vPortEnterCritical
                0x0010364c       0x2c ../core/os/core/portISR.o
                0x0010364c                vPortEnterCritical
 .text.vPortExitCritical
                0x00103678       0x44 ../core/os/core/portISR.o
                0x00103678                vPortExitCritical
 .text.vPreemptiveTick
                0x001036bc       0xbc ../core/os/core/portISR.o
                0x001036bc                vPreemptiveTick
 .text.swi_handler
                0x00103778       0xac ../core/os/core/portISR.o
                0x00103778                swi_handler
 .text.vPortFree
                0x00103824       0x20 ../core/os/core/MemMang/heap_3.o
                0x00103824                vPortFree
 .text.pvPortMalloc
                0x00103844       0x24 ../core/os/core/MemMang/heap_3.o
                0x00103844                pvPortMalloc
 .text.vDetachUSBInterface
                0x00103868       0x18 ../core/os/usb/USB-CDC.o
                0x00103868                vDetachUSBInterface
 .text.usb_send_buffer_zero_copy
                0x00103880       0x40 ../core/os/usb/USB-CDC.o
                0x00103880                usb_send_buffer_zero_copy
 .text.prvSendStall
                0x001038c0       0x24 ../core/os/usb/USB-CDC.o
 .text.prvSendZLP
                0x001038e4       0x5c ../core/os/usb/USB-CDC.o
 .text.prvSendNextSegment
                0x00103940       0xf8 ../core/os/usb/USB-CDC.o
 .text.prvSendControlData
                0x00103a38       0x78 ../core/os/usb/USB-CDC.o
 .text.vUSBCDCTask
                0x00103ab0      0x9c4 ../core/os/usb/USB-CDC.o
                0x00103ab0                vUSBCDCTask
 .text.vUSB_ISR_Handler
                0x00104474      0x1a4 ../core/os/usb/USBIsr.o
                0x00104474                vUSB_ISR_Handler
 .text.vUSB_ISR_Wrapper
                0x00104618       0xa8 ../core/os/usb/USBIsr.o
                0x00104618                vUSB_ISR_Wrapper
 *(.rodata)
 *(.rodata*)
 .rodata.str1.4
                0x001046c0        0x4 application/main.o
 .rodata.str1.4
                0x001046c4        0x7 application/usbshell.o
                                  0x8 (size before relaxing)
 *fill*         0x001046cb        0x1 00
 .rodata.str1.4
                0x001046cc       0x1c application/proto.o
 .rodata.tea_key
                0x001046e8       0x10 application/proto.o
                0x001046e8                tea_key
 .rodata.broadcast_mac
                0x001046f8        0x5 application/proto.o
 *fill*         0x001046fd        0x3 00
 .rodata.crc32_table
                0x00104700      0x400 ../core//openbeacon/crc32.o
 .rodata.rfbroadcast_mac
                0x00104b00        0x5 ../core/openbeacon/nRF24L01/nRF_API.o
                0x00104b00                rfbroadcast_mac
 .rodata.ACTIVATE_SEQUENCE.1822
                0x00104b05        0x2 ../core/openbeacon/nRF24L01/nRF_API.o
 .rodata.C.2.1824
                0x00104b07        0x2 ../core/openbeacon/nRF24L01/nRF_API.o
 *fill*         0x00104b09        0x3 00
 .rodata.str1.4
                0x00104b0c        0x5 ../core/os/core/tasks.o
                                  0x8 (size before relaxing)
 .rodata.pxLanguageStringDescriptor
                0x00104b11        0x4 ../core/os/usb/USB-CDC.o
                0x00104b11                pxLanguageStringDescriptor
 .rodata.pxManufacturerStringDescriptor
                0x00104b15       0x1c ../core/os/usb/USB-CDC.o
                0x00104b15                pxManufacturerStringDescriptor
 .rodata.pxProductStringDescriptor
                0x00104b31       0x2c ../core/os/usb/USB-CDC.o
                0x00104b31                pxProductStringDescriptor
 .rodata.pxConfigDescriptor1
                0x00104b5d       0x43 ../core/os/usb/USB-CDC.o
                0x00104b5d                pxConfigDescriptor1
 .rodata.pxConfigDescriptor2
                0x00104ba0       0x43 ../core/os/usb/USB-CDC.o
                0x00104ba0                pxConfigDescriptor2
 *fill*         0x00104be3        0x1 00
 .rodata.pxConfigDescriptorSizes
                0x00104be4        0x8 ../core/os/usb/USB-CDC.o
                0x00104be4                pxConfigDescriptorSizes
 .rodata.pxDeviceDescriptor
                0x00104bec       0x12 ../core/os/usb/USB-CDC.o
                0x00104bec                pxDeviceDescriptor
 *fill*         0x00104bfe        0x2 00
 .rodata.C.25.4300
                0x00104c00       0x14 ../core/os/usb/USB-CDC.o
 .rodata.pxLineCoding
                0x00104c14        0x7 ../core/os/usb/USB-CDC.o
 *fill*         0x00104c1b        0x1 00
 .rodata.str1.4
                0x00104c1c        0x2 /share/Studienarbeit/projects/openbeacon/arm/bin/../lib/gcc/arm-elf/4.1.0/../../../../arm-elf/lib/libg.a(impure.o)
                                  0x4 (size before relaxing)
 *(.glue_7)
 *fill*         0x00104c1e        0x2 00
 *(.glue_7t)
                0x00104c20                __end_of_text__ = .

.data           0x00200000      0xb70 load address 0x00104c20
                0x00200000                __data_beg__ = .
                0x00104c20                __data_beg_src__ = __end_of_text__
 *(.data)
 .data          0x00200000      0x410 /share/Studienarbeit/projects/openbeacon/arm/bin/../lib/gcc/arm-elf/4.1.0/../../../../arm-elf/lib/libg.a(mallocr.o)
                0x0020040c                __malloc_sbrk_base
                0x00200000                __malloc_av_
                0x00200408                __malloc_trim_threshold
 .data          0x00200410      0x404 /share/Studienarbeit/projects/openbeacon/arm/bin/../lib/gcc/arm-elf/4.1.0/../../../../arm-elf/lib/libg.a(impure.o)
                0x00200410                _impure_ptr
 *(.data.*)
 .data.jam_mac  0x00200814        0x5 application/proto.o
 .data.wmcu_mac
                0x00200819        0x5 application/proto.o
 *fill*         0x0020081e        0x2 00
 .data.ulCriticalNesting
                0x00200820        0x4 ../core/os/core/portISR.o
                0x00200820                ulCriticalNesting
 .data.pxConfigDescriptorList
                0x00200824        0x8 ../core/os/usb/USB-CDC.o
                0x00200824                pxConfigDescriptorList
 *(.ramfunc)
 .ramfunc       0x0020082c      0x298 application/proto.o
                0x0020082c                xxtea_encode
                0x00200968                xxtea_decode
 .ramfunc       0x00200ac4       0xac ../core//openbeacon/crc32.o
                0x00200ac4                crc32
                0x00200b70                __data_end__ = .

.bss            0x00200b70      0x994
                0x00200b70                __bss_beg__ = .
 *(.bss)
 .bss           0x00200b70       0x34 /share/Studienarbeit/projects/openbeacon/arm/bin/../lib/gcc/arm-elf/4.1.0/../../../../arm-elf/lib/libg.a(mallocr.o)
                0x00200b70                __malloc_top_pad
                0x00200b74                __malloc_max_sbrked_mem
                0x00200b7c                __malloc_current_mallinfo
                0x00200b78                __malloc_max_total_mem
 *(.bss.*)
 .bss.rfpkg     0x00200ba4       0x1e application/proto.o
 .bss.nrf_powerlevel_current
                0x00200bc2        0x1 application/proto.o
 .bss.nrf_powerlevel_last
                0x00200bc3        0x1 application/proto.o
 .bss.jam_density_ms
                0x00200bc4        0x4 application/proto.o
 .bss.heap_ptr  0x00200bc8        0x4 ../core/openbeacon/syscalls.o
 .bss.spi_outbuf
                0x00200bcc       0x21 ../core/openbeacon/nRF24L01/nRF_CMD.o
 .bss.spi_inbuf
                0x00200bed       0x21 ../core/openbeacon/nRF24L01/nRF_CMD.o
 *fill*         0x00200c0e        0x2 00
 .bss.xnRF_SemaphoreDMA
                0x00200c10        0x4 ../core/openbeacon/nRF24L01/nRF_CMD.o
 .bss.xnRF_SemaphoreACK
                0x00200c14        0x4 ../core/openbeacon/nRF24L01/nRF_CMD.o
 .bss.pxCurrentTCB
                0x00200c18        0x4 ../core/os/core/tasks.o
                0x00200c18                pxCurrentTCB
 .bss.xMissedYield
                0x00200c1c        0x4 ../core/os/core/tasks.o
 .bss.xNumOfOverflows
                0x00200c20        0x4 ../core/os/core/tasks.o
 .bss.xTickCount
                0x00200c24        0x4 ../core/os/core/tasks.o
 .bss.uxSchedulerSuspended
                0x00200c28        0x4 ../core/os/core/tasks.o
 .bss.uxTopReadyPriority
                0x00200c2c        0x4 ../core/os/core/tasks.o
 .bss.uxMissedTicks
                0x00200c30        0x4 ../core/os/core/tasks.o
 .bss.uxCurrentNumberOfTasks
                0x00200c34        0x4 ../core/os/core/tasks.o
 .bss.xSchedulerRunning
                0x00200c38        0x4 ../core/os/core/tasks.o
 .bss.uxTasksDeleted
                0x00200c3c        0x4 ../core/os/core/tasks.o
 .bss.uxTopUsedPriority
                0x00200c40        0x4 ../core/os/core/tasks.o
 .bss.pxReadyTasksLists
                0x00200c44       0x64 ../core/os/core/tasks.o
 .bss.xDelayedTaskList1
                0x00200ca8       0x14 ../core/os/core/tasks.o
 .bss.xDelayedTaskList2
                0x00200cbc       0x14 ../core/os/core/tasks.o
 .bss.pxDelayedTaskList
                0x00200cd0        0x4 ../core/os/core/tasks.o
 .bss.pxOverflowDelayedTaskList
                0x00200cd4        0x4 ../core/os/core/tasks.o
 .bss.xPendingReadyList
                0x00200cd8       0x14 ../core/os/core/tasks.o
 .bss.xTasksWaitingTermination
                0x00200cec       0x14 ../core/os/core/tasks.o
 .bss.xSuspendedTaskList
                0x00200d00       0x14 ../core/os/core/tasks.o
 .bss.ucUSBConfig
                0x00200d14        0x1 ../core/os/usb/USB-CDC.o
 *fill*         0x00200d15        0x3 00
 .bss.eDriverState
                0x00200d18        0x4 ../core/os/usb/USB-CDC.o
 .bss.ulReceivedAddress
                0x00200d1c        0x4 ../core/os/usb/USB-CDC.o
 .bss.xRequest.4457
                0x00200d20        0x8 ../core/os/usb/USB-CDC.o
 .bss.pxControlTx
                0x00200d28       0x88 ../core/os/usb/USB-CDC.o
 .bss.pxControlRx
                0x00200db0       0x88 ../core/os/usb/USB-CDC.o
 .bss.xRxCDC    0x00200e38        0x4 ../core/os/usb/USB-CDC.o
 .bss.xTxCDC    0x00200e3c        0x4 ../core/os/usb/USB-CDC.o
 .bss.usb_zcopy_tx_queue
                0x00200e40        0x4 ../core/os/usb/USB-CDC.o
 .bss.ucControlState
                0x00200e44        0x1 ../core/os/usb/USB-CDC.o
 *fill*         0x00200e45        0x3 00
 .bss.uiCurrentBank
                0x00200e48        0x4 ../core/os/usb/USB-CDC.o
 .bss.ulNextMessage.3417
                0x00200e4c        0x4 ../core/os/usb/USBIsr.o
 .bss.xISRMessages
                0x00200e50       0x40 ../core/os/usb/USBIsr.o
 COMMON         0x00200e90      0x5dc application/usbshell.o
                0x00200e90                packet
 COMMON         0x0020146c        0xc application/proto.o
                0x0020146c                rf_sent_unicast
                0x00201470                rf_sent_broadcast
                0x00201474                rf_rec
 COMMON         0x00201478       0x80 ../core/openbeacon/env.o
                0x00201478                env
 COMMON         0x002014f8        0x8 ../core/openbeacon/nRF24L01/nRF_CMD.o
                0x002014f8                nRFCMD_Macro
                0x002014fc                nRFCMD_MacroResult
 COMMON         0x00201500        0x4 ../core/os/usb/USB-CDC.o
                0x00201500                xUSBInterruptQueue
                0x00201504                . = ALIGN (0x4)
                0x00201504                . = ALIGN (0x4)
                0x00201504                _end = .
                0x00201504                _bss_end__ = .
                0x00201504                __bss_end__ = .
                0x00201504                __end__ = .
                0x00201504                PROVIDE (end, .)
OUTPUT(openbeacon-recive-pack.elf elf32-littlearm)

.debug_abbrev   0x00000000     0x2ae6
 .debug_abbrev  0x00000000      0x196 application/main.o
 .debug_abbrev  0x00000196       0xa7 application/usbshell.o
 .debug_abbrev  0x0000023d        0x1 application/xxtea.o
 .debug_abbrev  0x0000023e      0x255 application/proto.o
 .debug_abbrev  0x00000493       0xaa ../core//openbeacon/crc32.o
 .debug_abbrev  0x0000053d       0x7f ../core//openbeacon/rnd.o
 .debug_abbrev  0x000005bc      0x136 ../core/openbeacon/dbgu.o
 .debug_abbrev  0x000006f2      0x23a ../core/openbeacon/syscalls.o
 .debug_abbrev  0x0000092c      0x181 ../core/openbeacon/led.o
 .debug_abbrev  0x00000aad      0x25e ../core/openbeacon/env.o
 .debug_abbrev  0x00000d0b       0x9e ../core/openbeacon/sort.o
 .debug_abbrev  0x00000da9      0x16e ../core/openbeacon/nRF24L01/nRF_API.o
 .debug_abbrev  0x00000f17      0x2c3 ../core/openbeacon/nRF24L01/nRF_CMD.o
 .debug_abbrev  0x000011da       0x95 ../core/os/boot/Cstartup_SAM7.o
 .debug_abbrev  0x0000126f      0x2b6 ../core/os/core/ARM7_AT91SAM7/lib_AT91SAM7.o
 .debug_abbrev  0x00001525       0xc9 ../core/os/core/list.o
 .debug_abbrev  0x000015ee      0x194 ../core/os/core/queue.o
 .debug_abbrev  0x00001782      0x267 ../core/os/core/tasks.o
 .debug_abbrev  0x000019e9      0x116 ../core/os/core/port.o
 .debug_abbrev  0x00001aff       0x72 ../core/os/core/portISR.o
 .debug_abbrev  0x00001b71       0x93 ../core/os/core/MemMang/heap_3.o
 .debug_abbrev  0x00001c04      0x300 ../core/os/usb/USB-CDC.o
 .debug_abbrev  0x00001f04       0xda ../core/os/usb/USBIsr.o
 .debug_abbrev  0x00001fde       0x10 /tmp/ccQEnySk.o
 .debug_abbrev  0x00001fee       0x14 /share/Studienarbeit/projects/openbeacon/arm/bin/../lib/gcc/arm-elf/4.1.0/libgcc.a(_udivsi3.o)
 .debug_abbrev  0x00002002       0x14 /share/Studienarbeit/projects/openbeacon/arm/bin/../lib/gcc/arm-elf/4.1.0/libgcc.a(_divsi3.o)
 .debug_abbrev  0x00002016       0x14 /share/Studienarbeit/projects/openbeacon/arm/bin/../lib/gcc/arm-elf/4.1.0/libgcc.a(_dvmd_tls.o)
 .debug_abbrev  0x0000202a      0x187 /share/Studienarbeit/projects/openbeacon/arm/bin/../lib/gcc/arm-elf/4.1.0/../../../../arm-elf/lib/libg.a(malloc.o)
 .debug_abbrev  0x000021b1      0x225 /share/Studienarbeit/projects/openbeacon/arm/bin/../lib/gcc/arm-elf/4.1.0/../../../../arm-elf/lib/libg.a(mallocr.o)
 .debug_abbrev  0x000023d6       0xa6 /share/Studienarbeit/projects/openbeacon/arm/bin/../lib/gcc/arm-elf/4.1.0/../../../../arm-elf/lib/libg.a(memcpy.o)
 .debug_abbrev  0x0000247c       0xa9 /share/Studienarbeit/projects/openbeacon/arm/bin/../lib/gcc/arm-elf/4.1.0/../../../../arm-elf/lib/libg.a(memset.o)
 .debug_abbrev  0x00002525      0x16a /share/Studienarbeit/projects/openbeacon/arm/bin/../lib/gcc/arm-elf/4.1.0/../../../../arm-elf/lib/libg.a(mlock.o)
 .debug_abbrev  0x0000268f       0x8b /share/Studienarbeit/projects/openbeacon/arm/bin/../lib/gcc/arm-elf/4.1.0/../../../../arm-elf/lib/libg.a(strlen.o)
 .debug_abbrev  0x0000271a       0x8d /share/Studienarbeit/projects/openbeacon/arm/bin/../lib/gcc/arm-elf/4.1.0/../../../../arm-elf/lib/libg.a(strncpy.o)
 .debug_abbrev  0x000027a7      0x1e8 /share/Studienarbeit/projects/openbeacon/arm/bin/../lib/gcc/arm-elf/4.1.0/../../../../arm-elf/lib/libg.a(freer.o)
 .debug_abbrev  0x0000298f      0x157 /share/Studienarbeit/projects/openbeacon/arm/bin/../lib/gcc/arm-elf/4.1.0/../../../../arm-elf/lib/libg.a(impure.o)

.debug_info     0x00000000     0xb6ba
 .debug_info    0x00000000      0x299 application/main.o
 .debug_info    0x00000299      0x127 application/usbshell.o
 .debug_info    0x000003c0      0x772 application/proto.o
 .debug_info    0x00000b32       0xf0 ../core//openbeacon/crc32.o
 .debug_info    0x00000c22       0xb3 ../core//openbeacon/rnd.o
 .debug_info    0x00000cd5      0x5e6 ../core/openbeacon/dbgu.o
 .debug_info    0x000012bb      0xd2b ../core/openbeacon/syscalls.o
 .debug_info    0x00001fe6      0x5bd ../core/openbeacon/led.o
 .debug_info    0x000025a3      0x4bc ../core/openbeacon/env.o
 .debug_info    0x00002a5f       0xcf ../core/openbeacon/sort.o
 .debug_info    0x00002b2e      0x57d ../core/openbeacon/nRF24L01/nRF_API.o
 .debug_info    0x000030ab      0xdea ../core/openbeacon/nRF24L01/nRF_CMD.o
 .debug_info    0x00003e95      0x201 ../core/os/boot/Cstartup_SAM7.o
 .debug_info    0x00004096     0x1623 ../core/os/core/ARM7_AT91SAM7/lib_AT91SAM7.o
 .debug_info    0x000056b9      0x28b ../core/os/core/list.o
 .debug_info    0x00005944      0x73b ../core/os/core/queue.o
 .debug_info    0x0000607f      0xc30 ../core/os/core/tasks.o
 .debug_info    0x00006caf      0x1ac ../core/os/core/port.o
 .debug_info    0x00006e5b       0xf6 ../core/os/core/portISR.o
 .debug_info    0x00006f51       0xd4 ../core/os/core/MemMang/heap_3.o
 .debug_info    0x00007025      0xac4 ../core/os/usb/USB-CDC.o
 .debug_info    0x00007ae9      0x186 ../core/os/usb/USBIsr.o
 .debug_info    0x00007c6f       0x84 /tmp/ccQEnySk.o
 .debug_info    0x00007cf3       0x88 /share/Studienarbeit/projects/openbeacon/arm/bin/../lib/gcc/arm-elf/4.1.0/libgcc.a(_udivsi3.o)
 .debug_info    0x00007d7b       0x88 /share/Studienarbeit/projects/openbeacon/arm/bin/../lib/gcc/arm-elf/4.1.0/libgcc.a(_divsi3.o)
 .debug_info    0x00007e03       0x88 /share/Studienarbeit/projects/openbeacon/arm/bin/../lib/gcc/arm-elf/4.1.0/libgcc.a(_dvmd_tls.o)
 .debug_info    0x00007e8b      0x953 /share/Studienarbeit/projects/openbeacon/arm/bin/../lib/gcc/arm-elf/4.1.0/../../../../arm-elf/lib/libg.a(malloc.o)
 .debug_info    0x000087de      0xcba /share/Studienarbeit/projects/openbeacon/arm/bin/../lib/gcc/arm-elf/4.1.0/../../../../arm-elf/lib/libg.a(mallocr.o)
 .debug_info    0x00009498      0x10a /share/Studienarbeit/projects/openbeacon/arm/bin/../lib/gcc/arm-elf/4.1.0/../../../../arm-elf/lib/libg.a(memcpy.o)
 .debug_info    0x000095a2      0x10e /share/Studienarbeit/projects/openbeacon/arm/bin/../lib/gcc/arm-elf/4.1.0/../../../../arm-elf/lib/libg.a(memset.o)
 .debug_info    0x000096b0      0x93c /share/Studienarbeit/projects/openbeacon/arm/bin/../lib/gcc/arm-elf/4.1.0/../../../../arm-elf/lib/libg.a(mlock.o)
 .debug_info    0x00009fec       0xd4 /share/Studienarbeit/projects/openbeacon/arm/bin/../lib/gcc/arm-elf/4.1.0/../../../../arm-elf/lib/libg.a(strlen.o)
 .debug_info    0x0000a0c0      0x127 /share/Studienarbeit/projects/openbeacon/arm/bin/../lib/gcc/arm-elf/4.1.0/../../../../arm-elf/lib/libg.a(strncpy.o)
 .debug_info    0x0000a1e7      0xbb1 /share/Studienarbeit/projects/openbeacon/arm/bin/../lib/gcc/arm-elf/4.1.0/../../../../arm-elf/lib/libg.a(freer.o)
 .debug_info    0x0000ad98      0x922 /share/Studienarbeit/projects/openbeacon/arm/bin/../lib/gcc/arm-elf/4.1.0/../../../../arm-elf/lib/libg.a(impure.o)

.debug_line     0x00000000     0x3001
 .debug_line    0x00000000       0xfa application/main.o
 .debug_line    0x000000fa       0x66 application/usbshell.o
 .debug_line    0x00000160       0x1a application/xxtea.o
 .debug_line    0x0000017a      0x1eb application/proto.o
 .debug_line    0x00000365       0x85 ../core//openbeacon/crc32.o
 .debug_line    0x000003ea       0x89 ../core//openbeacon/rnd.o
 .debug_line    0x00000473       0xf1 ../core/openbeacon/dbgu.o
 .debug_line    0x00000564      0x263 ../core/openbeacon/syscalls.o
 .debug_line    0x000007c7      0x11a ../core/openbeacon/led.o
 .debug_line    0x000008e1      0x154 ../core/openbeacon/env.o
 .debug_line    0x00000a35       0x61 ../core/openbeacon/sort.o
 .debug_line    0x00000a96      0x282 ../core/openbeacon/nRF24L01/nRF_API.o
 .debug_line    0x00000d18      0x32b ../core/openbeacon/nRF24L01/nRF_CMD.o
 .debug_line    0x00001043       0x92 ../core/os/boot/Cstartup_SAM7.o
 .debug_line    0x000010d5      0x303 ../core/os/core/ARM7_AT91SAM7/lib_AT91SAM7.o
 .debug_line    0x000013d8      0x106 ../core/os/core/list.o
 .debug_line    0x000014de      0x338 ../core/os/core/queue.o
 .debug_line    0x00001816      0x483 ../core/os/core/tasks.o
 .debug_line    0x00001c99      0x12c ../core/os/core/port.o
 .debug_line    0x00001dc5       0xbc ../core/os/core/portISR.o
 .debug_line    0x00001e81       0xc5 ../core/os/core/MemMang/heap_3.o
 .debug_line    0x00001f46      0x37d ../core/os/usb/USB-CDC.o
 .debug_line    0x000022c3       0xd8 ../core/os/usb/USBIsr.o
 .debug_line    0x0000239b       0x8a /tmp/ccQEnySk.o
 .debug_line    0x00002425       0x8d /share/Studienarbeit/projects/openbeacon/arm/bin/../lib/gcc/arm-elf/4.1.0/libgcc.a(_udivsi3.o)
 .debug_line    0x000024b2       0x99 /share/Studienarbeit/projects/openbeacon/arm/bin/../lib/gcc/arm-elf/4.1.0/libgcc.a(_divsi3.o)
 .debug_line    0x0000254b       0x61 /share/Studienarbeit/projects/openbeacon/arm/bin/../lib/gcc/arm-elf/4.1.0/libgcc.a(_dvmd_tls.o)
 .debug_line    0x000025ac      0x118 /share/Studienarbeit/projects/openbeacon/arm/bin/../lib/gcc/arm-elf/4.1.0/../../../../arm-elf/lib/libg.a(malloc.o)
 .debug_line    0x000026c4      0x247 /share/Studienarbeit/projects/openbeacon/arm/bin/../lib/gcc/arm-elf/4.1.0/../../../../arm-elf/lib/libg.a(mallocr.o)
 .debug_line    0x0000290b       0xcb /share/Studienarbeit/projects/openbeacon/arm/bin/../lib/gcc/arm-elf/4.1.0/../../../../arm-elf/lib/libg.a(memcpy.o)
 .debug_line    0x000029d6       0xd3 /share/Studienarbeit/projects/openbeacon/arm/bin/../lib/gcc/arm-elf/4.1.0/../../../../arm-elf/lib/libg.a(memset.o)
 .debug_line    0x00002aa9      0x110 /share/Studienarbeit/projects/openbeacon/arm/bin/../lib/gcc/arm-elf/4.1.0/../../../../arm-elf/lib/libg.a(mlock.o)
 .debug_line    0x00002bb9       0xaf /share/Studienarbeit/projects/openbeacon/arm/bin/../lib/gcc/arm-elf/4.1.0/../../../../arm-elf/lib/libg.a(strlen.o)
 .debug_line    0x00002c68       0xd5 /share/Studienarbeit/projects/openbeacon/arm/bin/../lib/gcc/arm-elf/4.1.0/../../../../arm-elf/lib/libg.a(strncpy.o)
 .debug_line    0x00002d3d      0x1c6 /share/Studienarbeit/projects/openbeacon/arm/bin/../lib/gcc/arm-elf/4.1.0/../../../../arm-elf/lib/libg.a(freer.o)
 .debug_line    0x00002f03       0xfe /share/Studienarbeit/projects/openbeacon/arm/bin/../lib/gcc/arm-elf/4.1.0/../../../../arm-elf/lib/libg.a(impure.o)

.debug_frame    0x00000000     0x1238
 .debug_frame   0x00000000       0x44 application/main.o
 .debug_frame   0x00000044       0x38 application/usbshell.o
 .debug_frame   0x0000007c       0xfc application/proto.o
 .debug_frame   0x00000178       0x2c ../core//openbeacon/crc32.o
 .debug_frame   0x000001a4       0x3c ../core//openbeacon/rnd.o
 .debug_frame   0x000001e0       0x48 ../core/openbeacon/dbgu.o
 .debug_frame   0x00000228       0xac ../core/openbeacon/syscalls.o
 .debug_frame   0x000002d4       0x50 ../core/openbeacon/led.o
 .debug_frame   0x00000324       0x7c ../core/openbeacon/env.o
 .debug_frame   0x000003a0       0x2c ../core/openbeacon/sort.o
 .debug_frame   0x000003cc      0x24c ../core/openbeacon/nRF24L01/nRF_API.o
 .debug_frame   0x00000618      0x1a0 ../core/openbeacon/nRF24L01/nRF_CMD.o
 .debug_frame   0x000007b8       0x28 ../core/os/boot/Cstartup_SAM7.o
 .debug_frame   0x000007e0      0x16c ../core/os/core/ARM7_AT91SAM7/lib_AT91SAM7.o
 .debug_frame   0x0000094c       0x68 ../core/os/core/list.o
 .debug_frame   0x000009b4      0x15c ../core/os/core/queue.o
 .debug_frame   0x00000b10      0x2b4 ../core/os/core/tasks.o
 .debug_frame   0x00000dc4       0x60 ../core/os/core/port.o
 .debug_frame   0x00000e24       0x80 ../core/os/core/portISR.o
 .debug_frame   0x00000ea4       0x40 ../core/os/core/MemMang/heap_3.o
 .debug_frame   0x00000ee4      0x148 ../core/os/usb/USB-CDC.o
 .debug_frame   0x0000102c       0x3c ../core/os/usb/USBIsr.o
 .debug_frame   0x00001068       0x28 /share/Studienarbeit/projects/openbeacon/arm/bin/../lib/gcc/arm-elf/4.1.0/libgcc.a(_udivsi3.o)
 .debug_frame   0x00001090       0x28 /share/Studienarbeit/projects/openbeacon/arm/bin/../lib/gcc/arm-elf/4.1.0/libgcc.a(_divsi3.o)
 .debug_frame   0x000010b8       0x30 /share/Studienarbeit/projects/openbeacon/arm/bin/../lib/gcc/arm-elf/4.1.0/../../../../arm-elf/lib/libg.a(malloc.o)
 .debug_frame   0x000010e8       0x38 /share/Studienarbeit/projects/openbeacon/arm/bin/../lib/gcc/arm-elf/4.1.0/../../../../arm-elf/lib/libg.a(mallocr.o)
 .debug_frame   0x00001120       0x28 /share/Studienarbeit/projects/openbeacon/arm/bin/../lib/gcc/arm-elf/4.1.0/../../../../arm-elf/lib/libg.a(memcpy.o)
 .debug_frame   0x00001148       0x20 /share/Studienarbeit/projects/openbeacon/arm/bin/../lib/gcc/arm-elf/4.1.0/../../../../arm-elf/lib/libg.a(memset.o)
 .debug_frame   0x00001168       0x30 /share/Studienarbeit/projects/openbeacon/arm/bin/../lib/gcc/arm-elf/4.1.0/../../../../arm-elf/lib/libg.a(mlock.o)
 .debug_frame   0x00001198       0x20 /share/Studienarbeit/projects/openbeacon/arm/bin/../lib/gcc/arm-elf/4.1.0/../../../../arm-elf/lib/libg.a(strlen.o)
 .debug_frame   0x000011b8       0x2c /share/Studienarbeit/projects/openbeacon/arm/bin/../lib/gcc/arm-elf/4.1.0/../../../../arm-elf/lib/libg.a(strncpy.o)
 .debug_frame   0x000011e4       0x54 /share/Studienarbeit/projects/openbeacon/arm/bin/../lib/gcc/arm-elf/4.1.0/../../../../arm-elf/lib/libg.a(freer.o)

.debug_loc      0x00000000     0x3abc
 .debug_loc     0x00000000       0x1f application/main.o
 .debug_loc     0x0000001f       0x2b application/usbshell.o
 .debug_loc     0x0000004a      0x215 application/proto.o
 .debug_loc     0x0000025f       0xb8 ../core//openbeacon/crc32.o
 .debug_loc     0x00000317       0x1f ../core//openbeacon/rnd.o
 .debug_loc     0x00000336       0xa8 ../core/openbeacon/dbgu.o
 .debug_loc     0x000003de      0x1f6 ../core/openbeacon/syscalls.o
 .debug_loc     0x000005d4       0x72 ../core/openbeacon/led.o
 .debug_loc     0x00000646       0xf0 ../core/openbeacon/env.o
 .debug_loc     0x00000736       0x66 ../core/openbeacon/sort.o
 .debug_loc     0x0000079c      0x4e6 ../core/openbeacon/nRF24L01/nRF_API.o
 .debug_loc     0x00000c82      0x3ca ../core/openbeacon/nRF24L01/nRF_CMD.o
 .debug_loc     0x0000104c       0x1f ../core/os/boot/Cstartup_SAM7.o
 .debug_loc     0x0000106b      0x5b2 ../core/os/core/ARM7_AT91SAM7/lib_AT91SAM7.o
 .debug_loc     0x0000161d       0x1f ../core/os/core/list.o
 .debug_loc     0x0000163c      0x5f2 ../core/os/core/queue.o
 .debug_loc     0x00001c2e      0x7af ../core/os/core/tasks.o
 .debug_loc     0x000023dd      0x14f ../core/os/core/port.o
 .debug_loc     0x0000252c       0x7a ../core/os/core/MemMang/heap_3.o
 .debug_loc     0x000025a6      0x5fa ../core/os/usb/USB-CDC.o
 .debug_loc     0x00002ba0       0x92 ../core/os/usb/USBIsr.o
 .debug_loc     0x00002c32       0x3c /share/Studienarbeit/projects/openbeacon/arm/bin/../lib/gcc/arm-elf/4.1.0/../../../../arm-elf/lib/libg.a(malloc.o)
 .debug_loc     0x00002c6e      0x795 /share/Studienarbeit/projects/openbeacon/arm/bin/../lib/gcc/arm-elf/4.1.0/../../../../arm-elf/lib/libg.a(mallocr.o)
 .debug_loc     0x00003403       0xdb /share/Studienarbeit/projects/openbeacon/arm/bin/../lib/gcc/arm-elf/4.1.0/../../../../arm-elf/lib/libg.a(memcpy.o)
 .debug_loc     0x000034de       0xa9 /share/Studienarbeit/projects/openbeacon/arm/bin/../lib/gcc/arm-elf/4.1.0/../../../../arm-elf/lib/libg.a(memset.o)
 .debug_loc     0x00003587       0x47 /share/Studienarbeit/projects/openbeacon/arm/bin/../lib/gcc/arm-elf/4.1.0/../../../../arm-elf/lib/libg.a(strlen.o)
 .debug_loc     0x000035ce      0x15f /share/Studienarbeit/projects/openbeacon/arm/bin/../lib/gcc/arm-elf/4.1.0/../../../../arm-elf/lib/libg.a(strncpy.o)
 .debug_loc     0x0000372d      0x38f /share/Studienarbeit/projects/openbeacon/arm/bin/../lib/gcc/arm-elf/4.1.0/../../../../arm-elf/lib/libg.a(freer.o)

.debug_pubnames
                0x00000000     0x11c0
 .debug_pubnames
                0x00000000       0x55 application/main.o
 .debug_pubnames
                0x00000055       0x3e application/usbshell.o
 .debug_pubnames
                0x00000093       0xfa application/proto.o
 .debug_pubnames
                0x0000018d       0x1c ../core//openbeacon/crc32.o
 .debug_pubnames
                0x000001a9       0x2d ../core//openbeacon/rnd.o
 .debug_pubnames
                0x000001d6       0x3b ../core/openbeacon/dbgu.o
 .debug_pubnames
                0x00000211       0x6c ../core/openbeacon/syscalls.o
 .debug_pubnames
                0x0000027d       0x47 ../core/openbeacon/led.o
 .debug_pubnames
                0x000002c4       0x61 ../core/openbeacon/env.o
 .debug_pubnames
                0x00000325       0x1b ../core/openbeacon/sort.o
 .debug_pubnames
                0x00000340      0x25e ../core/openbeacon/nRF24L01/nRF_API.o
 .debug_pubnames
                0x0000059e      0x17d ../core/openbeacon/nRF24L01/nRF_CMD.o
 .debug_pubnames
                0x0000071b       0x29 ../core/os/boot/Cstartup_SAM7.o
 .debug_pubnames
                0x00000744      0x177 ../core/os/core/ARM7_AT91SAM7/lib_AT91SAM7.o
 .debug_pubnames
                0x000008bb       0x71 ../core/os/core/list.o
 .debug_pubnames
                0x0000092c      0x111 ../core/os/core/queue.o
 .debug_pubnames
                0x00000a3d      0x219 ../core/os/core/tasks.o
 .debug_pubnames
                0x00000c56       0x5a ../core/os/core/port.o
 .debug_pubnames
                0x00000cb0       0xdb ../core/os/core/portISR.o
 .debug_pubnames
                0x00000d8b       0x31 ../core/os/core/MemMang/heap_3.o
 .debug_pubnames
                0x00000dbc      0x1bd ../core/os/usb/USB-CDC.o
 .debug_pubnames
                0x00000f79       0x3c ../core/os/usb/USBIsr.o
 .debug_pubnames
                0x00000fb5       0x26 /share/Studienarbeit/projects/openbeacon/arm/bin/../lib/gcc/arm-elf/4.1.0/../../../../arm-elf/lib/libg.a(malloc.o)
 .debug_pubnames
                0x00000fdb       0xce /share/Studienarbeit/projects/openbeacon/arm/bin/../lib/gcc/arm-elf/4.1.0/../../../../arm-elf/lib/libg.a(mallocr.o)
 .debug_pubnames
                0x000010a9       0x1d /share/Studienarbeit/projects/openbeacon/arm/bin/../lib/gcc/arm-elf/4.1.0/../../../../arm-elf/lib/libg.a(memcpy.o)
 .debug_pubnames
                0x000010c6       0x1d /share/Studienarbeit/projects/openbeacon/arm/bin/../lib/gcc/arm-elf/4.1.0/../../../../arm-elf/lib/libg.a(memset.o)
 .debug_pubnames
                0x000010e3       0x38 /share/Studienarbeit/projects/openbeacon/arm/bin/../lib/gcc/arm-elf/4.1.0/../../../../arm-elf/lib/libg.a(mlock.o)
 .debug_pubnames
                0x0000111b       0x1d /share/Studienarbeit/projects/openbeacon/arm/bin/../lib/gcc/arm-elf/4.1.0/../../../../arm-elf/lib/libg.a(strlen.o)
 .debug_pubnames
                0x00001138       0x1e /share/Studienarbeit/projects/openbeacon/arm/bin/../lib/gcc/arm-elf/4.1.0/../../../../arm-elf/lib/libg.a(strncpy.o)
 .debug_pubnames
                0x00001156       0x31 /share/Studienarbeit/projects/openbeacon/arm/bin/../lib/gcc/arm-elf/4.1.0/../../../../arm-elf/lib/libg.a(freer.o)
 .debug_pubnames
                0x00001187       0x39 /share/Studienarbeit/projects/openbeacon/arm/bin/../lib/gcc/arm-elf/4.1.0/../../../../arm-elf/lib/libg.a(impure.o)

.debug_aranges  0x00000000      0x968
 .debug_aranges
                0x00000000       0x38 application/main.o
 .debug_aranges
                0x00000038       0x30 application/usbshell.o
 .debug_aranges
                0x00000068       0x68 application/proto.o
 .debug_aranges
                0x000000d0       0x28 ../core//openbeacon/crc32.o
 .debug_aranges
                0x000000f8       0x30 ../core//openbeacon/rnd.o
 .debug_aranges
                0x00000128       0x30 ../core/openbeacon/dbgu.o
 .debug_aranges
                0x00000158       0x60 ../core/openbeacon/syscalls.o
 .debug_aranges
                0x000001b8       0x38 ../core/openbeacon/led.o
 .debug_aranges
                0x000001f0       0x48 ../core/openbeacon/env.o
 .debug_aranges
                0x00000238       0x28 ../core/openbeacon/sort.o
 .debug_aranges
                0x00000260       0xf8 ../core/openbeacon/nRF24L01/nRF_API.o
 .debug_aranges
                0x00000358       0xa0 ../core/openbeacon/nRF24L01/nRF_CMD.o
 .debug_aranges
                0x000003f8       0x28 ../core/os/boot/Cstartup_SAM7.o
 .debug_aranges
                0x00000420       0x98 ../core/os/core/ARM7_AT91SAM7/lib_AT91SAM7.o
 .debug_aranges
                0x000004b8       0x48 ../core/os/core/list.o
 .debug_aranges
                0x00000500       0x88 ../core/os/core/queue.o
 .debug_aranges
                0x00000588       0xe8 ../core/os/core/tasks.o
 .debug_aranges
                0x00000670       0x38 ../core/os/core/port.o
 .debug_aranges
                0x000006a8       0x58 ../core/os/core/portISR.o
 .debug_aranges
                0x00000700       0x30 ../core/os/core/MemMang/heap_3.o
 .debug_aranges
                0x00000730       0x80 ../core/os/usb/USB-CDC.o
 .debug_aranges
                0x000007b0       0x30 ../core/os/usb/USBIsr.o
 .debug_aranges
                0x000007e0       0x28 /tmp/ccQEnySk.o
 .debug_aranges
                0x00000808       0x20 /share/Studienarbeit/projects/openbeacon/arm/bin/../lib/gcc/arm-elf/4.1.0/libgcc.a(_udivsi3.o)
 .debug_aranges
                0x00000828       0x20 /share/Studienarbeit/projects/openbeacon/arm/bin/../lib/gcc/arm-elf/4.1.0/libgcc.a(_divsi3.o)
 .debug_aranges
                0x00000848       0x20 /share/Studienarbeit/projects/openbeacon/arm/bin/../lib/gcc/arm-elf/4.1.0/libgcc.a(_dvmd_tls.o)
 .debug_aranges
                0x00000868       0x20 /share/Studienarbeit/projects/openbeacon/arm/bin/../lib/gcc/arm-elf/4.1.0/../../../../arm-elf/lib/libg.a(malloc.o)
 .debug_aranges
                0x00000888       0x20 /share/Studienarbeit/projects/openbeacon/arm/bin/../lib/gcc/arm-elf/4.1.0/../../../../arm-elf/lib/libg.a(mallocr.o)
 .debug_aranges
                0x000008a8       0x20 /share/Studienarbeit/projects/openbeacon/arm/bin/../lib/gcc/arm-elf/4.1.0/../../../../arm-elf/lib/libg.a(memcpy.o)
 .debug_aranges
                0x000008c8       0x20 /share/Studienarbeit/projects/openbeacon/arm/bin/../lib/gcc/arm-elf/4.1.0/../../../../arm-elf/lib/libg.a(memset.o)
 .debug_aranges
                0x000008e8       0x20 /share/Studienarbeit/projects/openbeacon/arm/bin/../lib/gcc/arm-elf/4.1.0/../../../../arm-elf/lib/libg.a(mlock.o)
 .debug_aranges
                0x00000908       0x20 /share/Studienarbeit/projects/openbeacon/arm/bin/../lib/gcc/arm-elf/4.1.0/../../../../arm-elf/lib/libg.a(strlen.o)
 .debug_aranges
                0x00000928       0x20 /share/Studienarbeit/projects/openbeacon/arm/bin/../lib/gcc/arm-elf/4.1.0/../../../../arm-elf/lib/libg.a(strncpy.o)
 .debug_aranges
                0x00000948       0x20 /share/Studienarbeit/projects/openbeacon/arm/bin/../lib/gcc/arm-elf/4.1.0/../../../../arm-elf/lib/libg.a(freer.o)

.debug_ranges   0x00000000      0x700
 .debug_ranges  0x00000000       0x40 application/main.o
 .debug_ranges  0x00000040       0x58 application/proto.o
 .debug_ranges  0x00000098       0x78 ../core/openbeacon/dbgu.o
 .debug_ranges  0x00000110       0x60 ../core/openbeacon/led.o
 .debug_ranges  0x00000170       0x48 ../core/openbeacon/env.o
 .debug_ranges  0x000001b8      0x100 ../core/openbeacon/nRF24L01/nRF_CMD.o
 .debug_ranges  0x000002b8      0x1a8 ../core/os/core/ARM7_AT91SAM7/lib_AT91SAM7.o
 .debug_ranges  0x00000460       0xf0 ../core/os/core/tasks.o
 .debug_ranges  0x00000550      0x160 ../core/os/usb/USB-CDC.o
 .debug_ranges  0x000006b0       0x50 /share/Studienarbeit/projects/openbeacon/arm/bin/../lib/gcc/arm-elf/4.1.0/../../../../arm-elf/lib/libg.a(mallocr.o)

.debug_str      0x00000000     0x3306
 .debug_str     0x00000000      0x1cf application/main.o
                                0x22c (size before relaxing)
 .debug_str     0x000001cf       0x41 application/usbshell.o
                                0x161 (size before relaxing)
 .debug_str     0x00000210      0x237 application/proto.o
                                0x403 (size before relaxing)
 .debug_str     0x00000447       0x2e ../core//openbeacon/crc32.o
                                 0xe8 (size before relaxing)
 .debug_str     0x00000475       0x4b ../core//openbeacon/rnd.o
                                 0xfc (size before relaxing)
 .debug_str     0x000004c0      0x2dd ../core/openbeacon/dbgu.o
                                0x382 (size before relaxing)
 .debug_str     0x0000079d      0x4d1 ../core/openbeacon/syscalls.o
                                0x5f1 (size before relaxing)
 .debug_str     0x00000c6e       0xaf ../core/openbeacon/led.o
                                0x311 (size before relaxing)
 .debug_str     0x00000d1d      0x13a ../core/openbeacon/env.o
                                0x2b7 (size before relaxing)
 .debug_str     0x00000e57       0x2a ../core/openbeacon/sort.o
                                 0xdf (size before relaxing)
 .debug_str     0x00000e81      0x25d ../core/openbeacon/nRF24L01/nRF_API.o
                                0x356 (size before relaxing)
 .debug_str     0x000010de      0x43b ../core/openbeacon/nRF24L01/nRF_CMD.o
                                0x737 (size before relaxing)
 .debug_str     0x00001519       0x33 ../core/os/boot/Cstartup_SAM7.o
                                0x19a (size before relaxing)
 .debug_str     0x0000154c      0x71b ../core/os/core/ARM7_AT91SAM7/lib_AT91SAM7.o
                                0xa9b (size before relaxing)
 .debug_str     0x00001c67      0x142 ../core/os/core/list.o
                                0x21e (size before relaxing)
 .debug_str     0x00001da9      0x2cb ../core/os/core/queue.o
                                0x47d (size before relaxing)
 .debug_str     0x00002074      0x56f ../core/os/core/tasks.o
                                0x75d (size before relaxing)
 .debug_str     0x000025e3       0xc5 ../core/os/core/port.o
                                0x1c1 (size before relaxing)
 .debug_str     0x000026a8       0xb1 ../core/os/core/portISR.o
                                0x151 (size before relaxing)
 .debug_str     0x00002759       0x4d ../core/os/core/MemMang/heap_3.o
                                0x12a (size before relaxing)
 .debug_str     0x000027a6      0x57f ../core/os/usb/USB-CDC.o
                                0x6d0 (size before relaxing)
 .debug_str     0x00002d25       0x61 ../core/os/usb/USBIsr.o
                                0x19f (size before relaxing)
 .debug_str     0x00002d86       0x90 /share/Studienarbeit/projects/openbeacon/arm/bin/../lib/gcc/arm-elf/4.1.0/../../../../arm-elf/lib/libg.a(malloc.o)
                                0x4cf (size before relaxing)
 .debug_str     0x00002e16      0x207 /share/Studienarbeit/projects/openbeacon/arm/bin/../lib/gcc/arm-elf/4.1.0/../../../../arm-elf/lib/libg.a(mallocr.o)
                                0x6b0 (size before relaxing)
 .debug_str     0x0000301d       0xb4 /share/Studienarbeit/projects/openbeacon/arm/bin/../lib/gcc/arm-elf/4.1.0/../../../../arm-elf/lib/libg.a(memcpy.o)
                                 0xe7 (size before relaxing)
 .debug_str     0x000030d1       0x54 /share/Studienarbeit/projects/openbeacon/arm/bin/../lib/gcc/arm-elf/4.1.0/../../../../arm-elf/lib/libg.a(memset.o)
                                0x131 (size before relaxing)
 .debug_str     0x00003125       0x72 /share/Studienarbeit/projects/openbeacon/arm/bin/../lib/gcc/arm-elf/4.1.0/../../../../arm-elf/lib/libg.a(mlock.o)
                                0x4d6 (size before relaxing)
 .debug_str     0x00003197       0x47 /share/Studienarbeit/projects/openbeacon/arm/bin/../lib/gcc/arm-elf/4.1.0/../../../../arm-elf/lib/libg.a(strlen.o)
                                0x130 (size before relaxing)
 .debug_str     0x000031de       0x49 /share/Studienarbeit/projects/openbeacon/arm/bin/../lib/gcc/arm-elf/4.1.0/../../../../arm-elf/lib/libg.a(strncpy.o)
                                0x147 (size before relaxing)
 .debug_str     0x00003227       0x3c /share/Studienarbeit/projects/openbeacon/arm/bin/../lib/gcc/arm-elf/4.1.0/../../../../arm-elf/lib/libg.a(freer.o)
                                0x602 (size before relaxing)
 .debug_str     0x00003263       0xa3 /share/Studienarbeit/projects/openbeacon/arm/bin/../lib/gcc/arm-elf/4.1.0/../../../../arm-elf/lib/libg.a(impure.o)
                                0x4cd (size before relaxing)

.comment        0x00000000      0x240
 .comment       0x00000000       0x12 application/main.o
 .comment       0x00000012       0x12 application/usbshell.o
 .comment       0x00000024       0x12 application/xxtea.o
 .comment       0x00000036       0x12 application/proto.o
 .comment       0x00000048       0x12 ../core//openbeacon/crc32.o
 .comment       0x0000005a       0x12 ../core//openbeacon/rnd.o
 .comment       0x0000006c       0x12 ../core/openbeacon/dbgu.o
 .comment       0x0000007e       0x12 ../core/openbeacon/syscalls.o
 .comment       0x00000090       0x12 ../core/openbeacon/led.o
 .comment       0x000000a2       0x12 ../core/openbeacon/env.o
 .comment       0x000000b4       0x12 ../core/openbeacon/sort.o
 .comment       0x000000c6       0x12 ../core/openbeacon/nRF24L01/nRF_API.o
 .comment       0x000000d8       0x12 ../core/openbeacon/nRF24L01/nRF_CMD.o
 .comment       0x000000ea       0x12 ../core/os/boot/Cstartup_SAM7.o
 .comment       0x000000fc       0x12 ../core/os/core/ARM7_AT91SAM7/lib_AT91SAM7.o
 .comment       0x0000010e       0x12 ../core/os/core/list.o
 .comment       0x00000120       0x12 ../core/os/core/queue.o
 .comment       0x00000132       0x12 ../core/os/core/tasks.o
 .comment       0x00000144       0x12 ../core/os/core/port.o
 .comment       0x00000156       0x12 ../core/os/core/portISR.o
 .comment       0x00000168       0x12 ../core/os/core/MemMang/heap_3.o
 .comment       0x0000017a       0x12 ../core/os/usb/USB-CDC.o
 .comment       0x0000018c       0x12 ../core/os/usb/USBIsr.o
 .comment       0x0000019e       0x12 /share/Studienarbeit/projects/openbeacon/arm/bin/../lib/gcc/arm-elf/4.1.0/../../../../arm-elf/lib/libg.a(malloc.o)
 .comment       0x000001b0       0x12 /share/Studienarbeit/projects/openbeacon/arm/bin/../lib/gcc/arm-elf/4.1.0/../../../../arm-elf/lib/libg.a(mallocr.o)
 .comment       0x000001c2       0x12 /share/Studienarbeit/projects/openbeacon/arm/bin/../lib/gcc/arm-elf/4.1.0/../../../../arm-elf/lib/libg.a(memcpy.o)
 .comment       0x000001d4       0x12 /share/Studienarbeit/projects/openbeacon/arm/bin/../lib/gcc/arm-elf/4.1.0/../../../../arm-elf/lib/libg.a(memset.o)
 .comment       0x000001e6       0x12 /share/Studienarbeit/projects/openbeacon/arm/bin/../lib/gcc/arm-elf/4.1.0/../../../../arm-elf/lib/libg.a(mlock.o)
 .comment       0x000001f8       0x12 /share/Studienarbeit/projects/openbeacon/arm/bin/../lib/gcc/arm-elf/4.1.0/../../../../arm-elf/lib/libg.a(strlen.o)
 .comment       0x0000020a       0x12 /share/Studienarbeit/projects/openbeacon/arm/bin/../lib/gcc/arm-elf/4.1.0/../../../../arm-elf/lib/libg.a(strncpy.o)
 .comment       0x0000021c       0x12 /share/Studienarbeit/projects/openbeacon/arm/bin/../lib/gcc/arm-elf/4.1.0/../../../../arm-elf/lib/libg.a(freer.o)
 .comment       0x0000022e       0x12 /share/Studienarbeit/projects/openbeacon/arm/bin/../lib/gcc/arm-elf/4.1.0/../../../../arm-elf/lib/libg.a(impure.o)
